<?xml version="1.0" encoding="ISO-8859-1" ?>
<link_info>
   <banner>TMS320C2000 Linker PC v22.6.1.LTS</banner>
   <copyright>Copyright (c) 1996-2018 Texas Instruments Incorporated</copyright>
   <link_time>0x69c3544d</link_time>
   <link_errors>0x0</link_errors>
   <output_file>F28377D.out</output_file>
   <entry_point>
      <name>code_start</name>
      <address>0x80000</address>
   </entry_point>
   <input_file_list>
      <input_file id="fl-2">
         <path>.\syscfg\</path>
         <kind>object</kind>
         <file>board.obj</file>
         <name>board.obj</name>
      </input_file>
      <input_file id="fl-3">
         <path>.\syscfg\</path>
         <kind>object</kind>
         <file>c2000ware_libraries.obj</file>
         <name>c2000ware_libraries.obj</name>
      </input_file>
      <input_file id="fl-4">
         <path>.\</path>
         <kind>object</kind>
         <file>main.obj</file>
         <name>main.obj</name>
      </input_file>
      <input_file id="fl-5">
         <path>.\ECAT\</path>
         <kind>object</kind>
         <file>9252_HW.obj</file>
         <name>9252_HW.obj</name>
      </input_file>
      <input_file id="fl-6">
         <path>.\ECAT\</path>
         <kind>object</kind>
         <file>PIC32_EtherCAT_Slave.obj</file>
         <name>PIC32_EtherCAT_Slave.obj</name>
      </input_file>
      <input_file id="fl-7">
         <path>.\ECAT\</path>
         <kind>object</kind>
         <file>SPIDriver.obj</file>
         <name>SPIDriver.obj</name>
      </input_file>
      <input_file id="fl-8">
         <path>.\ECAT\</path>
         <kind>object</kind>
         <file>c2000_timer1_isr.obj</file>
         <name>c2000_timer1_isr.obj</name>
      </input_file>
      <input_file id="fl-9">
         <path>.\ECAT\src\</path>
         <kind>object</kind>
         <file>coeappl.obj</file>
         <name>coeappl.obj</name>
      </input_file>
      <input_file id="fl-a">
         <path>.\ECAT\src\</path>
         <kind>object</kind>
         <file>ecatappl.obj</file>
         <name>ecatappl.obj</name>
      </input_file>
      <input_file id="fl-b">
         <path>.\ECAT\src\</path>
         <kind>object</kind>
         <file>ecatcoe.obj</file>
         <name>ecatcoe.obj</name>
      </input_file>
      <input_file id="fl-c">
         <path>.\ECAT\src\</path>
         <kind>object</kind>
         <file>ecateoe.obj</file>
         <name>ecateoe.obj</name>
      </input_file>
      <input_file id="fl-d">
         <path>.\ECAT\src\</path>
         <kind>object</kind>
         <file>ecatfoe.obj</file>
         <name>ecatfoe.obj</name>
      </input_file>
      <input_file id="fl-e">
         <path>.\ECAT\src\</path>
         <kind>object</kind>
         <file>ecatslv.obj</file>
         <name>ecatslv.obj</name>
      </input_file>
      <input_file id="fl-f">
         <path>.\ECAT\src\</path>
         <kind>object</kind>
         <file>emcy.obj</file>
         <name>emcy.obj</name>
      </input_file>
      <input_file id="fl-10">
         <path>.\ECAT\src\</path>
         <kind>object</kind>
         <file>eoeappl.obj</file>
         <name>eoeappl.obj</name>
      </input_file>
      <input_file id="fl-11">
         <path>.\ECAT\src\</path>
         <kind>object</kind>
         <file>foeappl.obj</file>
         <name>foeappl.obj</name>
      </input_file>
      <input_file id="fl-12">
         <path>.\ECAT\src\</path>
         <kind>object</kind>
         <file>mailbox.obj</file>
         <name>mailbox.obj</name>
      </input_file>
      <input_file id="fl-13">
         <path>.\ECAT\src\</path>
         <kind>object</kind>
         <file>objdef.obj</file>
         <name>objdef.obj</name>
      </input_file>
      <input_file id="fl-14">
         <path>.\ECAT\src\</path>
         <kind>object</kind>
         <file>sdoserv.obj</file>
         <name>sdoserv.obj</name>
      </input_file>
      <input_file id="fl-15">
         <path>.\device\</path>
         <kind>object</kind>
         <file>F2837xD_CodeStartBranch.obj</file>
         <name>F2837xD_CodeStartBranch.obj</name>
      </input_file>
      <input_file id="fl-16">
         <path>.\device\</path>
         <kind>object</kind>
         <file>device.obj</file>
         <name>device.obj</name>
      </input_file>
      <input_file id="fl-1b">
         <kind>object</kind>
         <file>&lt;internal&gt;</file>
         <name>&lt;internal&gt;</name>
      </input_file>
      <input_file id="fl-1f">
         <path>D:\software\ti\c2000\C2000Ware_6_00_01_00\driverlib\f2837xd\driverlib\ccs\Debug\</path>
         <kind>archive</kind>
         <file>driverlib_eabi.lib</file>
         <name>cputimer.obj</name>
      </input_file>
      <input_file id="fl-20">
         <path>D:\software\ti\c2000\C2000Ware_6_00_01_00\driverlib\f2837xd\driverlib\ccs\Debug\</path>
         <kind>archive</kind>
         <file>driverlib_eabi.lib</file>
         <name>flash.obj</name>
      </input_file>
      <input_file id="fl-21">
         <path>D:\software\ti\c2000\C2000Ware_6_00_01_00\driverlib\f2837xd\driverlib\ccs\Debug\</path>
         <kind>archive</kind>
         <file>driverlib_eabi.lib</file>
         <name>gpio.obj</name>
      </input_file>
      <input_file id="fl-22">
         <path>D:\software\ti\c2000\C2000Ware_6_00_01_00\driverlib\f2837xd\driverlib\ccs\Debug\</path>
         <kind>archive</kind>
         <file>driverlib_eabi.lib</file>
         <name>interrupt.obj</name>
      </input_file>
      <input_file id="fl-23">
         <path>D:\software\ti\c2000\C2000Ware_6_00_01_00\driverlib\f2837xd\driverlib\ccs\Debug\</path>
         <kind>archive</kind>
         <file>driverlib_eabi.lib</file>
         <name>spi.obj</name>
      </input_file>
      <input_file id="fl-24">
         <path>D:\software\ti\c2000\C2000Ware_6_00_01_00\driverlib\f2837xd\driverlib\ccs\Debug\</path>
         <kind>archive</kind>
         <file>driverlib_eabi.lib</file>
         <name>sysctl.obj</name>
      </input_file>
      <input_file id="fl-30">
         <path>D:\software\ti\ccs1281\ccs\tools\compiler\ti-cgt-c2000_22.6.1.LTS\lib\</path>
         <kind>archive</kind>
         <file>rts2800_fpu32_eabi.lib</file>
         <name>printf.c.obj</name>
      </input_file>
      <input_file id="fl-31">
         <path>D:\software\ti\ccs1281\ccs\tools\compiler\ti-cgt-c2000_22.6.1.LTS\lib\</path>
         <kind>archive</kind>
         <file>rts2800_fpu32_eabi.lib</file>
         <name>_printfi.c.obj</name>
      </input_file>
      <input_file id="fl-32">
         <path>D:\software\ti\ccs1281\ccs\tools\compiler\ti-cgt-c2000_22.6.1.LTS\lib\</path>
         <kind>archive</kind>
         <file>rts2800_fpu32_eabi.lib</file>
         <name>fputc.c.obj</name>
      </input_file>
      <input_file id="fl-33">
         <path>D:\software\ti\ccs1281\ccs\tools\compiler\ti-cgt-c2000_22.6.1.LTS\lib\</path>
         <kind>archive</kind>
         <file>rts2800_fpu32_eabi.lib</file>
         <name>fputs.c.obj</name>
      </input_file>
      <input_file id="fl-34">
         <path>D:\software\ti\ccs1281\ccs\tools\compiler\ti-cgt-c2000_22.6.1.LTS\lib\</path>
         <kind>archive</kind>
         <file>rts2800_fpu32_eabi.lib</file>
         <name>_io_perm.c.obj</name>
      </input_file>
      <input_file id="fl-35">
         <path>D:\software\ti\ccs1281\ccs\tools\compiler\ti-cgt-c2000_22.6.1.LTS\lib\</path>
         <kind>archive</kind>
         <file>rts2800_fpu32_eabi.lib</file>
         <name>setvbuf.c.obj</name>
      </input_file>
      <input_file id="fl-36">
         <path>D:\software\ti\ccs1281\ccs\tools\compiler\ti-cgt-c2000_22.6.1.LTS\lib\</path>
         <kind>archive</kind>
         <file>rts2800_fpu32_eabi.lib</file>
         <name>boot28.asm.obj</name>
      </input_file>
      <input_file id="fl-37">
         <path>D:\software\ti\ccs1281\ccs\tools\compiler\ti-cgt-c2000_22.6.1.LTS\lib\</path>
         <kind>archive</kind>
         <file>rts2800_fpu32_eabi.lib</file>
         <name>fd_cmp28.asm.obj</name>
      </input_file>
      <input_file id="fl-38">
         <path>D:\software\ti\ccs1281\ccs\tools\compiler\ti-cgt-c2000_22.6.1.LTS\lib\</path>
         <kind>archive</kind>
         <file>rts2800_fpu32_eabi.lib</file>
         <name>fd_mpy28.asm.obj</name>
      </input_file>
      <input_file id="fl-39">
         <path>D:\software\ti\ccs1281\ccs\tools\compiler\ti-cgt-c2000_22.6.1.LTS\lib\</path>
         <kind>archive</kind>
         <file>rts2800_fpu32_eabi.lib</file>
         <name>fd_neg28.asm.obj</name>
      </input_file>
      <input_file id="fl-3a">
         <path>D:\software\ti\ccs1281\ccs\tools\compiler\ti-cgt-c2000_22.6.1.LTS\lib\</path>
         <kind>archive</kind>
         <file>rts2800_fpu32_eabi.lib</file>
         <name>fd_sub28.asm.obj</name>
      </input_file>
      <input_file id="fl-3b">
         <path>D:\software\ti\ccs1281\ccs\tools\compiler\ti-cgt-c2000_22.6.1.LTS\lib\</path>
         <kind>archive</kind>
         <file>rts2800_fpu32_eabi.lib</file>
         <name>fd_toi28.asm.obj</name>
      </input_file>
      <input_file id="fl-3c">
         <path>D:\software\ti\ccs1281\ccs\tools\compiler\ti-cgt-c2000_22.6.1.LTS\lib\</path>
         <kind>archive</kind>
         <file>rts2800_fpu32_eabi.lib</file>
         <name>fd_tol28.asm.obj</name>
      </input_file>
      <input_file id="fl-3d">
         <path>D:\software\ti\ccs1281\ccs\tools\compiler\ti-cgt-c2000_22.6.1.LTS\lib\</path>
         <kind>archive</kind>
         <file>rts2800_fpu32_eabi.lib</file>
         <name>fs_div28.asm.obj</name>
      </input_file>
      <input_file id="fl-3e">
         <path>D:\software\ti\ccs1281\ccs\tools\compiler\ti-cgt-c2000_22.6.1.LTS\lib\</path>
         <kind>archive</kind>
         <file>rts2800_fpu32_eabi.lib</file>
         <name>ll_aox28.asm.obj</name>
      </input_file>
      <input_file id="fl-3f">
         <path>D:\software\ti\ccs1281\ccs\tools\compiler\ti-cgt-c2000_22.6.1.LTS\lib\</path>
         <kind>archive</kind>
         <file>rts2800_fpu32_eabi.lib</file>
         <name>ll_cmp28.asm.obj</name>
      </input_file>
      <input_file id="fl-40">
         <path>D:\software\ti\ccs1281\ccs\tools\compiler\ti-cgt-c2000_22.6.1.LTS\lib\</path>
         <kind>archive</kind>
         <file>rts2800_fpu32_eabi.lib</file>
         <name>ll_div28.asm.obj</name>
      </input_file>
      <input_file id="fl-41">
         <path>D:\software\ti\ccs1281\ccs\tools\compiler\ti-cgt-c2000_22.6.1.LTS\lib\</path>
         <kind>archive</kind>
         <file>rts2800_fpu32_eabi.lib</file>
         <name>i_tofd28.asm.obj</name>
      </input_file>
      <input_file id="fl-42">
         <path>D:\software\ti\ccs1281\ccs\tools\compiler\ti-cgt-c2000_22.6.1.LTS\lib\</path>
         <kind>archive</kind>
         <file>rts2800_fpu32_eabi.lib</file>
         <name>u_div28.asm.obj</name>
      </input_file>
      <input_file id="fl-43">
         <path>D:\software\ti\ccs1281\ccs\tools\compiler\ti-cgt-c2000_22.6.1.LTS\lib\</path>
         <kind>archive</kind>
         <file>rts2800_fpu32_eabi.lib</file>
         <name>l_tofd28.asm.obj</name>
      </input_file>
      <input_file id="fl-44">
         <path>D:\software\ti\ccs1281\ccs\tools\compiler\ti-cgt-c2000_22.6.1.LTS\lib\</path>
         <kind>archive</kind>
         <file>rts2800_fpu32_eabi.lib</file>
         <name>l_div28.asm.obj</name>
      </input_file>
      <input_file id="fl-45">
         <path>D:\software\ti\ccs1281\ccs\tools\compiler\ti-cgt-c2000_22.6.1.LTS\lib\</path>
         <kind>archive</kind>
         <file>rts2800_fpu32_eabi.lib</file>
         <name>fd_div28.asm.obj</name>
      </input_file>
      <input_file id="fl-46">
         <path>D:\software\ti\ccs1281\ccs\tools\compiler\ti-cgt-c2000_22.6.1.LTS\lib\</path>
         <kind>archive</kind>
         <file>rts2800_fpu32_eabi.lib</file>
         <name>memcpy.c.obj</name>
      </input_file>
      <input_file id="fl-47">
         <path>D:\software\ti\ccs1281\ccs\tools\compiler\ti-cgt-c2000_22.6.1.LTS\lib\</path>
         <kind>archive</kind>
         <file>rts2800_fpu32_eabi.lib</file>
         <name>pre_init.c.obj</name>
      </input_file>
      <input_file id="fl-48">
         <path>D:\software\ti\ccs1281\ccs\tools\compiler\ti-cgt-c2000_22.6.1.LTS\lib\</path>
         <kind>archive</kind>
         <file>rts2800_fpu32_eabi.lib</file>
         <name>autoinit.c.obj</name>
      </input_file>
      <input_file id="fl-49">
         <path>D:\software\ti\ccs1281\ccs\tools\compiler\ti-cgt-c2000_22.6.1.LTS\lib\</path>
         <kind>archive</kind>
         <file>rts2800_fpu32_eabi.lib</file>
         <name>copy_zero_init.c.obj</name>
      </input_file>
      <input_file id="fl-4a">
         <path>D:\software\ti\ccs1281\ccs\tools\compiler\ti-cgt-c2000_22.6.1.LTS\lib\</path>
         <kind>archive</kind>
         <file>rts2800_fpu32_eabi.lib</file>
         <name>copy_decompress_none.c.obj</name>
      </input_file>
      <input_file id="fl-4b">
         <path>D:\software\ti\ccs1281\ccs\tools\compiler\ti-cgt-c2000_22.6.1.LTS\lib\</path>
         <kind>archive</kind>
         <file>rts2800_fpu32_eabi.lib</file>
         <name>copy_decompress_lzss.c.obj</name>
      </input_file>
      <input_file id="fl-4c">
         <path>D:\software\ti\ccs1281\ccs\tools\compiler\ti-cgt-c2000_22.6.1.LTS\lib\</path>
         <kind>archive</kind>
         <file>rts2800_fpu32_eabi.lib</file>
         <name>exit.c.obj</name>
      </input_file>
      <input_file id="fl-4d">
         <path>D:\software\ti\ccs1281\ccs\tools\compiler\ti-cgt-c2000_22.6.1.LTS\lib\</path>
         <kind>archive</kind>
         <file>rts2800_fpu32_eabi.lib</file>
         <name>_lock.c.obj</name>
      </input_file>
      <input_file id="fl-4e">
         <path>D:\software\ti\ccs1281\ccs\tools\compiler\ti-cgt-c2000_22.6.1.LTS\lib\</path>
         <kind>archive</kind>
         <file>rts2800_fpu32_eabi.lib</file>
         <name>_ltoa.c.obj</name>
      </input_file>
      <input_file id="fl-4f">
         <path>D:\software\ti\ccs1281\ccs\tools\compiler\ti-cgt-c2000_22.6.1.LTS\lib\</path>
         <kind>archive</kind>
         <file>rts2800_fpu32_eabi.lib</file>
         <name>args_main.c.obj</name>
      </input_file>
      <input_file id="fl-50">
         <path>D:\software\ti\ccs1281\ccs\tools\compiler\ti-cgt-c2000_22.6.1.LTS\lib\</path>
         <kind>archive</kind>
         <file>rts2800_fpu32_eabi.lib</file>
         <name>atoi.c.obj</name>
      </input_file>
      <input_file id="fl-51">
         <path>D:\software\ti\ccs1281\ccs\tools\compiler\ti-cgt-c2000_22.6.1.LTS\lib\</path>
         <kind>archive</kind>
         <file>rts2800_fpu32_eabi.lib</file>
         <name>ctype.c.obj</name>
      </input_file>
      <input_file id="fl-52">
         <path>D:\software\ti\ccs1281\ccs\tools\compiler\ti-cgt-c2000_22.6.1.LTS\lib\</path>
         <kind>archive</kind>
         <file>rts2800_fpu32_eabi.lib</file>
         <name>defs.c.obj</name>
      </input_file>
      <input_file id="fl-53">
         <path>D:\software\ti\ccs1281\ccs\tools\compiler\ti-cgt-c2000_22.6.1.LTS\lib\</path>
         <kind>archive</kind>
         <file>rts2800_fpu32_eabi.lib</file>
         <name>memccpy.c.obj</name>
      </input_file>
      <input_file id="fl-54">
         <path>D:\software\ti\ccs1281\ccs\tools\compiler\ti-cgt-c2000_22.6.1.LTS\lib\</path>
         <kind>archive</kind>
         <file>rts2800_fpu32_eabi.lib</file>
         <name>memchr.c.obj</name>
      </input_file>
      <input_file id="fl-55">
         <path>D:\software\ti\ccs1281\ccs\tools\compiler\ti-cgt-c2000_22.6.1.LTS\lib\</path>
         <kind>archive</kind>
         <file>rts2800_fpu32_eabi.lib</file>
         <name>memcmp.c.obj</name>
      </input_file>
      <input_file id="fl-56">
         <path>D:\software\ti\ccs1281\ccs\tools\compiler\ti-cgt-c2000_22.6.1.LTS\lib\</path>
         <kind>archive</kind>
         <file>rts2800_fpu32_eabi.lib</file>
         <name>memory.c.obj</name>
      </input_file>
      <input_file id="fl-57">
         <path>D:\software\ti\ccs1281\ccs\tools\compiler\ti-cgt-c2000_22.6.1.LTS\lib\</path>
         <kind>archive</kind>
         <file>rts2800_fpu32_eabi.lib</file>
         <name>memset.c.obj</name>
      </input_file>
      <input_file id="fl-58">
         <path>D:\software\ti\ccs1281\ccs\tools\compiler\ti-cgt-c2000_22.6.1.LTS\lib\</path>
         <kind>archive</kind>
         <file>rts2800_fpu32_eabi.lib</file>
         <name>strchr.c.obj</name>
      </input_file>
      <input_file id="fl-59">
         <path>D:\software\ti\ccs1281\ccs\tools\compiler\ti-cgt-c2000_22.6.1.LTS\lib\</path>
         <kind>archive</kind>
         <file>rts2800_fpu32_eabi.lib</file>
         <name>strcpy.c.obj</name>
      </input_file>
      <input_file id="fl-5a">
         <path>D:\software\ti\ccs1281\ccs\tools\compiler\ti-cgt-c2000_22.6.1.LTS\lib\</path>
         <kind>archive</kind>
         <file>rts2800_fpu32_eabi.lib</file>
         <name>strlen.c.obj</name>
      </input_file>
      <input_file id="fl-5b">
         <path>D:\software\ti\ccs1281\ccs\tools\compiler\ti-cgt-c2000_22.6.1.LTS\lib\</path>
         <kind>archive</kind>
         <file>rts2800_fpu32_eabi.lib</file>
         <name>write.c.obj</name>
      </input_file>
      <input_file id="fl-5c">
         <path>D:\software\ti\ccs1281\ccs\tools\compiler\ti-cgt-c2000_22.6.1.LTS\lib\</path>
         <kind>archive</kind>
         <file>rts2800_fpu32_eabi.lib</file>
         <name>host_device.c.obj</name>
      </input_file>
      <input_file id="fl-5d">
         <path>D:\software\ti\ccs1281\ccs\tools\compiler\ti-cgt-c2000_22.6.1.LTS\lib\</path>
         <kind>archive</kind>
         <file>rts2800_fpu32_eabi.lib</file>
         <name>errno.c.obj</name>
      </input_file>
      <input_file id="fl-5e">
         <path>D:\software\ti\ccs1281\ccs\tools\compiler\ti-cgt-c2000_22.6.1.LTS\lib\</path>
         <kind>archive</kind>
         <file>rts2800_fpu32_eabi.lib</file>
         <name>s_frexp.c.obj</name>
      </input_file>
      <input_file id="fl-5f">
         <path>D:\software\ti\ccs1281\ccs\tools\compiler\ti-cgt-c2000_22.6.1.LTS\lib\</path>
         <kind>archive</kind>
         <file>rts2800_fpu32_eabi.lib</file>
         <name>s_scalbn.c.obj</name>
      </input_file>
      <input_file id="fl-60">
         <path>D:\software\ti\ccs1281\ccs\tools\compiler\ti-cgt-c2000_22.6.1.LTS\lib\</path>
         <kind>archive</kind>
         <file>rts2800_fpu32_eabi.lib</file>
         <name>wcslen.c.obj</name>
      </input_file>
      <input_file id="fl-61">
         <path>D:\software\ti\ccs1281\ccs\tools\compiler\ti-cgt-c2000_22.6.1.LTS\lib\</path>
         <kind>archive</kind>
         <file>rts2800_fpu32_eabi.lib</file>
         <name>fflush.c.obj</name>
      </input_file>
      <input_file id="fl-62">
         <path>D:\software\ti\ccs1281\ccs\tools\compiler\ti-cgt-c2000_22.6.1.LTS\lib\</path>
         <kind>archive</kind>
         <file>rts2800_fpu32_eabi.lib</file>
         <name>fopen.c.obj</name>
      </input_file>
      <input_file id="fl-63">
         <path>D:\software\ti\ccs1281\ccs\tools\compiler\ti-cgt-c2000_22.6.1.LTS\lib\</path>
         <kind>archive</kind>
         <file>rts2800_fpu32_eabi.lib</file>
         <name>fseek.c.obj</name>
      </input_file>
      <input_file id="fl-64">
         <path>D:\software\ti\ccs1281\ccs\tools\compiler\ti-cgt-c2000_22.6.1.LTS\lib\</path>
         <kind>archive</kind>
         <file>rts2800_fpu32_eabi.lib</file>
         <name>fd_add28.asm.obj</name>
      </input_file>
      <input_file id="fl-65">
         <path>D:\software\ti\ccs1281\ccs\tools\compiler\ti-cgt-c2000_22.6.1.LTS\lib\</path>
         <kind>archive</kind>
         <file>rts2800_fpu32_eabi.lib</file>
         <name>cpy_tbl.c.obj</name>
      </input_file>
      <input_file id="fl-66">
         <path>D:\software\ti\ccs1281\ccs\tools\compiler\ti-cgt-c2000_22.6.1.LTS\lib\</path>
         <kind>archive</kind>
         <file>rts2800_fpu32_eabi.lib</file>
         <name>startup.c.obj</name>
      </input_file>
      <input_file id="fl-67">
         <path>D:\software\ti\ccs1281\ccs\tools\compiler\ti-cgt-c2000_22.6.1.LTS\lib\</path>
         <kind>archive</kind>
         <file>rts2800_fpu32_eabi.lib</file>
         <name>hostclose.c.obj</name>
      </input_file>
      <input_file id="fl-68">
         <path>D:\software\ti\ccs1281\ccs\tools\compiler\ti-cgt-c2000_22.6.1.LTS\lib\</path>
         <kind>archive</kind>
         <file>rts2800_fpu32_eabi.lib</file>
         <name>hostlseek.c.obj</name>
      </input_file>
      <input_file id="fl-69">
         <path>D:\software\ti\ccs1281\ccs\tools\compiler\ti-cgt-c2000_22.6.1.LTS\lib\</path>
         <kind>archive</kind>
         <file>rts2800_fpu32_eabi.lib</file>
         <name>hostopen.c.obj</name>
      </input_file>
      <input_file id="fl-6a">
         <path>D:\software\ti\ccs1281\ccs\tools\compiler\ti-cgt-c2000_22.6.1.LTS\lib\</path>
         <kind>archive</kind>
         <file>rts2800_fpu32_eabi.lib</file>
         <name>hostread.c.obj</name>
      </input_file>
      <input_file id="fl-6b">
         <path>D:\software\ti\ccs1281\ccs\tools\compiler\ti-cgt-c2000_22.6.1.LTS\lib\</path>
         <kind>archive</kind>
         <file>rts2800_fpu32_eabi.lib</file>
         <name>hostrename.c.obj</name>
      </input_file>
      <input_file id="fl-6c">
         <path>D:\software\ti\ccs1281\ccs\tools\compiler\ti-cgt-c2000_22.6.1.LTS\lib\</path>
         <kind>archive</kind>
         <file>rts2800_fpu32_eabi.lib</file>
         <name>hostunlink.c.obj</name>
      </input_file>
      <input_file id="fl-6d">
         <path>D:\software\ti\ccs1281\ccs\tools\compiler\ti-cgt-c2000_22.6.1.LTS\lib\</path>
         <kind>archive</kind>
         <file>rts2800_fpu32_eabi.lib</file>
         <name>hostwrite.c.obj</name>
      </input_file>
      <input_file id="fl-6e">
         <path>D:\software\ti\ccs1281\ccs\tools\compiler\ti-cgt-c2000_22.6.1.LTS\lib\</path>
         <kind>archive</kind>
         <file>rts2800_fpu32_eabi.lib</file>
         <name>trgmsg.c.obj</name>
      </input_file>
      <input_file id="fl-6f">
         <path>D:\software\ti\ccs1281\ccs\tools\compiler\ti-cgt-c2000_22.6.1.LTS\lib\</path>
         <kind>archive</kind>
         <file>rts2800_fpu32_eabi.lib</file>
         <name>open.c.obj</name>
      </input_file>
      <input_file id="fl-70">
         <path>D:\software\ti\ccs1281\ccs\tools\compiler\ti-cgt-c2000_22.6.1.LTS\lib\</path>
         <kind>archive</kind>
         <file>rts2800_fpu32_eabi.lib</file>
         <name>lseek.c.obj</name>
      </input_file>
      <input_file id="fl-71">
         <path>D:\software\ti\ccs1281\ccs\tools\compiler\ti-cgt-c2000_22.6.1.LTS\lib\</path>
         <kind>archive</kind>
         <file>rts2800_fpu32_eabi.lib</file>
         <name>s_copysign.c.obj</name>
      </input_file>
      <input_file id="fl-72">
         <path>D:\software\ti\ccs1281\ccs\tools\compiler\ti-cgt-c2000_22.6.1.LTS\lib\</path>
         <kind>archive</kind>
         <file>rts2800_fpu32_eabi.lib</file>
         <name>fclose.c.obj</name>
      </input_file>
      <input_file id="fl-73">
         <path>D:\software\ti\ccs1281\ccs\tools\compiler\ti-cgt-c2000_22.6.1.LTS\lib\</path>
         <kind>archive</kind>
         <file>rts2800_fpu32_eabi.lib</file>
         <name>getdevice.c.obj</name>
      </input_file>
      <input_file id="fl-74">
         <path>D:\software\ti\ccs1281\ccs\tools\compiler\ti-cgt-c2000_22.6.1.LTS\lib\</path>
         <kind>archive</kind>
         <file>rts2800_fpu32_eabi.lib</file>
         <name>strcmp.c.obj</name>
      </input_file>
      <input_file id="fl-75">
         <path>D:\software\ti\ccs1281\ccs\tools\compiler\ti-cgt-c2000_22.6.1.LTS\lib\</path>
         <kind>archive</kind>
         <file>rts2800_fpu32_eabi.lib</file>
         <name>strncpy.c.obj</name>
      </input_file>
      <input_file id="fl-76">
         <path>D:\software\ti\ccs1281\ccs\tools\compiler\ti-cgt-c2000_22.6.1.LTS\lib\</path>
         <kind>archive</kind>
         <file>rts2800_fpu32_eabi.lib</file>
         <name>remove.c.obj</name>
      </input_file>
      <input_file id="fl-77">
         <path>D:\software\ti\ccs1281\ccs\tools\compiler\ti-cgt-c2000_22.6.1.LTS\lib\</path>
         <kind>archive</kind>
         <file>rts2800_fpu32_eabi.lib</file>
         <name>close.c.obj</name>
      </input_file>
      <input_file id="fl-78">
         <path>D:\software\ti\ccs1281\ccs\tools\compiler\ti-cgt-c2000_22.6.1.LTS\lib\</path>
         <kind>archive</kind>
         <file>rts2800_fpu32_eabi.lib</file>
         <name>unlink.c.obj</name>
      </input_file>
   </input_file_list>
   <object_component_list>
      <object_component id="oc-77e">
         <name>.cinit..data.load</name>
         <load_address>0x88008</load_address>
         <run_address>0x88008</run_address>
         <size>0x136</size>
      </object_component>
      <object_component id="oc-77b">
         <name>__TI_handler_table</name>
         <load_address>0x8813e</load_address>
         <run_address>0x8813e</run_address>
         <size>0x6</size>
      </object_component>
      <object_component id="oc-77d">
         <name>.cinit..bss.load</name>
         <load_address>0x88144</load_address>
         <run_address>0x88144</run_address>
         <size>0x4</size>
      </object_component>
      <object_component id="oc-77c">
         <name>__TI_cinit_table</name>
         <load_address>0x88148</load_address>
         <run_address>0x88148</run_address>
         <size>0x8</size>
      </object_component>
      <object_component id="oc-111">
         <name>.text</name>
         <load_address>0x82030</load_address>
         <run_address>0x82030</run_address>
         <size>0xa9d</size>
         <input_file_ref idref="fl-e"/>
      </object_component>
      <object_component id="oc-1d1">
         <name>.text</name>
         <load_address>0x82acd</load_address>
         <run_address>0x82acd</run_address>
         <size>0x7f0</size>
         <input_file_ref idref="fl-13"/>
      </object_component>
      <object_component id="oc-3ca">
         <name>.text</name>
         <load_address>0x832bd</load_address>
         <run_address>0x832bd</run_address>
         <size>0x1</size>
         <input_file_ref idref="fl-66"/>
      </object_component>
      <object_component id="oc-5a3">
         <name>.text</name>
         <load_address>0x832be</load_address>
         <run_address>0x832be</run_address>
         <size>0x6c2</size>
         <input_file_ref idref="fl-31"/>
      </object_component>
      <object_component id="oc-20a">
         <name>.text</name>
         <load_address>0x83980</load_address>
         <run_address>0x83980</run_address>
         <size>0x637</size>
         <input_file_ref idref="fl-14"/>
      </object_component>
      <object_component id="oc-27c">
         <name>.text:SysCtl_selectOscSource</name>
         <load_address>0x83fb7</load_address>
         <run_address>0x83fb7</run_address>
         <size>0x48</size>
         <input_file_ref idref="fl-24"/>
      </object_component>
      <object_component id="oc-535">
         <name>.text:__TI_printfi</name>
         <load_address>0x84000</load_address>
         <run_address>0x84000</run_address>
         <size>0x614</size>
         <input_file_ref idref="fl-31"/>
      </object_component>
      <object_component id="oc-8f">
         <name>.text</name>
         <load_address>0x84614</load_address>
         <run_address>0x84614</run_address>
         <size>0x407</size>
         <input_file_ref idref="fl-7"/>
      </object_component>
      <object_component id="oc-9c">
         <name>.text</name>
         <load_address>0x84a1b</load_address>
         <run_address>0x84a1b</run_address>
         <size>0x3fe</size>
         <input_file_ref idref="fl-16"/>
      </object_component>
      <object_component id="oc-1e1">
         <name>.text</name>
         <load_address>0x84e19</load_address>
         <run_address>0x84e19</run_address>
         <size>0x36c</size>
         <input_file_ref idref="fl-12"/>
      </object_component>
      <object_component id="oc-95">
         <name>.text</name>
         <load_address>0x85185</load_address>
         <run_address>0x85185</run_address>
         <size>0x316</size>
         <input_file_ref idref="fl-5"/>
      </object_component>
      <object_component id="oc-3d">
         <name>.text</name>
         <load_address>0x8549b</load_address>
         <run_address>0x8549b</run_address>
         <size>0x305</size>
         <input_file_ref idref="fl-2"/>
      </object_component>
      <object_component id="oc-89">
         <name>.text</name>
         <load_address>0x857a0</load_address>
         <run_address>0x857a0</run_address>
         <size>0x2fb</size>
         <input_file_ref idref="fl-a"/>
      </object_component>
      <object_component id="oc-204">
         <name>.text</name>
         <load_address>0x85a9b</load_address>
         <run_address>0x85a9b</run_address>
         <size>0x298</size>
         <input_file_ref idref="fl-56"/>
      </object_component>
      <object_component id="oc-310">
         <name>.text</name>
         <load_address>0x85d33</load_address>
         <run_address>0x85d33</run_address>
         <size>0x215</size>
         <input_file_ref idref="fl-c"/>
      </object_component>
      <object_component id="oc-61a">
         <name>.text</name>
         <load_address>0x85f48</load_address>
         <run_address>0x85f48</run_address>
         <size>0xa9</size>
         <input_file_ref idref="fl-5f"/>
      </object_component>
      <object_component id="oc-49d">
         <name>.text:SysCtl_pollCpuTimer</name>
         <load_address>0x85ff1</load_address>
         <run_address>0x85ff1</run_address>
         <size>0xf</size>
         <input_file_ref idref="fl-24"/>
      </object_component>
      <object_component id="oc-154">
         <name>.text:SysCtl_setClock</name>
         <load_address>0x86128</load_address>
         <run_address>0x86128</run_address>
         <size>0x209</size>
         <input_file_ref idref="fl-24"/>
      </object_component>
      <object_component id="oc-412">
         <name>.text</name>
         <load_address>0x86331</load_address>
         <run_address>0x86331</run_address>
         <size>0x1a0</size>
         <input_file_ref idref="fl-10"/>
      </object_component>
      <object_component id="oc-11f">
         <name>.text</name>
         <load_address>0x864d1</load_address>
         <run_address>0x864d1</run_address>
         <size>0x17c</size>
         <input_file_ref idref="fl-9"/>
      </object_component>
      <object_component id="oc-316">
         <name>.text</name>
         <load_address>0x8664d</load_address>
         <run_address>0x8664d</run_address>
         <size>0x165</size>
         <input_file_ref idref="fl-d"/>
      </object_component>
      <object_component id="oc-5b5">
         <name>.text</name>
         <load_address>0x867b2</load_address>
         <run_address>0x867b2</run_address>
         <size>0x121</size>
         <input_file_ref idref="fl-62"/>
      </object_component>
      <object_component id="oc-58f">
         <name>.text</name>
         <load_address>0x868d3</load_address>
         <run_address>0x868d3</run_address>
         <size>0x107</size>
         <input_file_ref idref="fl-40"/>
      </object_component>
      <object_component id="oc-1db">
         <name>.text</name>
         <load_address>0x869da</load_address>
         <run_address>0x869da</run_address>
         <size>0xff</size>
         <input_file_ref idref="fl-f"/>
      </object_component>
      <object_component id="oc-108">
         <name>.text</name>
         <load_address>0x86ad9</load_address>
         <run_address>0x86ad9</run_address>
         <size>0xcf</size>
         <input_file_ref idref="fl-6"/>
      </object_component>
      <object_component id="oc-4b8">
         <name>.text</name>
         <load_address>0x86ba8</load_address>
         <run_address>0x86ba8</run_address>
         <size>0xa8</size>
         <input_file_ref idref="fl-33"/>
      </object_component>
      <object_component id="oc-68c">
         <name>.text</name>
         <load_address>0x86c50</load_address>
         <run_address>0x86c50</run_address>
         <size>0x9c</size>
         <input_file_ref idref="fl-64"/>
      </object_component>
      <object_component id="oc-3c">
         <name>.text:retain</name>
         <load_address>0x86cec</load_address>
         <run_address>0x86cec</run_address>
         <size>0x99</size>
         <input_file_ref idref="fl-5"/>
      </object_component>
      <object_component id="oc-41c">
         <name>.text</name>
         <load_address>0x86d85</load_address>
         <run_address>0x86d85</run_address>
         <size>0x95</size>
         <input_file_ref idref="fl-11"/>
      </object_component>
      <object_component id="oc-6c9">
         <name>.text</name>
         <load_address>0x86e1a</load_address>
         <run_address>0x86e1a</run_address>
         <size>0x95</size>
         <input_file_ref idref="fl-6e"/>
      </object_component>
      <object_component id="oc-3be">
         <name>.text:SysCtl_selectXTAL</name>
         <load_address>0x86eaf</load_address>
         <run_address>0x86eaf</run_address>
         <size>0x90</size>
         <input_file_ref idref="fl-24"/>
      </object_component>
      <object_component id="oc-5f0">
         <name>.text</name>
         <load_address>0x86f3f</load_address>
         <run_address>0x86f3f</run_address>
         <size>0x8b</size>
         <input_file_ref idref="fl-45"/>
      </object_component>
      <object_component id="oc-288">
         <name>.text</name>
         <load_address>0x86fca</load_address>
         <run_address>0x86fca</run_address>
         <size>0x88</size>
         <input_file_ref idref="fl-3d"/>
      </object_component>
      <object_component id="oc-5f5">
         <name>.text</name>
         <load_address>0x87052</load_address>
         <run_address>0x87052</run_address>
         <size>0x83</size>
         <input_file_ref idref="fl-38"/>
      </object_component>
      <object_component id="oc-227">
         <name>.text:Interrupt_clearIFR</name>
         <load_address>0x870d5</load_address>
         <run_address>0x870d5</run_address>
         <size>0x7f</size>
         <input_file_ref idref="fl-22"/>
      </object_component>
      <object_component id="oc-558">
         <name>.text</name>
         <load_address>0x87154</load_address>
         <run_address>0x87154</run_address>
         <size>0x7c</size>
         <input_file_ref idref="fl-35"/>
      </object_component>
      <object_component id="oc-50f">
         <name>.text</name>
         <load_address>0x871d0</load_address>
         <run_address>0x871d0</run_address>
         <size>0x73</size>
         <input_file_ref idref="fl-61"/>
      </object_component>
      <object_component id="oc-631">
         <name>.text</name>
         <load_address>0x87243</load_address>
         <run_address>0x87243</run_address>
         <size>0x71</size>
         <input_file_ref idref="fl-6f"/>
      </object_component>
      <object_component id="oc-14e">
         <name>.text:SysCtl_getDeviceParametric</name>
         <load_address>0x872b4</load_address>
         <run_address>0x872b4</run_address>
         <size>0x68</size>
         <input_file_ref idref="fl-24"/>
      </object_component>
      <object_component id="oc-509">
         <name>.text</name>
         <load_address>0x8731c</load_address>
         <run_address>0x8731c</run_address>
         <size>0x65</size>
         <input_file_ref idref="fl-34"/>
      </object_component>
      <object_component id="oc-65b">
         <name>.text</name>
         <load_address>0x87381</load_address>
         <run_address>0x87381</run_address>
         <size>0x61</size>
         <input_file_ref idref="fl-68"/>
      </object_component>
      <object_component id="oc-637">
         <name>.text</name>
         <load_address>0x873e2</load_address>
         <run_address>0x873e2</run_address>
         <size>0x5d</size>
         <input_file_ref idref="fl-72"/>
      </object_component>
      <object_component id="oc-cc">
         <name>.text:SPI_setConfig</name>
         <load_address>0x8743f</load_address>
         <run_address>0x8743f</run_address>
         <size>0x5c</size>
         <input_file_ref idref="fl-23"/>
      </object_component>
      <object_component id="oc-614">
         <name>.text</name>
         <load_address>0x8749b</load_address>
         <run_address>0x8749b</run_address>
         <size>0x5a</size>
         <input_file_ref idref="fl-5e"/>
      </object_component>
      <object_component id="oc-1e7">
         <name>.text</name>
         <load_address>0x874f5</load_address>
         <run_address>0x874f5</run_address>
         <size>0x55</size>
         <input_file_ref idref="fl-b"/>
      </object_component>
      <object_component id="oc-4b2">
         <name>.text</name>
         <load_address>0x8754a</load_address>
         <run_address>0x8754a</run_address>
         <size>0x53</size>
         <input_file_ref idref="fl-32"/>
      </object_component>
      <object_component id="oc-a8">
         <name>.text:GPIO_setPadConfig</name>
         <load_address>0x8759d</load_address>
         <run_address>0x8759d</run_address>
         <size>0x52</size>
         <input_file_ref idref="fl-21"/>
      </object_component>
      <object_component id="oc-15a">
         <name>.text:SysCtl_getClock</name>
         <load_address>0x875ef</load_address>
         <run_address>0x875ef</run_address>
         <size>0x51</size>
         <input_file_ref idref="fl-24"/>
      </object_component>
      <object_component id="oc-6aa">
         <name>.text</name>
         <load_address>0x87640</load_address>
         <run_address>0x87640</run_address>
         <size>0x51</size>
         <input_file_ref idref="fl-73"/>
      </object_component>
      <object_component id="oc-141">
         <name>.text:Interrupt_disable</name>
         <load_address>0x87691</load_address>
         <run_address>0x87691</run_address>
         <size>0x4e</size>
         <input_file_ref idref="fl-22"/>
      </object_component>
      <object_component id="oc-667">
         <name>.text</name>
         <load_address>0x876df</load_address>
         <run_address>0x876df</run_address>
         <size>0x3e</size>
         <input_file_ref idref="fl-6b"/>
      </object_component>
      <object_component id="oc-3df">
         <name>.text:Interrupt_initModule</name>
         <load_address>0x8771d</load_address>
         <run_address>0x8771d</run_address>
         <size>0x3d</size>
         <input_file_ref idref="fl-22"/>
      </object_component>
      <object_component id="oc-552">
         <name>.text</name>
         <load_address>0x8775a</load_address>
         <run_address>0x8775a</run_address>
         <size>0x3d</size>
         <input_file_ref idref="fl-63"/>
      </object_component>
      <object_component id="oc-643">
         <name>.text</name>
         <load_address>0x87797</load_address>
         <run_address>0x87797</run_address>
         <size>0x3a</size>
         <input_file_ref idref="fl-69"/>
      </object_component>
      <object_component id="oc-655">
         <name>.text</name>
         <load_address>0x877d1</load_address>
         <run_address>0x877d1</run_address>
         <size>0x39</size>
         <input_file_ref idref="fl-6d"/>
      </object_component>
      <object_component id="oc-64f">
         <name>.text</name>
         <load_address>0x8780a</load_address>
         <run_address>0x8780a</run_address>
         <size>0x38</size>
         <input_file_ref idref="fl-6a"/>
      </object_component>
      <object_component id="oc-c0">
         <name>.text:GPIO_setControllerCore</name>
         <load_address>0x87842</load_address>
         <run_address>0x87842</run_address>
         <size>0x37</size>
         <input_file_ref idref="fl-21"/>
      </object_component>
      <object_component id="oc-a2">
         <name>.text:GPIO_setPinConfig</name>
         <load_address>0x87879</load_address>
         <run_address>0x87879</run_address>
         <size>0x37</size>
         <input_file_ref idref="fl-21"/>
      </object_component>
      <object_component id="oc-ae">
         <name>.text:GPIO_setQualificationMode</name>
         <load_address>0x878b0</load_address>
         <run_address>0x878b0</run_address>
         <size>0x37</size>
         <input_file_ref idref="fl-21"/>
      </object_component>
      <object_component id="oc-c6">
         <name>.text:Interrupt_enable</name>
         <load_address>0x878e7</load_address>
         <run_address>0x878e7</run_address>
         <size>0x37</size>
         <input_file_ref idref="fl-22"/>
      </object_component>
      <object_component id="oc-d2">
         <name>.text:GPIO_setInterruptPin</name>
         <load_address>0x8791e</load_address>
         <run_address>0x8791e</run_address>
         <size>0x34</size>
         <input_file_ref idref="fl-21"/>
      </object_component>
      <object_component id="oc-3e6">
         <name>.text</name>
         <load_address>0x87952</load_address>
         <run_address>0x87952</run_address>
         <size>0x34</size>
         <input_file_ref idref="fl-30"/>
      </object_component>
      <object_component id="oc-6b2">
         <name>.text</name>
         <load_address>0x87986</load_address>
         <run_address>0x87986</run_address>
         <size>0x33</size>
         <input_file_ref idref="fl-77"/>
      </object_component>
      <object_component id="oc-ba">
         <name>.text:GPIO_setDirectionMode</name>
         <load_address>0x879b9</load_address>
         <run_address>0x879b9</run_address>
         <size>0x31</size>
         <input_file_ref idref="fl-21"/>
      </object_component>
      <object_component id="oc-48">
         <name>.text:retain</name>
         <load_address>0x879ea</load_address>
         <run_address>0x879ea</run_address>
         <size>0x31</size>
         <input_file_ref idref="fl-8"/>
      </object_component>
      <object_component id="oc-584">
         <name>.text</name>
         <load_address>0x87a1b</load_address>
         <run_address>0x87a1b</run_address>
         <size>0x31</size>
         <input_file_ref idref="fl-50"/>
      </object_component>
      <object_component id="oc-24">
         <name>.text:decompress:lzss</name>
         <load_address>0x87a4c</load_address>
         <run_address>0x87a4c</run_address>
         <size>0x30</size>
         <input_file_ref idref="fl-4b"/>
      </object_component>
      <object_component id="oc-5ff">
         <name>.text</name>
         <load_address>0x87a7c</load_address>
         <run_address>0x87a7c</run_address>
         <size>0x30</size>
         <input_file_ref idref="fl-4e"/>
      </object_component>
      <object_component id="oc-2a9">
         <name>.text:__TI_auto_init_nobinit_nopinit</name>
         <load_address>0x87aac</load_address>
         <run_address>0x87aac</run_address>
         <size>0x2b</size>
         <input_file_ref idref="fl-48"/>
      </object_component>
      <object_component id="oc-5e6">
         <name>.text</name>
         <load_address>0x87ad7</load_address>
         <run_address>0x87ad7</run_address>
         <size>0x2a</size>
         <input_file_ref idref="fl-37"/>
      </object_component>
      <object_component id="oc-117">
         <name>.text</name>
         <load_address>0x87b01</load_address>
         <run_address>0x87b01</run_address>
         <size>0x2a</size>
         <input_file_ref idref="fl-44"/>
      </object_component>
      <object_component id="oc-dc">
         <name>.text</name>
         <load_address>0x87b2b</load_address>
         <run_address>0x87b2b</run_address>
         <size>0x29</size>
         <input_file_ref idref="fl-8"/>
      </object_component>
      <object_component id="oc-1c5">
         <name>.text</name>
         <load_address>0x87b54</load_address>
         <run_address>0x87b54</run_address>
         <size>0x29</size>
         <input_file_ref idref="fl-4c"/>
      </object_component>
      <object_component id="oc-649">
         <name>.text</name>
         <load_address>0x87b7d</load_address>
         <run_address>0x87b7d</run_address>
         <size>0x29</size>
         <input_file_ref idref="fl-67"/>
      </object_component>
      <object_component id="oc-48b">
         <name>.text:CPUTimer_selectClockSource</name>
         <load_address>0x87ba6</load_address>
         <run_address>0x87ba6</run_address>
         <size>0x28</size>
         <input_file_ref idref="fl-24"/>
      </object_component>
      <object_component id="oc-23b">
         <name>.text:Flash_setBankPowerUpDelay</name>
         <load_address>0x87bce</load_address>
         <run_address>0x87bce</run_address>
         <size>0x26</size>
         <input_file_ref idref="fl-20"/>
      </object_component>
      <object_component id="oc-661">
         <name>.text</name>
         <load_address>0x87bf4</load_address>
         <run_address>0x87bf4</run_address>
         <size>0x24</size>
         <input_file_ref idref="fl-6c"/>
      </object_component>
      <object_component id="oc-69b">
         <name>.text</name>
         <load_address>0x87c18</load_address>
         <run_address>0x87c18</run_address>
         <size>0x24</size>
         <input_file_ref idref="fl-71"/>
      </object_component>
      <object_component id="oc-60f">
         <name>.text</name>
         <load_address>0x87c3c</load_address>
         <run_address>0x87c3c</run_address>
         <size>0x21</size>
         <input_file_ref idref="fl-3b"/>
      </object_component>
      <object_component id="oc-2d9">
         <name>.text</name>
         <load_address>0x87c5d</load_address>
         <run_address>0x87c5d</run_address>
         <size>0x20</size>
         <input_file_ref idref="fl-4"/>
      </object_component>
      <object_component id="oc-4fb">
         <name>.text:CPUTimer_getTimerOverflowStatus</name>
         <load_address>0x87c7d</load_address>
         <run_address>0x87c7d</run_address>
         <size>0x1f</size>
         <input_file_ref idref="fl-24"/>
      </object_component>
      <object_component id="oc-5fa">
         <name>.text</name>
         <load_address>0x87c9c</load_address>
         <run_address>0x87c9c</run_address>
         <size>0x1f</size>
         <input_file_ref idref="fl-3c"/>
      </object_component>
      <object_component id="oc-4f">
         <name>.text:Interrupt_initVectorTable</name>
         <load_address>0x87cbb</load_address>
         <run_address>0x87cbb</run_address>
         <size>0x1e</size>
         <input_file_ref idref="fl-22"/>
      </object_component>
      <object_component id="oc-58a">
         <name>.text</name>
         <load_address>0x87cd9</load_address>
         <run_address>0x87cd9</run_address>
         <size>0x1e</size>
         <input_file_ref idref="fl-3f"/>
      </object_component>
      <object_component id="oc-620">
         <name>.text</name>
         <load_address>0x87cf7</load_address>
         <run_address>0x87cf7</run_address>
         <size>0x1d</size>
         <input_file_ref idref="fl-41"/>
      </object_component>
      <object_component id="oc-6c">
         <name>.text</name>
         <load_address>0x87d14</load_address>
         <run_address>0x87d14</run_address>
         <size>0x1d</size>
         <input_file_ref idref="fl-46"/>
      </object_component>
      <object_component id="oc-605">
         <name>.text</name>
         <load_address>0x87d31</load_address>
         <run_address>0x87d31</run_address>
         <size>0x1c</size>
         <input_file_ref idref="fl-43"/>
      </object_component>
      <object_component id="oc-497">
         <name>.text:CPUTimer_startTimer</name>
         <load_address>0x87d4d</load_address>
         <run_address>0x87d4d</run_address>
         <size>0x1a</size>
         <input_file_ref idref="fl-24"/>
      </object_component>
      <object_component id="oc-161">
         <name>.text:SysCtl_getLowSpeedClock</name>
         <load_address>0x87d67</load_address>
         <run_address>0x87d67</run_address>
         <size>0x1a</size>
         <input_file_ref idref="fl-24"/>
      </object_component>
      <object_component id="oc-6bb">
         <name>.text</name>
         <load_address>0x87d81</load_address>
         <run_address>0x87d81</run_address>
         <size>0x19</size>
         <input_file_ref idref="fl-78"/>
      </object_component>
      <object_component id="oc-515">
         <name>.text</name>
         <load_address>0x87d9a</load_address>
         <run_address>0x87d9a</run_address>
         <size>0x19</size>
         <input_file_ref idref="fl-5b"/>
      </object_component>
      <object_component id="oc-594">
         <name>.text</name>
         <load_address>0x87db3</load_address>
         <run_address>0x87db3</run_address>
         <size>0x18</size>
         <input_file_ref idref="fl-3e"/>
      </object_component>
      <object_component id="oc-5ad">
         <name>.text</name>
         <load_address>0x87dcb</load_address>
         <run_address>0x87dcb</run_address>
         <size>0x18</size>
         <input_file_ref idref="fl-70"/>
      </object_component>
      <object_component id="oc-177">
         <name>.text:CPUTimer_isBaseValid</name>
         <load_address>0x87de3</load_address>
         <run_address>0x87de3</run_address>
         <size>0x17</size>
         <input_file_ref idref="fl-1f"/>
      </object_component>
      <object_component id="oc-4ef">
         <name>.text:CPUTimer_isBaseValid</name>
         <load_address>0x87dfa</load_address>
         <run_address>0x87dfa</run_address>
         <size>0x17</size>
         <input_file_ref idref="fl-24"/>
      </object_component>
      <object_component id="oc-18f">
         <name>.text:SPI_isBaseValid</name>
         <load_address>0x87e11</load_address>
         <run_address>0x87e11</run_address>
         <size>0x17</size>
         <input_file_ref idref="fl-23"/>
      </object_component>
      <object_component id="oc-fd">
         <name>.text</name>
         <load_address>0x87e28</load_address>
         <run_address>0x87e28</run_address>
         <size>0x17</size>
         <input_file_ref idref="fl-36"/>
      </object_component>
      <object_component id="oc-4e">
         <name>.text:Interrupt_defaultHandler</name>
         <load_address>0x87e3f</load_address>
         <run_address>0x87e3f</run_address>
         <size>0x16</size>
         <input_file_ref idref="fl-22"/>
      </object_component>
      <object_component id="oc-198">
         <name>.text:XBAR_setInputPin</name>
         <load_address>0x87e55</load_address>
         <run_address>0x87e55</run_address>
         <size>0x16</size>
         <input_file_ref idref="fl-21"/>
      </object_component>
      <object_component id="oc-6f9">
         <name>.text</name>
         <load_address>0x87e6b</load_address>
         <run_address>0x87e6b</run_address>
         <size>0x15</size>
         <input_file_ref idref="fl-75"/>
      </object_component>
      <object_component id="oc-47f">
         <name>.text:CPUTimer_stopTimer</name>
         <load_address>0x87e80</load_address>
         <run_address>0x87e80</run_address>
         <size>0x14</size>
         <input_file_ref idref="fl-24"/>
      </object_component>
      <object_component id="oc-b4">
         <name>.text:CPUTimer_setEmulationMode</name>
         <load_address>0x87e94</load_address>
         <run_address>0x87e94</run_address>
         <size>0x13</size>
         <input_file_ref idref="fl-1f"/>
      </object_component>
      <object_component id="oc-4d4">
         <name>.text</name>
         <load_address>0x87ea7</load_address>
         <run_address>0x87ea7</run_address>
         <size>0x13</size>
         <input_file_ref idref="fl-55"/>
      </object_component>
      <object_component id="oc-491">
         <name>.text:CPUTimer_clearOverflowFlag</name>
         <load_address>0x87eba</load_address>
         <run_address>0x87eba</run_address>
         <size>0x12</size>
         <input_file_ref idref="fl-24"/>
      </object_component>
      <object_component id="oc-479">
         <name>.text:CPUTimer_disableInterrupt</name>
         <load_address>0x87ecc</load_address>
         <run_address>0x87ecc</run_address>
         <size>0x12</size>
         <input_file_ref idref="fl-24"/>
      </object_component>
      <object_component id="oc-485">
         <name>.text:CPUTimer_setPeriod</name>
         <load_address>0x87ede</load_address>
         <run_address>0x87ede</run_address>
         <size>0x11</size>
         <input_file_ref idref="fl-24"/>
      </object_component>
      <object_component id="oc-22e">
         <name>.text:Flash_isCtrlBaseValid</name>
         <load_address>0x87eef</load_address>
         <run_address>0x87eef</run_address>
         <size>0x10</size>
         <input_file_ref idref="fl-20"/>
      </object_component>
      <object_component id="oc-235">
         <name>.text:Flash_isECCBaseValid</name>
         <load_address>0x87eff</load_address>
         <run_address>0x87eff</run_address>
         <size>0x10</size>
         <input_file_ref idref="fl-20"/>
      </object_component>
      <object_component id="oc-57c">
         <name>.text</name>
         <load_address>0x87f0f</load_address>
         <run_address>0x87f0f</run_address>
         <size>0x10</size>
         <input_file_ref idref="fl-53"/>
      </object_component>
      <object_component id="oc-16e">
         <name>.text:GPIO_isPinValid</name>
         <load_address>0x87f1f</load_address>
         <run_address>0x87f1f</run_address>
         <size>0xe</size>
         <input_file_ref idref="fl-21"/>
      </object_component>
      <object_component id="oc-60a">
         <name>.text</name>
         <load_address>0x87f2d</load_address>
         <run_address>0x87f2d</run_address>
         <size>0xe</size>
         <input_file_ref idref="fl-3a"/>
      </object_component>
      <object_component id="oc-182">
         <name>.text:Interrupt_disableGlobal</name>
         <load_address>0x87f3b</load_address>
         <run_address>0x87f3b</run_address>
         <size>0xd</size>
         <input_file_ref idref="fl-22"/>
      </object_component>
      <object_component id="oc-188">
         <name>.text:Interrupt_enableGlobal</name>
         <load_address>0x87f48</load_address>
         <run_address>0x87f48</run_address>
         <size>0xd</size>
         <input_file_ref idref="fl-22"/>
      </object_component>
      <object_component id="oc-51d">
         <name>.text</name>
         <load_address>0x87f55</load_address>
         <run_address>0x87f55</run_address>
         <size>0xd</size>
         <input_file_ref idref="fl-54"/>
      </object_component>
      <object_component id="oc-1bf">
         <name>.text</name>
         <load_address>0x87f62</load_address>
         <run_address>0x87f62</run_address>
         <size>0xc</size>
         <input_file_ref idref="fl-4f"/>
      </object_component>
      <object_component id="oc-625">
         <name>.text</name>
         <load_address>0x87f6e</load_address>
         <run_address>0x87f6e</run_address>
         <size>0xc</size>
         <input_file_ref idref="fl-58"/>
      </object_component>
      <object_component id="oc-276">
         <name>.text:SysCtl_isMCDClockFailureDetected</name>
         <load_address>0x87f7a</load_address>
         <run_address>0x87f7a</run_address>
         <size>0xb</size>
         <input_file_ref idref="fl-24"/>
      </object_component>
      <object_component id="oc-2eb">
         <name>.text</name>
         <load_address>0x87f85</load_address>
         <run_address>0x87f85</run_address>
         <size>0xb</size>
         <input_file_ref idref="fl-42"/>
      </object_component>
      <object_component id="oc-599">
         <name>.text</name>
         <load_address>0x87f90</load_address>
         <run_address>0x87f90</run_address>
         <size>0xb</size>
         <input_file_ref idref="fl-60"/>
      </object_component>
      <object_component id="oc-5a">
         <name>.text:Interrupt_illegalOperationHandler</name>
         <load_address>0x87f9b</load_address>
         <run_address>0x87f9b</run_address>
         <size>0xa</size>
         <input_file_ref idref="fl-22"/>
      </object_component>
      <object_component id="oc-60">
         <name>.text:Interrupt_nmiHandler</name>
         <load_address>0x87fa5</load_address>
         <run_address>0x87fa5</run_address>
         <size>0xa</size>
         <input_file_ref idref="fl-22"/>
      </object_component>
      <object_component id="oc-6f3">
         <name>.text</name>
         <load_address>0x87faf</load_address>
         <run_address>0x87faf</run_address>
         <size>0xa</size>
         <input_file_ref idref="fl-74"/>
      </object_component>
      <object_component id="oc-282">
         <name>.text:SysCtl_serviceWatchdog</name>
         <load_address>0x87fb9</load_address>
         <run_address>0x87fb9</run_address>
         <size>0x9</size>
         <input_file_ref idref="fl-24"/>
      </object_component>
      <object_component id="oc-3f3">
         <name>.text</name>
         <load_address>0x87fc2</load_address>
         <run_address>0x87fc2</run_address>
         <size>0x9</size>
         <input_file_ref idref="fl-4d"/>
      </object_component>
      <object_component id="oc-5eb">
         <name>.text</name>
         <load_address>0x87fcb</load_address>
         <run_address>0x87fcb</run_address>
         <size>0x9</size>
         <input_file_ref idref="fl-39"/>
      </object_component>
      <object_component id="oc-80">
         <name>.text</name>
         <load_address>0x87fd4</load_address>
         <run_address>0x87fd4</run_address>
         <size>0x8</size>
         <input_file_ref idref="fl-15"/>
      </object_component>
      <object_component id="oc-2a">
         <name>.text:decompress:none</name>
         <load_address>0x87fdc</load_address>
         <run_address>0x87fdc</run_address>
         <size>0x8</size>
         <input_file_ref idref="fl-4a"/>
      </object_component>
      <object_component id="oc-2f0">
         <name>.text</name>
         <load_address>0x87fe4</load_address>
         <run_address>0x87fe4</run_address>
         <size>0x8</size>
         <input_file_ref idref="fl-5a"/>
      </object_component>
      <object_component id="oc-4a3">
         <name>.text:SysCtl_resetMCD</name>
         <load_address>0x87fec</load_address>
         <run_address>0x87fec</run_address>
         <size>0x7</size>
         <input_file_ref idref="fl-24"/>
      </object_component>
      <object_component id="oc-f6">
         <name>.text</name>
         <load_address>0x87ff3</load_address>
         <run_address>0x87ff3</run_address>
         <size>0x7</size>
         <input_file_ref idref="fl-57"/>
      </object_component>
      <object_component id="oc-7a">
         <name>.text:decompress:ZI</name>
         <load_address>0x87ffa</load_address>
         <run_address>0x87ffa</run_address>
         <size>0x6</size>
         <input_file_ref idref="fl-49"/>
      </object_component>
      <object_component id="oc-576">
         <name>.text</name>
         <load_address>0x88000</load_address>
         <run_address>0x88000</run_address>
         <size>0x5</size>
         <input_file_ref idref="fl-59"/>
      </object_component>
      <object_component id="oc-1b8">
         <name>.text</name>
         <load_address>0x88005</load_address>
         <run_address>0x88005</run_address>
         <size>0x2</size>
         <input_file_ref idref="fl-47"/>
      </object_component>
      <object_component id="oc-31">
         <name>codestart</name>
         <load_address>0x80000</load_address>
         <run_address>0x80000</run_address>
         <size>0x2</size>
         <input_file_ref idref="fl-15"/>
      </object_component>
      <object_component id="oc-66">
         <name>.stack</name>
         <uninitialized>true</uninitialized>
         <run_address>0x400</run_address>
         <size>0x0</size>
         <input_file_ref idref="fl-36"/>
      </object_component>
      <object_component id="oc-77f">
         <name>.stack</name>
         <uninitialized>true</uninitialized>
         <run_address>0x400</run_address>
         <size>0x0</size>
      </object_component>
      <object_component id="oc-2fc">
         <name>.switch:OBJ_Read</name>
         <load_address>0x82000</load_address>
         <run_address>0x82000</run_address>
         <size>0x18</size>
         <input_file_ref idref="fl-13"/>
      </object_component>
      <object_component id="oc-2fd">
         <name>.switch:OBJ_Write</name>
         <load_address>0x82018</load_address>
         <run_address>0x82018</run_address>
         <size>0x18</size>
         <input_file_ref idref="fl-13"/>
      </object_component>
      <object_component id="oc-13d">
         <name>.bss</name>
         <uninitialized>true</uninitialized>
         <run_address>0xac4a</run_address>
         <size>0x8</size>
         <input_file_ref idref="fl-5"/>
      </object_component>
      <object_component id="oc-128">
         <name>.bss</name>
         <uninitialized>true</uninitialized>
         <run_address>0xac2e</run_address>
         <size>0xe</size>
         <input_file_ref idref="fl-a"/>
      </object_component>
      <object_component id="oc-10e">
         <name>.bss:aPdOutputData</name>
         <uninitialized>true</uninitialized>
         <run_address>0xabfc</run_address>
         <size>0x22</size>
         <input_file_ref idref="fl-a"/>
      </object_component>
      <object_component id="oc-105">
         <name>.bss:aPdInputData</name>
         <uninitialized>true</uninitialized>
         <run_address>0xabda</run_address>
         <size>0x22</size>
         <input_file_ref idref="fl-a"/>
      </object_component>
      <object_component id="oc-321">
         <name>.bss</name>
         <uninitialized>true</uninitialized>
         <run_address>0xac6e</run_address>
         <size>0x2</size>
         <input_file_ref idref="fl-b"/>
      </object_component>
      <object_component id="oc-30d">
         <name>.bss</name>
         <uninitialized>true</uninitialized>
         <run_address>0xaaf0</run_address>
         <size>0x10</size>
         <input_file_ref idref="fl-c"/>
      </object_component>
      <object_component id="oc-419">
         <name>.bss</name>
         <uninitialized>true</uninitialized>
         <run_address>0xac40</run_address>
         <size>0xa</size>
         <input_file_ref idref="fl-d"/>
      </object_component>
      <object_component id="oc-11c">
         <name>.bss</name>
         <uninitialized>true</uninitialized>
         <run_address>0xaac2</run_address>
         <size>0x2e</size>
         <input_file_ref idref="fl-e"/>
      </object_component>
      <object_component id="oc-305">
         <name>.bss:asEmcy</name>
         <uninitialized>true</uninitialized>
         <run_address>0xac66</run_address>
         <size>0x4</size>
         <input_file_ref idref="fl-f"/>
      </object_component>
      <object_component id="oc-302">
         <name>.bss</name>
         <uninitialized>true</uninitialized>
         <run_address>0xac1e</run_address>
         <size>0x10</size>
         <input_file_ref idref="fl-f"/>
      </object_component>
      <object_component id="oc-4dd">
         <name>.bss:aIpAdd</name>
         <uninitialized>true</uninitialized>
         <run_address>0xac3c</run_address>
         <size>0x4</size>
         <input_file_ref idref="fl-10"/>
      </object_component>
      <object_component id="oc-4da">
         <name>.bss:aMacAdd</name>
         <uninitialized>true</uninitialized>
         <run_address>0xac5a</run_address>
         <size>0x6</size>
         <input_file_ref idref="fl-10"/>
      </object_component>
      <object_component id="oc-4e4">
         <name>.bss</name>
         <uninitialized>true</uninitialized>
         <run_address>0xac6a</run_address>
         <size>0x4</size>
         <input_file_ref idref="fl-11"/>
      </object_component>
      <object_component id="oc-1f0">
         <name>.bss</name>
         <uninitialized>true</uninitialized>
         <run_address>0xab80</run_address>
         <size>0x5a</size>
         <input_file_ref idref="fl-12"/>
      </object_component>
      <object_component id="oc-31c">
         <name>.bss:asMbx</name>
         <uninitialized>true</uninitialized>
         <run_address>0xa920</run_address>
         <size>0x102</size>
         <input_file_ref idref="fl-12"/>
      </object_component>
      <object_component id="oc-125">
         <name>.bss</name>
         <uninitialized>true</uninitialized>
         <run_address>0xab00</run_address>
         <size>0x62</size>
         <input_file_ref idref="fl-13"/>
      </object_component>
      <object_component id="oc-1fb">
         <name>.bss</name>
         <uninitialized>true</uninitialized>
         <run_address>0xab62</run_address>
         <size>0x1e</size>
         <input_file_ref idref="fl-14"/>
      </object_component>
      <object_component id="oc-324">
         <name>.bss:aSdoInfoHeader</name>
         <uninitialized>true</uninitialized>
         <run_address>0xac60</run_address>
         <size>0x6</size>
         <input_file_ref idref="fl-14"/>
      </object_component>
      <object_component id="oc-6b8">
         <name>.bss:__TI_tmpnams</name>
         <uninitialized>true</uninitialized>
         <run_address>0xaa22</run_address>
         <size>0xa0</size>
         <input_file_ref idref="fl-52"/>
      </object_component>
      <object_component id="oc-393">
         <name>.bss</name>
         <uninitialized>true</uninitialized>
         <run_address>0xac70</run_address>
         <size>0x2</size>
         <input_file_ref idref="fl-56"/>
      </object_component>
      <object_component id="oc-6c6">
         <name>.bss:parmbuf</name>
         <uninitialized>true</uninitialized>
         <run_address>0xac52</run_address>
         <size>0x8</size>
         <input_file_ref idref="fl-69"/>
      </object_component>
      <object_component id="oc-70f">
         <name>.bss:_CIOBUF_</name>
         <uninitialized>true</uninitialized>
         <run_address>0xa800</run_address>
         <size>0x120</size>
         <input_file_ref idref="fl-6e"/>
      </object_component>
      <object_component id="oc-86">
         <name>.data</name>
         <load_address>0xaebe</load_address>
         <run_address>0xaebe</run_address>
         <size>0x2</size>
         <input_file_ref idref="fl-5"/>
      </object_component>
      <object_component id="oc-1ce">
         <name>.data</name>
         <load_address>0xaec0</load_address>
         <run_address>0xaec0</run_address>
         <size>0x3a</size>
         <input_file_ref idref="fl-6"/>
      </object_component>
      <object_component id="oc-137">
         <name>.data</name>
         <load_address>0xaf38</load_address>
         <run_address>0xaf38</run_address>
         <size>0x6</size>
         <input_file_ref idref="fl-7"/>
      </object_component>
      <object_component id="oc-1f8">
         <name>.data</name>
         <load_address>0xae9a</load_address>
         <run_address>0xae9a</run_address>
         <size>0x16</size>
         <input_file_ref idref="fl-9"/>
      </object_component>
      <object_component id="oc-347">
         <name>.data:acHardwareversion</name>
         <load_address>0xaf58</load_address>
         <run_address>0xaf58</run_address>
         <size>0x4</size>
         <input_file_ref idref="fl-9"/>
      </object_component>
      <object_component id="oc-34d">
         <name>.data:acSoftwareversion</name>
         <load_address>0xaf5c</load_address>
         <run_address>0xaf5c</run_address>
         <size>0x4</size>
         <input_file_ref idref="fl-9"/>
      </object_component>
      <object_component id="oc-341">
         <name>.data:acDevicename</name>
         <load_address>0xaf22</load_address>
         <run_address>0xaf22</run_address>
         <size>0x15</size>
         <input_file_ref idref="fl-9"/>
      </object_component>
      <object_component id="oc-201">
         <name>.data:ApplicationObjDic</name>
         <load_address>0xad4e</load_address>
         <run_address>0xad4e</run_address>
         <size>0x8c</size>
         <input_file_ref idref="fl-9"/>
      </object_component>
      <object_component id="oc-1fe">
         <name>.data:GenObjDic</name>
         <load_address>0xac72</load_address>
         <run_address>0xac72</run_address>
         <size>0xdc</size>
         <input_file_ref idref="fl-9"/>
      </object_component>
      <object_component id="oc-12e">
         <name>.data</name>
         <load_address>0xaf46</load_address>
         <run_address>0xaf46</run_address>
         <size>0x6</size>
         <input_file_ref idref="fl-a"/>
      </object_component>
      <object_component id="oc-1ed">
         <name>.data</name>
         <load_address>0xaf60</load_address>
         <run_address>0xaf60</run_address>
         <size>0x4</size>
         <input_file_ref idref="fl-e"/>
      </object_component>
      <object_component id="oc-4e7">
         <name>.data</name>
         <load_address>0xaebd</load_address>
         <run_address>0xaebd</run_address>
         <size>0x1</size>
         <input_file_ref idref="fl-11"/>
      </object_component>
      <object_component id="oc-12b">
         <name>.data</name>
         <load_address>0xaf4c</load_address>
         <run_address>0xaf4c</run_address>
         <size>0x6</size>
         <input_file_ref idref="fl-13"/>
      </object_component>
      <object_component id="oc-2f6">
         <name>.data:aSubindexDesc</name>
         <load_address>0xaeb0</load_address>
         <run_address>0xaeb0</run_address>
         <size>0xd</size>
         <input_file_ref idref="fl-13"/>
      </object_component>
      <object_component id="oc-39d">
         <name>.data</name>
         <load_address>0xaf6a</load_address>
         <run_address>0xaf6a</run_address>
         <size>0x1</size>
         <input_file_ref idref="fl-14"/>
      </object_component>
      <object_component id="oc-167">
         <name>.data</name>
         <load_address>0xaf40</load_address>
         <run_address>0xaf40</run_address>
         <size>0x6</size>
         <input_file_ref idref="fl-16"/>
      </object_component>
      <object_component id="oc-2e1">
         <name>.data</name>
         <load_address>0xaf52</load_address>
         <run_address>0xaf52</run_address>
         <size>0x6</size>
         <input_file_ref idref="fl-4c"/>
      </object_component>
      <object_component id="oc-2e4">
         <name>.data:_lock</name>
         <load_address>0xaf3e</load_address>
         <run_address>0xaf3e</run_address>
         <size>0x2</size>
         <input_file_ref idref="fl-4d"/>
      </object_component>
      <object_component id="oc-396">
         <name>.data:_unlock</name>
         <load_address>0xaf64</load_address>
         <run_address>0xaf64</run_address>
         <size>0x2</size>
         <input_file_ref idref="fl-4d"/>
      </object_component>
      <object_component id="oc-560">
         <name>.data</name>
         <load_address>0xaf37</load_address>
         <run_address>0xaf37</run_address>
         <size>0x1</size>
         <input_file_ref idref="fl-52"/>
      </object_component>
      <object_component id="oc-4be">
         <name>.data:_ftable</name>
         <load_address>0xadda</load_address>
         <run_address>0xadda</run_address>
         <size>0x78</size>
         <input_file_ref idref="fl-52"/>
      </object_component>
      <object_component id="oc-399">
         <name>.data</name>
         <load_address>0xaf68</load_address>
         <run_address>0xaf68</run_address>
         <size>0x1</size>
         <input_file_ref idref="fl-56"/>
      </object_component>
      <object_component id="oc-565">
         <name>.data:_stream</name>
         <load_address>0xaefa</load_address>
         <run_address>0xaefa</run_address>
         <size>0x28</size>
         <input_file_ref idref="fl-5c"/>
      </object_component>
      <object_component id="oc-5c5">
         <name>.data:_device</name>
         <load_address>0xae52</load_address>
         <run_address>0xae52</run_address>
         <size>0x48</size>
         <input_file_ref idref="fl-5c"/>
      </object_component>
      <object_component id="oc-59f">
         <name>.data</name>
         <load_address>0xaf66</load_address>
         <run_address>0xaf66</run_address>
         <size>0x1</size>
         <input_file_ref idref="fl-5d"/>
      </object_component>
      <object_component id="oc-63d">
         <name>.data</name>
         <load_address>0xaf67</load_address>
         <run_address>0xaf67</run_address>
         <size>0x1</size>
         <input_file_ref idref="fl-62"/>
      </object_component>
      <object_component id="oc-6a9">
         <name>.data</name>
         <load_address>0xaf69</load_address>
         <run_address>0xaf69</run_address>
         <size>0x1</size>
         <input_file_ref idref="fl-6f"/>
      </object_component>
      <object_component id="oc-67">
         <name>.sysmem</name>
         <uninitialized>true</uninitialized>
         <run_address>0xc000</run_address>
         <size>0x4</size>
         <input_file_ref idref="fl-56"/>
      </object_component>
      <object_component id="oc-780">
         <name>.sysmem</name>
         <uninitialized>true</uninitialized>
         <run_address>0xc000</run_address>
         <size>0x0</size>
      </object_component>
      <object_component id="oc-5d8">
         <name>.const:.string:_ctypes_</name>
         <load_address>0x90000</load_address>
         <run_address>0x90000</run_address>
         <size>0x101</size>
         <input_file_ref idref="fl-51"/>
      </object_component>
      <object_component id="oc-365">
         <name>.const:.string:aName0x1C32</name>
         <load_address>0x90101</load_address>
         <run_address>0x90101</run_address>
         <size>0x100</size>
         <input_file_ref idref="fl-9"/>
      </object_component>
      <object_component id="oc-368">
         <name>.const:.string:aName0x1C33</name>
         <load_address>0x90201</load_address>
         <run_address>0x90201</run_address>
         <size>0xff</size>
         <input_file_ref idref="fl-9"/>
      </object_component>
      <object_component id="oc-9b">
         <name>.const:.string</name>
         <load_address>0x90300</load_address>
         <run_address>0x90300</run_address>
         <size>0xec</size>
         <input_file_ref idref="fl-2"/>
      </object_component>
      <object_component id="oc-275">
         <name>.const:.string</name>
         <load_address>0x903ec</load_address>
         <run_address>0x903ec</run_address>
         <size>0xc2</size>
         <input_file_ref idref="fl-24"/>
      </object_component>
      <object_component id="oc-234">
         <name>.const:.string</name>
         <load_address>0x904ae</load_address>
         <run_address>0x904ae</run_address>
         <size>0xbf</size>
         <input_file_ref idref="fl-20"/>
      </object_component>
      <object_component id="oc-174">
         <name>.const:.string</name>
         <load_address>0x9056e</load_address>
         <run_address>0x9056e</run_address>
         <size>0xbc</size>
         <input_file_ref idref="fl-21"/>
      </object_component>
      <object_component id="oc-195">
         <name>.const:.string</name>
         <load_address>0x9062a</load_address>
         <run_address>0x9062a</run_address>
         <size>0xbb</size>
         <input_file_ref idref="fl-23"/>
      </object_component>
      <object_component id="oc-13c">
         <name>.const:.string</name>
         <load_address>0x906e6</load_address>
         <run_address>0x906e6</run_address>
         <size>0x9f</size>
         <input_file_ref idref="fl-5"/>
      </object_component>
      <object_component id="oc-133">
         <name>.const:.string</name>
         <load_address>0x90786</load_address>
         <run_address>0x90786</run_address>
         <size>0x9a</size>
         <input_file_ref idref="fl-7"/>
      </object_component>
      <object_component id="oc-370">
         <name>.const:.string:aName0x1600</name>
         <load_address>0x90820</load_address>
         <run_address>0x90820</run_address>
         <size>0x87</size>
         <input_file_ref idref="fl-9"/>
      </object_component>
      <object_component id="oc-376">
         <name>.const:.string:aName0x1A00</name>
         <load_address>0x908a7</load_address>
         <run_address>0x908a7</run_address>
         <size>0x87</size>
         <input_file_ref idref="fl-9"/>
      </object_component>
      <object_component id="oc-3aa">
         <name>.const:.string</name>
         <load_address>0x9092e</load_address>
         <run_address>0x9092e</run_address>
         <size>0x63</size>
         <input_file_ref idref="fl-22"/>
      </object_component>
      <object_component id="oc-362">
         <name>.const:asEntryDesc0x1C3x</name>
         <load_address>0x90991</load_address>
         <run_address>0x90991</run_address>
         <size>0x63</size>
         <input_file_ref idref="fl-9"/>
      </object_component>
      <object_component id="oc-17d">
         <name>.const:.string</name>
         <load_address>0x909f4</load_address>
         <run_address>0x909f4</run_address>
         <size>0x62</size>
         <input_file_ref idref="fl-1f"/>
      </object_component>
      <object_component id="oc-388">
         <name>.const:.string:aName0x6000</name>
         <load_address>0x90a56</load_address>
         <run_address>0x90a56</run_address>
         <size>0x52</size>
         <input_file_ref idref="fl-9"/>
      </object_component>
      <object_component id="oc-38e">
         <name>.const:.string:aName0x7000</name>
         <load_address>0x90aa8</load_address>
         <run_address>0x90aa8</run_address>
         <size>0x52</size>
         <input_file_ref idref="fl-9"/>
      </object_component>
      <object_component id="oc-1a5">
         <name>.const:.string</name>
         <load_address>0x90afa</load_address>
         <run_address>0x90afa</run_address>
         <size>0x51</size>
         <input_file_ref idref="fl-8"/>
      </object_component>
      <object_component id="oc-359">
         <name>.const:.string:aName0x10F1</name>
         <load_address>0x90b4b</load_address>
         <run_address>0x90b4b</run_address>
         <size>0x3f</size>
         <input_file_ref idref="fl-9"/>
      </object_component>
      <object_component id="oc-3a0">
         <name>.const:cAbortCode</name>
         <load_address>0x90b8a</load_address>
         <run_address>0x90b8a</run_address>
         <size>0x3c</size>
         <input_file_ref idref="fl-14"/>
      </object_component>
      <object_component id="oc-353">
         <name>.const:.string:aName0x1018</name>
         <load_address>0x90bc6</load_address>
         <run_address>0x90bc6</run_address>
         <size>0x39</size>
         <input_file_ref idref="fl-9"/>
      </object_component>
      <object_component id="oc-575">
         <name>.const:.string</name>
         <load_address>0x90c00</load_address>
         <run_address>0x90c00</run_address>
         <size>0x26</size>
         <input_file_ref idref="fl-31"/>
      </object_component>
      <object_component id="oc-5e5">
         <name>.const</name>
         <load_address>0x90c26</load_address>
         <run_address>0x90c26</run_address>
         <size>0x1c</size>
         <input_file_ref idref="fl-31"/>
      </object_component>
      <object_component id="oc-698">
         <name>.const</name>
         <load_address>0x90c42</load_address>
         <run_address>0x90c42</run_address>
         <size>0x1c</size>
         <input_file_ref idref="fl-5f"/>
      </object_component>
      <object_component id="oc-37c">
         <name>.const:.string:aName0x1C12</name>
         <load_address>0x90c5e</load_address>
         <run_address>0x90c5e</run_address>
[...]
      <symbol id="sm-b16">
         <name>SysCtl_getLowSpeedClock</name>
         <value>0x87d67</value>
         <object_component_ref idref="oc-161"/>
      </symbol>
      <symbol id="sm-b17">
         <name>SysCtl_setClock</name>
         <value>0x86128</value>
         <object_component_ref idref="oc-154"/>
      </symbol>
      <symbol id="sm-b18">
         <name>SysCtl_getClock</name>
         <value>0x875ef</value>
         <object_component_ref idref="oc-15a"/>
      </symbol>
      <symbol id="sm-b29">
         <name>printf</name>
         <value>0x87958</value>
         <object_component_ref idref="oc-3e6"/>
      </symbol>
      <symbol id="sm-c91">
         <name>__TI_printfi</name>
         <value>0x8448f</value>
         <object_component_ref idref="oc-535"/>
      </symbol>
      <symbol id="sm-ca5">
         <name>putc</name>
         <value>0x8754a</value>
         <object_component_ref idref="oc-4b2"/>
      </symbol>
      <symbol id="sm-ca6">
         <name>fputc</name>
         <value>0x8754a</value>
         <object_component_ref idref="oc-4b2"/>
      </symbol>
      <symbol id="sm-ca7">
         <name>putchar</name>
         <value>0x87598</value>
         <object_component_ref idref="oc-4b2"/>
      </symbol>
      <symbol id="sm-cc4">
         <name>puts</name>
         <value>0x86c3d</value>
         <object_component_ref idref="oc-4b8"/>
      </symbol>
      <symbol id="sm-cc5">
         <name>fputs</name>
         <value>0x86ba8</value>
         <object_component_ref idref="oc-4b8"/>
      </symbol>
      <symbol id="sm-cdd">
         <name>__TI_wrt_ok</name>
         <value>0x8731c</value>
         <object_component_ref idref="oc-509"/>
      </symbol>
      <symbol id="sm-cde">
         <name>__TI_rd_ok</name>
         <value>0x87356</value>
         <object_component_ref idref="oc-509"/>
      </symbol>
      <symbol id="sm-cf6">
         <name>setvbuf</name>
         <value>0x87154</value>
         <object_component_ref idref="oc-558"/>
      </symbol>
      <symbol id="sm-d00">
         <name>_c_int00</name>
         <value>0x87e28</value>
         <object_component_ref idref="oc-fd"/>
      </symbol>
      <symbol id="sm-d01">
         <name>__stack</name>
         <value>0x400</value>
         <object_component_ref idref="oc-66"/>
      </symbol>
      <symbol id="sm-d0d">
         <name>__c28xabi_cmpd</name>
         <value>0x87ad7</value>
         <object_component_ref idref="oc-5e6"/>
      </symbol>
      <symbol id="sm-d1b">
         <name>__c28xabi_mpyd</name>
         <value>0x87052</value>
         <object_component_ref idref="oc-5f5"/>
      </symbol>
      <symbol id="sm-d24">
         <name>__c28xabi_negd</name>
         <value>0x87fcb</value>
         <object_component_ref idref="oc-5eb"/>
      </symbol>
      <symbol id="sm-d2c">
         <name>__c28xabi_subd</name>
         <value>0x87f2d</value>
         <object_component_ref idref="oc-60a"/>
      </symbol>
      <symbol id="sm-d37">
         <name>__c28xabi_dtoi</name>
         <value>0x87c3c</value>
         <object_component_ref idref="oc-60f"/>
      </symbol>
      <symbol id="sm-d42">
         <name>__c28xabi_dtol</name>
         <value>0x87c9c</value>
         <object_component_ref idref="oc-5fa"/>
      </symbol>
      <symbol id="sm-d4f">
         <name>__c28xabi_divf</name>
         <value>0x86fca</value>
         <object_component_ref idref="oc-288"/>
      </symbol>
      <symbol id="sm-d57">
         <name>__c28xabi_orll</name>
         <value>0x87dbb</value>
         <object_component_ref idref="oc-594"/>
      </symbol>
      <symbol id="sm-d58">
         <name>__c28xabi_xorll</name>
         <value>0x87dc3</value>
         <object_component_ref idref="oc-594"/>
      </symbol>
      <symbol id="sm-d59">
         <name>__c28xabi_andll</name>
         <value>0x87db3</value>
         <object_component_ref idref="oc-594"/>
      </symbol>
      <symbol id="sm-d63">
         <name>__c28xabi_cmpll</name>
         <value>0x87cd9</value>
         <object_component_ref idref="oc-58a"/>
      </symbol>
      <symbol id="sm-d64">
         <name>__c28xabi_cmpull</name>
         <value>0x87ceb</value>
         <object_component_ref idref="oc-58a"/>
      </symbol>
      <symbol id="sm-d8b">
         <name>__c28xabi_modull</name>
         <value>0x86978</value>
         <object_component_ref idref="oc-58f"/>
      </symbol>
      <symbol id="sm-d8c">
         <name>__c28xabi_divull</name>
         <value>0x86949</value>
         <object_component_ref idref="oc-58f"/>
      </symbol>
      <symbol id="sm-d8d">
         <name>__c28xabi_divll</name>
         <value>0x868d3</value>
         <object_component_ref idref="oc-58f"/>
      </symbol>
      <symbol id="sm-d8e">
         <name>__c28xabi_modll</name>
         <value>0x8690f</value>
         <object_component_ref idref="oc-58f"/>
      </symbol>
      <symbol id="sm-d9a">
         <name>__c28xabi_itod</name>
         <value>0x87cf7</value>
         <object_component_ref idref="oc-620"/>
      </symbol>
      <symbol id="sm-da2">
         <name>__c28xabi_modu</name>
         <value>0x87f8a</value>
         <object_component_ref idref="oc-2eb"/>
      </symbol>
      <symbol id="sm-da3">
         <name>__c28xabi_divu</name>
         <value>0x87f85</value>
         <object_component_ref idref="oc-2eb"/>
      </symbol>
      <symbol id="sm-daf">
         <name>__c28xabi_ltod</name>
         <value>0x87d31</value>
         <object_component_ref idref="oc-605"/>
      </symbol>
      <symbol id="sm-db7">
         <name>__c28xabi_divul</name>
         <value>0x87b1e</value>
         <object_component_ref idref="oc-117"/>
      </symbol>
      <symbol id="sm-db8">
         <name>__c28xabi_modul</name>
         <value>0x87b25</value>
         <object_component_ref idref="oc-117"/>
      </symbol>
      <symbol id="sm-db9">
         <name>__c28xabi_modl</name>
         <value>0x87b10</value>
         <object_component_ref idref="oc-117"/>
      </symbol>
      <symbol id="sm-dba">
         <name>__c28xabi_divl</name>
         <value>0x87b01</value>
         <object_component_ref idref="oc-117"/>
      </symbol>
      <symbol id="sm-dcd">
         <name>__c28xabi_divd</name>
         <value>0x86f3f</value>
         <object_component_ref idref="oc-5f0"/>
      </symbol>
      <symbol id="sm-ddf">
         <name>memcpy</name>
         <value>0x87d14</value>
         <object_component_ref idref="oc-6c"/>
      </symbol>
      <symbol id="sm-dec">
         <name>_system_pre_init</name>
         <value>0x88005</value>
         <object_component_ref idref="oc-1b8"/>
      </symbol>
      <symbol id="sm-dfb">
         <name>__TI_auto_init_nobinit_nopinit</name>
         <value>0x87aac</value>
         <object_component_ref idref="oc-2a9"/>
      </symbol>
      <symbol id="sm-e08">
         <name>__TI_zero_init</name>
         <value>0x87ffa</value>
         <object_component_ref idref="oc-7a"/>
      </symbol>
      <symbol id="sm-e15">
         <name>__TI_decompress_none</name>
         <value>0x87fdc</value>
         <object_component_ref idref="oc-2a"/>
      </symbol>
      <symbol id="sm-e29">
         <name>__TI_decompress_lzss</name>
         <value>0x87a4c</value>
         <object_component_ref idref="oc-24"/>
      </symbol>
      <symbol id="sm-e3f">
         <name>C$$EXIT</name>
         <value>0x87b54</value>
         <object_component_ref idref="oc-1c5"/>
      </symbol>
      <symbol id="sm-e40">
         <name>abort</name>
         <value>0x87b54</value>
         <object_component_ref idref="oc-1c5"/>
      </symbol>
      <symbol id="sm-e41">
         <name>exit</name>
         <value>0x87b56</value>
         <object_component_ref idref="oc-1c5"/>
      </symbol>
      <symbol id="sm-e42">
         <name>__TI_dtors_ptr</name>
         <value>0xaf56</value>
         <object_component_ref idref="oc-2e1"/>
      </symbol>
      <symbol id="sm-e43">
         <name>__TI_cleanup_ptr</name>
         <value>0xaf54</value>
         <object_component_ref idref="oc-2e1"/>
      </symbol>
      <symbol id="sm-e44">
         <name>__TI_enable_exit_profile_output</name>
         <value>0xaf52</value>
         <object_component_ref idref="oc-2e1"/>
      </symbol>
      <symbol id="sm-e5b">
         <name>_nop</name>
         <value>0x87fca</value>
         <object_component_ref idref="oc-3f3"/>
      </symbol>
      <symbol id="sm-e5c">
         <name>_lock</name>
         <value>0xaf3e</value>
         <object_component_ref idref="oc-2e4"/>
      </symbol>
      <symbol id="sm-e5d">
         <name>_unlock</name>
         <value>0xaf64</value>
         <object_component_ref idref="oc-396"/>
      </symbol>
      <symbol id="sm-e5e">
         <name>_register_lock</name>
         <value>0x87fc6</value>
         <object_component_ref idref="oc-3f3"/>
      </symbol>
      <symbol id="sm-e5f">
         <name>_register_unlock</name>
         <value>0x87fc2</value>
         <object_component_ref idref="oc-3f3"/>
      </symbol>
      <symbol id="sm-e6e">
         <name>__TI_ltoa</name>
         <value>0x87a7c</value>
         <object_component_ref idref="oc-5ff"/>
      </symbol>
      <symbol id="sm-e7d">
         <name>_args_main</name>
         <value>0x87f62</value>
         <object_component_ref idref="oc-1bf"/>
      </symbol>
      <symbol id="sm-e92">
         <name>atoi</name>
         <value>0x87a1b</value>
         <object_component_ref idref="oc-584"/>
      </symbol>
      <symbol id="sm-e9d">
         <name>_ctypes_</name>
         <value>0x90000</value>
         <object_component_ref idref="oc-5d8"/>
      </symbol>
      <symbol id="sm-eb2">
         <name>__TI_tmpnams</name>
         <value>0xaa22</value>
         <object_component_ref idref="oc-6b8"/>
      </symbol>
      <symbol id="sm-eb3">
         <name>_ftable</name>
         <value>0xadda</value>
         <object_component_ref idref="oc-4be"/>
      </symbol>
      <symbol id="sm-eb4">
         <name>__TI_ft_end</name>
         <value>0xaf37</value>
         <object_component_ref idref="oc-560"/>
      </symbol>
      <symbol id="sm-ec4">
         <name>memccpy</name>
         <value>0x87f0f</value>
         <object_component_ref idref="oc-57c"/>
      </symbol>
      <symbol id="sm-ed4">
         <name>memchr</name>
         <value>0x87f55</value>
         <object_component_ref idref="oc-51d"/>
      </symbol>
      <symbol id="sm-ee3">
         <name>memcmp</name>
         <value>0x87ea7</value>
         <object_component_ref idref="oc-4d4"/>
      </symbol>
      <symbol id="sm-f4a">
         <name>_sys_memory</name>
         <value>0xc000</value>
         <object_component_ref idref="oc-67"/>
      </symbol>
      <symbol id="sm-f4b">
         <name>free</name>
         <value>0x85ac6</value>
         <object_component_ref idref="oc-204"/>
      </symbol>
      <symbol id="sm-f4c">
         <name>__TI_heap_total_available</name>
         <value>0x85cf3</value>
         <object_component_ref idref="oc-204"/>
      </symbol>
      <symbol id="sm-f4d">
         <name>__TI_heap_largest_available</name>
         <value>0x85d12</value>
         <object_component_ref idref="oc-204"/>
      </symbol>
      <symbol id="sm-f4e">
         <name>realloc</name>
         <value>0x85b90</value>
         <object_component_ref idref="oc-204"/>
      </symbol>
      <symbol id="sm-f4f">
         <name>memalign</name>
         <value>0x85c45</value>
         <object_component_ref idref="oc-204"/>
      </symbol>
      <symbol id="sm-f50">
         <name>calloc</name>
         <value>0x85c18</value>
         <object_component_ref idref="oc-204"/>
      </symbol>
      <symbol id="sm-f51">
         <name>malloc</name>
         <value>0x85a9b</value>
         <object_component_ref idref="oc-204"/>
      </symbol>
      <symbol id="sm-f52">
         <name>__TI_heap_check</name>
         <value>0x85d31</value>
         <object_component_ref idref="oc-204"/>
      </symbol>
      <symbol id="sm-f53">
         <name>aligned_alloc</name>
         <value>0x85c45</value>
         <object_component_ref idref="oc-204"/>
      </symbol>
      <symbol id="sm-f54">
         <name>minit</name>
         <value>0x85c14</value>
         <object_component_ref idref="oc-204"/>
      </symbol>
      <symbol id="sm-f63">
         <name>memset</name>
         <value>0x87ff3</value>
         <object_component_ref idref="oc-f6"/>
      </symbol>
      <symbol id="sm-f73">
         <name>strchr</name>
         <value>0x87f6e</value>
         <object_component_ref idref="oc-625"/>
      </symbol>
      <symbol id="sm-f81">
         <name>strcpy</name>
         <value>0x88000</value>
         <object_component_ref idref="oc-576"/>
      </symbol>
      <symbol id="sm-f8f">
         <name>strlen</name>
         <value>0x87fe4</value>
         <object_component_ref idref="oc-2f0"/>
      </symbol>
      <symbol id="sm-f9d">
         <name>write</name>
         <value>0x87d9a</value>
         <object_component_ref idref="oc-515"/>
      </symbol>
      <symbol id="sm-fad">
         <name>_stream</name>
         <value>0xaefa</value>
         <object_component_ref idref="oc-565"/>
      </symbol>
      <symbol id="sm-fae">
         <name>_device</name>
         <value>0xae52</value>
         <object_component_ref idref="oc-5c5"/>
      </symbol>
      <symbol id="sm-fb9">
         <name>errno</name>
         <value>0xaf66</value>
         <object_component_ref idref="oc-59f"/>
      </symbol>
      <symbol id="sm-fd0">
         <name>frexpl</name>
         <value>0x8749b</value>
         <object_component_ref idref="oc-614"/>
      </symbol>
      <symbol id="sm-fd1">
         <name>frexp</name>
         <value>0x8749b</value>
         <object_component_ref idref="oc-614"/>
      </symbol>
      <symbol id="sm-ff3">
         <name>scalbn</name>
         <value>0x85f48</value>
         <object_component_ref idref="oc-61a"/>
      </symbol>
      <symbol id="sm-ff4">
         <name>scalbnl</name>
         <value>0x85f48</value>
         <object_component_ref idref="oc-61a"/>
      </symbol>
      <symbol id="sm-ff5">
         <name>ldexpl</name>
         <value>0x85f48</value>
         <object_component_ref idref="oc-61a"/>
      </symbol>
      <symbol id="sm-ff6">
         <name>ldexp</name>
         <value>0x85f48</value>
         <object_component_ref idref="oc-61a"/>
      </symbol>
      <symbol id="sm-1005">
         <name>wcslen</name>
         <value>0x87f90</value>
         <object_component_ref idref="oc-599"/>
      </symbol>
      <symbol id="sm-101c">
         <name>__TI_doflush</name>
         <value>0x871d0</value>
         <object_component_ref idref="oc-50f"/>
      </symbol>
      <symbol id="sm-101d">
         <name>fflush</name>
         <value>0x871ff</value>
         <object_component_ref idref="oc-50f"/>
      </symbol>
      <symbol id="sm-1056">
         <name>__TI_cleanup</name>
         <value>0x86851</value>
         <object_component_ref idref="oc-5b5"/>
      </symbol>
      <symbol id="sm-1057">
         <name>freopen</name>
         <value>0x8686e</value>
         <object_component_ref idref="oc-5b5"/>
      </symbol>
      <symbol id="sm-1058">
         <name>fopen</name>
         <value>0x8688c</value>
         <object_component_ref idref="oc-5b5"/>
      </symbol>
      <symbol id="sm-1069">
         <name>fseeko</name>
         <value>0x8775a</value>
         <object_component_ref idref="oc-552"/>
      </symbol>
      <symbol id="sm-106a">
         <name>fseek</name>
         <value>0x8775a</value>
         <object_component_ref idref="oc-552"/>
      </symbol>
      <symbol id="sm-1081">
         <name>__c28xabi_addd</name>
         <value>0x86c50</value>
         <object_component_ref idref="oc-68c"/>
      </symbol>
      <symbol id="sm-108f">
         <name>_system_post_cinit</name>
         <value>0x832bd</value>
         <object_component_ref idref="oc-3ca"/>
      </symbol>
      <symbol id="sm-109c">
         <name>HOSTclose</name>
         <value>0x87b7d</value>
         <object_component_ref idref="oc-649"/>
      </symbol>
      <symbol id="sm-10a9">
         <name>HOSTlseek</name>
         <value>0x87381</value>
         <object_component_ref idref="oc-65b"/>
      </symbol>
      <symbol id="sm-10bc">
         <name>parmbuf</name>
         <value>0xac52</value>
         <object_component_ref idref="oc-6c6"/>
      </symbol>
      <symbol id="sm-10bd">
         <name>HOSTopen</name>
         <value>0x87797</value>
         <object_component_ref idref="oc-643"/>
      </symbol>
      <symbol id="sm-10cb">
         <name>HOSTread</name>
         <value>0x8780a</value>
         <object_component_ref idref="oc-64f"/>
      </symbol>
      <symbol id="sm-10d8">
         <name>HOSTrename</name>
         <value>0x876df</value>
         <object_component_ref idref="oc-667"/>
      </symbol>
      <symbol id="sm-10e5">
         <name>HOSTunlink</name>
         <value>0x87bf4</value>
         <object_component_ref idref="oc-661"/>
      </symbol>
      <symbol id="sm-10f3">
         <name>HOSTwrite</name>
         <value>0x877d1</value>
         <object_component_ref idref="oc-655"/>
      </symbol>
      <symbol id="sm-1110">
         <name>__TI_readmsg</name>
         <value>0x86e72</value>
         <object_component_ref idref="oc-6c9"/>
      </symbol>
      <symbol id="sm-1111">
         <name>C$$IO$$</name>
         <value>0x86e6d</value>
         <object_component_ref idref="oc-6c9"/>
      </symbol>
      <symbol id="sm-1112">
         <name>__CIOBUF_</name>
         <value>0xa800</value>
         <object_component_ref idref="oc-70f"/>
      </symbol>
      <symbol id="sm-1113">
         <name>__TI_writemsg</name>
         <value>0x86e1a</value>
         <object_component_ref idref="oc-6c9"/>
      </symbol>
      <symbol id="sm-112c">
         <name>open</name>
         <value>0x87243</value>
         <object_component_ref idref="oc-631"/>
      </symbol>
      <symbol id="sm-113a">
         <name>lseek</name>
         <value>0x87dcb</value>
         <object_component_ref idref="oc-5ad"/>
      </symbol>
      <symbol id="sm-1148">
         <name>copysign</name>
         <value>0x87c18</value>
         <object_component_ref idref="oc-69b"/>
      </symbol>
      <symbol id="sm-1149">
         <name>copysignl</name>
         <value>0x87c18</value>
         <object_component_ref idref="oc-69b"/>
      </symbol>
      <symbol id="sm-115b">
         <name>__TI_closefile</name>
         <value>0x873e2</value>
         <object_component_ref idref="oc-637"/>
      </symbol>
      <symbol id="sm-115c">
         <name>fclose</name>
         <value>0x87426</value>
         <object_component_ref idref="oc-637"/>
      </symbol>
      <symbol id="sm-116e">
         <name>finddevice</name>
         <value>0x87640</value>
         <object_component_ref idref="oc-6aa"/>
      </symbol>
      <symbol id="sm-116f">
         <name>getdevice</name>
         <value>0x8765b</value>
         <object_component_ref idref="oc-6aa"/>
      </symbol>
      <symbol id="sm-117e">
         <name>strcmp</name>
         <value>0x87faf</value>
         <object_component_ref idref="oc-6f3"/>
      </symbol>
      <symbol id="sm-118f">
         <name>strncpy</name>
         <value>0x87e6b</value>
         <object_component_ref idref="oc-6f9"/>
      </symbol>
      <symbol id="sm-11a1">
         <name>close</name>
         <value>0x87986</value>
         <object_component_ref idref="oc-6b2"/>
      </symbol>
      <symbol id="sm-11ae">
         <name>unlink</name>
         <value>0x87d81</value>
         <object_component_ref idref="oc-6bb"/>
      </symbol>
      <symbol id="sm-11b0">
         <name>__c_args__</name>
         <value>0x0</value>
      </symbol>
      <symbol id="sm-11b1">
         <name>remove</name>
         <value>0x87d81</value>
      </symbol>
   </symbol_table>
   <title>Link successful</title>
</link_info>
