<?xml version="1.0" encoding="ISO-8859-1" ?>
<link_info>
   <banner>TMS320C2000 Linker PC v22.6.1.LTS</banner>
   <copyright>Copyright (c) 1996-2018 Texas Instruments Incorporated</copyright>
   <link_time>0x69e823ba</link_time>
   <link_errors>0x0</link_errors>
   <output_file>F28377D.out</output_file>
   <entry_point>
      <name>code_start</name>
      <address>0x84000</address>
   </entry_point>
   <input_file_list>
      <input_file id="fl-2">
         <path>.\syscfg\</path>
         <kind>object</kind>
         <file>board.obj</file>
         <name>board.obj</name>
      </input_file>
      <input_file id="fl-3">
         <path>.\syscfg\</path>
         <kind>object</kind>
         <file>c2000ware_libraries.obj</file>
         <name>c2000ware_libraries.obj</name>
      </input_file>
      <input_file id="fl-4">
         <path>.\</path>
         <kind>object</kind>
         <file>main.obj</file>
         <name>main.obj</name>
      </input_file>
      <input_file id="fl-5">
         <path>.\Core\src\communication\</path>
         <kind>object</kind>
         <file>commu_core.obj</file>
         <name>commu_core.obj</name>
      </input_file>
      <input_file id="fl-6">
         <path>.\Core\src\communication\</path>
         <kind>object</kind>
         <file>host_rs232.obj</file>
         <name>host_rs232.obj</name>
      </input_file>
      <input_file id="fl-7">
         <path>.\Core\src\communication\</path>
         <kind>object</kind>
         <file>serviceport.obj</file>
         <name>serviceport.obj</name>
      </input_file>
      <input_file id="fl-8">
         <path>.\Core\src\</path>
         <kind>object</kind>
         <file>dsp_it.obj</file>
         <name>dsp_it.obj</name>
      </input_file>
      <input_file id="fl-9">
         <path>.\Core\src\</path>
         <kind>object</kind>
         <file>func_exec.obj</file>
         <name>func_exec.obj</name>
      </input_file>
      <input_file id="fl-a">
         <path>.\Core\src\</path>
         <kind>object</kind>
         <file>param_store.obj</file>
         <name>param_store.obj</name>
      </input_file>
      <input_file id="fl-b">
         <path>.\Core\src\elmo\</path>
         <kind>object</kind>
         <file>elmo_can.obj</file>
         <name>elmo_can.obj</name>
      </input_file>
      <input_file id="fl-c">
         <path>.\Core\src\elmo\</path>
         <kind>object</kind>
         <file>elmo_ctrl.obj</file>
         <name>elmo_ctrl.obj</name>
      </input_file>
      <input_file id="fl-d">
         <path>.\Core\src\elmo\</path>
         <kind>object</kind>
         <file>elmo_rs232.obj</file>
         <name>elmo_rs232.obj</name>
      </input_file>
      <input_file id="fl-e">
         <path>.\Core\src\mode_ctrl\</path>
         <kind>object</kind>
         <file>mode_calib.obj</file>
         <name>mode_calib.obj</name>
      </input_file>
      <input_file id="fl-f">
         <path>.\Core\src\mode_ctrl\</path>
         <kind>object</kind>
         <file>mode_ctrl.obj</file>
         <name>mode_ctrl.obj</name>
      </input_file>
      <input_file id="fl-10">
         <path>.\Core\src\mode_ctrl\</path>
         <kind>object</kind>
         <file>mode_position.obj</file>
         <name>mode_position.obj</name>
      </input_file>
      <input_file id="fl-11">
         <path>.\Core\src\mode_ctrl\</path>
         <kind>object</kind>
         <file>mode_press.obj</file>
         <name>mode_press.obj</name>
      </input_file>
      <input_file id="fl-12">
         <path>.\Core\src\mode_ctrl\</path>
         <kind>object</kind>
         <file>mode_root.obj</file>
         <name>mode_root.obj</name>
      </input_file>
      <input_file id="fl-13">
         <path>.\ECAT\</path>
         <kind>object</kind>
         <file>9252_HW.obj</file>
         <name>9252_HW.obj</name>
      </input_file>
      <input_file id="fl-14">
         <path>.\ECAT\</path>
         <kind>object</kind>
         <file>PIC32_EtherCAT_Slave.obj</file>
         <name>PIC32_EtherCAT_Slave.obj</name>
      </input_file>
      <input_file id="fl-15">
         <path>.\ECAT\</path>
         <kind>object</kind>
         <file>SPIDriver.obj</file>
         <name>SPIDriver.obj</name>
      </input_file>
      <input_file id="fl-16">
         <path>.\ECAT\src\</path>
         <kind>object</kind>
         <file>coeappl.obj</file>
         <name>coeappl.obj</name>
      </input_file>
      <input_file id="fl-17">
         <path>.\ECAT\src\</path>
         <kind>object</kind>
         <file>ecatappl.obj</file>
         <name>ecatappl.obj</name>
      </input_file>
      <input_file id="fl-18">
         <path>.\ECAT\src\</path>
         <kind>object</kind>
         <file>ecatcoe.obj</file>
         <name>ecatcoe.obj</name>
      </input_file>
      <input_file id="fl-19">
         <path>.\ECAT\src\</path>
         <kind>object</kind>
         <file>ecateoe.obj</file>
         <name>ecateoe.obj</name>
      </input_file>
      <input_file id="fl-1a">
         <path>.\ECAT\src\</path>
         <kind>object</kind>
         <file>ecatfoe.obj</file>
         <name>ecatfoe.obj</name>
      </input_file>
      <input_file id="fl-1b">
         <path>.\ECAT\src\</path>
         <kind>object</kind>
         <file>ecatslv.obj</file>
         <name>ecatslv.obj</name>
      </input_file>
      <input_file id="fl-1c">
         <path>.\ECAT\src\</path>
         <kind>object</kind>
         <file>emcy.obj</file>
         <name>emcy.obj</name>
      </input_file>
      <input_file id="fl-1d">
         <path>.\ECAT\src\</path>
         <kind>object</kind>
         <file>eoeappl.obj</file>
         <name>eoeappl.obj</name>
      </input_file>
      <input_file id="fl-1e">
         <path>.\ECAT\src\</path>
         <kind>object</kind>
         <file>foeappl.obj</file>
         <name>foeappl.obj</name>
      </input_file>
      <input_file id="fl-1f">
         <path>.\ECAT\src\</path>
         <kind>object</kind>
         <file>mailbox.obj</file>
         <name>mailbox.obj</name>
      </input_file>
      <input_file id="fl-20">
         <path>.\ECAT\src\</path>
         <kind>object</kind>
         <file>objdef.obj</file>
         <name>objdef.obj</name>
      </input_file>
      <input_file id="fl-21">
         <path>.\ECAT\src\</path>
         <kind>object</kind>
         <file>sdoserv.obj</file>
         <name>sdoserv.obj</name>
      </input_file>
      <input_file id="fl-22">
         <path>.\device\</path>
         <kind>object</kind>
         <file>F2837xD_CodeStartBranch.obj</file>
         <name>F2837xD_CodeStartBranch.obj</name>
      </input_file>
      <input_file id="fl-23">
         <path>.\device\</path>
         <kind>object</kind>
         <file>device.obj</file>
         <name>device.obj</name>
      </input_file>
      <input_file id="fl-28">
         <kind>object</kind>
         <file>&lt;internal&gt;</file>
         <name>&lt;internal&gt;</name>
      </input_file>
      <input_file id="fl-2c">
         <path>D:\software\ti\c2000\C2000Ware_6_00_01_00\driverlib\f2837xd\driverlib\ccs\Debug\</path>
         <kind>archive</kind>
         <file>driverlib_eabi.lib</file>
         <name>adc.obj</name>
      </input_file>
      <input_file id="fl-2d">
         <path>D:\software\ti\c2000\C2000Ware_6_00_01_00\driverlib\f2837xd\driverlib\ccs\Debug\</path>
         <kind>archive</kind>
         <file>driverlib_eabi.lib</file>
         <name>can.obj</name>
      </input_file>
      <input_file id="fl-2e">
         <path>D:\software\ti\c2000\C2000Ware_6_00_01_00\driverlib\f2837xd\driverlib\ccs\Debug\</path>
         <kind>archive</kind>
         <file>driverlib_eabi.lib</file>
         <name>cputimer.obj</name>
      </input_file>
      <input_file id="fl-2f">
         <path>D:\software\ti\c2000\C2000Ware_6_00_01_00\driverlib\f2837xd\driverlib\ccs\Debug\</path>
         <kind>archive</kind>
         <file>driverlib_eabi.lib</file>
         <name>flash.obj</name>
      </input_file>
      <input_file id="fl-30">
         <path>D:\software\ti\c2000\C2000Ware_6_00_01_00\driverlib\f2837xd\driverlib\ccs\Debug\</path>
         <kind>archive</kind>
         <file>driverlib_eabi.lib</file>
         <name>gpio.obj</name>
      </input_file>
      <input_file id="fl-31">
         <path>D:\software\ti\c2000\C2000Ware_6_00_01_00\driverlib\f2837xd\driverlib\ccs\Debug\</path>
         <kind>archive</kind>
         <file>driverlib_eabi.lib</file>
         <name>i2c.obj</name>
      </input_file>
      <input_file id="fl-32">
         <path>D:\software\ti\c2000\C2000Ware_6_00_01_00\driverlib\f2837xd\driverlib\ccs\Debug\</path>
         <kind>archive</kind>
         <file>driverlib_eabi.lib</file>
         <name>interrupt.obj</name>
      </input_file>
      <input_file id="fl-33">
         <path>D:\software\ti\c2000\C2000Ware_6_00_01_00\driverlib\f2837xd\driverlib\ccs\Debug\</path>
         <kind>archive</kind>
         <file>driverlib_eabi.lib</file>
         <name>sci.obj</name>
      </input_file>
      <input_file id="fl-34">
         <path>D:\software\ti\c2000\C2000Ware_6_00_01_00\driverlib\f2837xd\driverlib\ccs\Debug\</path>
         <kind>archive</kind>
         <file>driverlib_eabi.lib</file>
         <name>spi.obj</name>
      </input_file>
      <input_file id="fl-35">
         <path>D:\software\ti\c2000\C2000Ware_6_00_01_00\driverlib\f2837xd\driverlib\ccs\Debug\</path>
         <kind>archive</kind>
         <file>driverlib_eabi.lib</file>
         <name>sysctl.obj</name>
      </input_file>
      <input_file id="fl-41">
         <path>D:\software\ti\ccs1281\ccs\tools\compiler\ti-cgt-c2000_22.6.1.LTS\lib\</path>
         <kind>archive</kind>
         <file>rts2800_fpu32_eabi.lib</file>
         <name>snprintf.c.obj</name>
      </input_file>
      <input_file id="fl-42">
         <path>D:\software\ti\ccs1281\ccs\tools\compiler\ti-cgt-c2000_22.6.1.LTS\lib\</path>
         <kind>archive</kind>
         <file>rts2800_fpu32_eabi.lib</file>
         <name>vsnprintf.c.obj</name>
      </input_file>
      <input_file id="fl-43">
         <path>D:\software\ti\ccs1281\ccs\tools\compiler\ti-cgt-c2000_22.6.1.LTS\lib\</path>
         <kind>archive</kind>
         <file>rts2800_fpu32_eabi.lib</file>
         <name>boot28.asm.obj</name>
      </input_file>
      <input_file id="fl-44">
         <path>D:\software\ti\ccs1281\ccs\tools\compiler\ti-cgt-c2000_22.6.1.LTS\lib\</path>
         <kind>archive</kind>
         <file>rts2800_fpu32_eabi.lib</file>
         <name>fd_cmp28.asm.obj</name>
      </input_file>
      <input_file id="fl-45">
         <path>D:\software\ti\ccs1281\ccs\tools\compiler\ti-cgt-c2000_22.6.1.LTS\lib\</path>
         <kind>archive</kind>
         <file>rts2800_fpu32_eabi.lib</file>
         <name>fs_div28.asm.obj</name>
      </input_file>
      <input_file id="fl-46">
         <path>D:\software\ti\ccs1281\ccs\tools\compiler\ti-cgt-c2000_22.6.1.LTS\lib\</path>
         <kind>archive</kind>
         <file>rts2800_fpu32_eabi.lib</file>
         <name>ll_cmp28.asm.obj</name>
      </input_file>
      <input_file id="fl-47">
         <path>D:\software\ti\ccs1281\ccs\tools\compiler\ti-cgt-c2000_22.6.1.LTS\lib\</path>
         <kind>archive</kind>
         <file>rts2800_fpu32_eabi.lib</file>
         <name>u_div28.asm.obj</name>
      </input_file>
      <input_file id="fl-48">
         <path>D:\software\ti\ccs1281\ccs\tools\compiler\ti-cgt-c2000_22.6.1.LTS\lib\</path>
         <kind>archive</kind>
         <file>rts2800_fpu32_eabi.lib</file>
         <name>u_tofd28.asm.obj</name>
      </input_file>
      <input_file id="fl-49">
         <path>D:\software\ti\ccs1281\ccs\tools\compiler\ti-cgt-c2000_22.6.1.LTS\lib\</path>
         <kind>archive</kind>
         <file>rts2800_fpu32_eabi.lib</file>
         <name>l_tofd28.asm.obj</name>
      </input_file>
      <input_file id="fl-4a">
         <path>D:\software\ti\ccs1281\ccs\tools\compiler\ti-cgt-c2000_22.6.1.LTS\lib\</path>
         <kind>archive</kind>
         <file>rts2800_fpu32_eabi.lib</file>
         <name>l_div28.asm.obj</name>
      </input_file>
      <input_file id="fl-4b">
         <path>D:\software\ti\ccs1281\ccs\tools\compiler\ti-cgt-c2000_22.6.1.LTS\lib\</path>
         <kind>archive</kind>
         <file>rts2800_fpu32_eabi.lib</file>
         <name>fs_tofdfpu32.asm.obj</name>
      </input_file>
      <input_file id="fl-4c">
         <path>D:\software\ti\ccs1281\ccs\tools\compiler\ti-cgt-c2000_22.6.1.LTS\lib\</path>
         <kind>archive</kind>
         <file>rts2800_fpu32_eabi.lib</file>
         <name>fd_tofsfpu32.asm.obj</name>
      </input_file>
      <input_file id="fl-4d">
         <path>D:\software\ti\ccs1281\ccs\tools\compiler\ti-cgt-c2000_22.6.1.LTS\lib\</path>
         <kind>archive</kind>
         <file>rts2800_fpu32_eabi.lib</file>
         <name>memcpy.c.obj</name>
      </input_file>
      <input_file id="fl-4e">
         <path>D:\software\ti\ccs1281\ccs\tools\compiler\ti-cgt-c2000_22.6.1.LTS\lib\</path>
         <kind>archive</kind>
         <file>rts2800_fpu32_eabi.lib</file>
         <name>pre_init.c.obj</name>
      </input_file>
      <input_file id="fl-4f">
         <path>D:\software\ti\ccs1281\ccs\tools\compiler\ti-cgt-c2000_22.6.1.LTS\lib\</path>
         <kind>archive</kind>
         <file>rts2800_fpu32_eabi.lib</file>
         <name>autoinit.c.obj</name>
      </input_file>
      <input_file id="fl-50">
         <path>D:\software\ti\ccs1281\ccs\tools\compiler\ti-cgt-c2000_22.6.1.LTS\lib\</path>
         <kind>archive</kind>
         <file>rts2800_fpu32_eabi.lib</file>
         <name>copy_zero_init.c.obj</name>
      </input_file>
      <input_file id="fl-51">
         <path>D:\software\ti\ccs1281\ccs\tools\compiler\ti-cgt-c2000_22.6.1.LTS\lib\</path>
         <kind>archive</kind>
         <file>rts2800_fpu32_eabi.lib</file>
         <name>copy_decompress_none.c.obj</name>
      </input_file>
      <input_file id="fl-52">
         <path>D:\software\ti\ccs1281\ccs\tools\compiler\ti-cgt-c2000_22.6.1.LTS\lib\</path>
         <kind>archive</kind>
         <file>rts2800_fpu32_eabi.lib</file>
         <name>copy_decompress_lzss.c.obj</name>
      </input_file>
      <input_file id="fl-53">
         <path>D:\software\ti\ccs1281\ccs\tools\compiler\ti-cgt-c2000_22.6.1.LTS\lib\</path>
         <kind>archive</kind>
         <file>rts2800_fpu32_eabi.lib</file>
         <name>exit.c.obj</name>
      </input_file>
      <input_file id="fl-54">
         <path>D:\software\ti\ccs1281\ccs\tools\compiler\ti-cgt-c2000_22.6.1.LTS\lib\</path>
         <kind>archive</kind>
         <file>rts2800_fpu32_eabi.lib</file>
         <name>_lock.c.obj</name>
      </input_file>
      <input_file id="fl-55">
         <path>D:\software\ti\ccs1281\ccs\tools\compiler\ti-cgt-c2000_22.6.1.LTS\lib\</path>
         <kind>archive</kind>
         <file>rts2800_fpu32_eabi.lib</file>
         <name>args_main.c.obj</name>
      </input_file>
      <input_file id="fl-56">
         <path>D:\software\ti\ccs1281\ccs\tools\compiler\ti-cgt-c2000_22.6.1.LTS\lib\</path>
         <kind>archive</kind>
         <file>rts2800_fpu32_eabi.lib</file>
         <name>atof.c.obj</name>
      </input_file>
      <input_file id="fl-57">
         <path>D:\software\ti\ccs1281\ccs\tools\compiler\ti-cgt-c2000_22.6.1.LTS\lib\</path>
         <kind>archive</kind>
         <file>rts2800_fpu32_eabi.lib</file>
         <name>isspace.c.obj</name>
      </input_file>
      <input_file id="fl-58">
         <path>D:\software\ti\ccs1281\ccs\tools\compiler\ti-cgt-c2000_22.6.1.LTS\lib\</path>
         <kind>archive</kind>
         <file>rts2800_fpu32_eabi.lib</file>
         <name>memcmp.c.obj</name>
      </input_file>
      <input_file id="fl-59">
         <path>D:\software\ti\ccs1281\ccs\tools\compiler\ti-cgt-c2000_22.6.1.LTS\lib\</path>
         <kind>archive</kind>
         <file>rts2800_fpu32_eabi.lib</file>
         <name>memmov.c.obj</name>
      </input_file>
      <input_file id="fl-5a">
         <path>D:\software\ti\ccs1281\ccs\tools\compiler\ti-cgt-c2000_22.6.1.LTS\lib\</path>
         <kind>archive</kind>
         <file>rts2800_fpu32_eabi.lib</file>
         <name>memory.c.obj</name>
      </input_file>
      <input_file id="fl-5b">
         <path>D:\software\ti\ccs1281\ccs\tools\compiler\ti-cgt-c2000_22.6.1.LTS\lib\</path>
         <kind>archive</kind>
         <file>rts2800_fpu32_eabi.lib</file>
         <name>memset.c.obj</name>
      </input_file>
      <input_file id="fl-5c">
         <path>D:\software\ti\ccs1281\ccs\tools\compiler\ti-cgt-c2000_22.6.1.LTS\lib\</path>
         <kind>archive</kind>
         <file>rts2800_fpu32_eabi.lib</file>
         <name>strchr.c.obj</name>
      </input_file>
      <input_file id="fl-5d">
         <path>D:\software\ti\ccs1281\ccs\tools\compiler\ti-cgt-c2000_22.6.1.LTS\lib\</path>
         <kind>archive</kind>
         <file>rts2800_fpu32_eabi.lib</file>
         <name>strcmp.c.obj</name>
      </input_file>
      <input_file id="fl-5e">
         <path>D:\software\ti\ccs1281\ccs\tools\compiler\ti-cgt-c2000_22.6.1.LTS\lib\</path>
         <kind>archive</kind>
         <file>rts2800_fpu32_eabi.lib</file>
         <name>strlen.c.obj</name>
      </input_file>
      <input_file id="fl-5f">
         <path>D:\software\ti\ccs1281\ccs\tools\compiler\ti-cgt-c2000_22.6.1.LTS\lib\</path>
         <kind>archive</kind>
         <file>rts2800_fpu32_eabi.lib</file>
         <name>strncmp.c.obj</name>
      </input_file>
      <input_file id="fl-60">
         <path>D:\software\ti\ccs1281\ccs\tools\compiler\ti-cgt-c2000_22.6.1.LTS\lib\</path>
         <kind>archive</kind>
         <file>rts2800_fpu32_eabi.lib</file>
         <name>strtod.c.obj</name>
      </input_file>
      <input_file id="fl-61">
         <path>D:\software\ti\ccs1281\ccs\tools\compiler\ti-cgt-c2000_22.6.1.LTS\lib\</path>
         <kind>archive</kind>
         <file>rts2800_fpu32_eabi.lib</file>
         <name>strtof.c.obj</name>
      </input_file>
      <input_file id="fl-62">
         <path>D:\software\ti\ccs1281\ccs\tools\compiler\ti-cgt-c2000_22.6.1.LTS\lib\</path>
         <kind>archive</kind>
         <file>rts2800_fpu32_eabi.lib</file>
         <name>strtol.c.obj</name>
      </input_file>
      <input_file id="fl-63">
         <path>D:\software\ti\ccs1281\ccs\tools\compiler\ti-cgt-c2000_22.6.1.LTS\lib\</path>
         <kind>archive</kind>
         <file>rts2800_fpu32_eabi.lib</file>
         <name>toupper.c.obj</name>
      </input_file>
      <input_file id="fl-64">
         <path>D:\software\ti\ccs1281\ccs\tools\compiler\ti-cgt-c2000_22.6.1.LTS\lib\</path>
         <kind>archive</kind>
         <file>rts2800_fpu32_eabi.lib</file>
         <name>errno.c.obj</name>
      </input_file>
      <input_file id="fl-65">
         <path>D:\software\ti\ccs1281\ccs\tools\compiler\ti-cgt-c2000_22.6.1.LTS\lib\</path>
         <kind>archive</kind>
         <file>rts2800_fpu32_eabi.lib</file>
         <name>s_scalbnf.c.obj</name>
      </input_file>
      <input_file id="fl-66">
         <path>D:\software\ti\ccs1281\ccs\tools\compiler\ti-cgt-c2000_22.6.1.LTS\lib\</path>
         <kind>archive</kind>
         <file>rts2800_fpu32_eabi.lib</file>
         <name>s_scalbn.c.obj</name>
      </input_file>
      <input_file id="fl-67">
         <path>D:\software\ti\ccs1281\ccs\tools\compiler\ti-cgt-c2000_22.6.1.LTS\lib\</path>
         <kind>archive</kind>
         <file>rts2800_fpu32_eabi.lib</file>
         <name>s_copysignf.c.obj</name>
      </input_file>
      <input_file id="fl-68">
         <path>D:\software\ti\ccs1281\ccs\tools\compiler\ti-cgt-c2000_22.6.1.LTS\lib\</path>
         <kind>archive</kind>
         <file>rts2800_fpu32_eabi.lib</file>
         <name>_printfi.c.obj</name>
      </input_file>
      <input_file id="fl-69">
         <path>D:\software\ti\ccs1281\ccs\tools\compiler\ti-cgt-c2000_22.6.1.LTS\lib\</path>
         <kind>archive</kind>
         <file>rts2800_fpu32_eabi.lib</file>
         <name>fd_add28.asm.obj</name>
      </input_file>
      <input_file id="fl-6a">
         <path>D:\software\ti\ccs1281\ccs\tools\compiler\ti-cgt-c2000_22.6.1.LTS\lib\</path>
         <kind>archive</kind>
         <file>rts2800_fpu32_eabi.lib</file>
         <name>fd_mpy28.asm.obj</name>
      </input_file>
      <input_file id="fl-6b">
         <path>D:\software\ti\ccs1281\ccs\tools\compiler\ti-cgt-c2000_22.6.1.LTS\lib\</path>
         <kind>archive</kind>
         <file>rts2800_fpu32_eabi.lib</file>
         <name>fd_neg28.asm.obj</name>
      </input_file>
      <input_file id="fl-6c">
         <path>D:\software\ti\ccs1281\ccs\tools\compiler\ti-cgt-c2000_22.6.1.LTS\lib\</path>
         <kind>archive</kind>
         <file>rts2800_fpu32_eabi.lib</file>
         <name>fd_sub28.asm.obj</name>
      </input_file>
      <input_file id="fl-6d">
         <path>D:\software\ti\ccs1281\ccs\tools\compiler\ti-cgt-c2000_22.6.1.LTS\lib\</path>
         <kind>archive</kind>
         <file>rts2800_fpu32_eabi.lib</file>
         <name>fd_toi28.asm.obj</name>
      </input_file>
      <input_file id="fl-6e">
         <path>D:\software\ti\ccs1281\ccs\tools\compiler\ti-cgt-c2000_22.6.1.LTS\lib\</path>
         <kind>archive</kind>
         <file>rts2800_fpu32_eabi.lib</file>
         <name>fd_tol28.asm.obj</name>
      </input_file>
      <input_file id="fl-6f">
         <path>D:\software\ti\ccs1281\ccs\tools\compiler\ti-cgt-c2000_22.6.1.LTS\lib\</path>
         <kind>archive</kind>
         <file>rts2800_fpu32_eabi.lib</file>
         <name>ll_aox28.asm.obj</name>
      </input_file>
      <input_file id="fl-70">
         <path>D:\software\ti\ccs1281\ccs\tools\compiler\ti-cgt-c2000_22.6.1.LTS\lib\</path>
         <kind>archive</kind>
         <file>rts2800_fpu32_eabi.lib</file>
         <name>ll_div28.asm.obj</name>
      </input_file>
      <input_file id="fl-71">
         <path>D:\software\ti\ccs1281\ccs\tools\compiler\ti-cgt-c2000_22.6.1.LTS\lib\</path>
         <kind>archive</kind>
         <file>rts2800_fpu32_eabi.lib</file>
         <name>i_tofd28.asm.obj</name>
      </input_file>
      <input_file id="fl-72">
         <path>D:\software\ti\ccs1281\ccs\tools\compiler\ti-cgt-c2000_22.6.1.LTS\lib\</path>
         <kind>archive</kind>
         <file>rts2800_fpu32_eabi.lib</file>
         <name>fd_div28.asm.obj</name>
      </input_file>
      <input_file id="fl-73">
         <path>D:\software\ti\ccs1281\ccs\tools\compiler\ti-cgt-c2000_22.6.1.LTS\lib\</path>
         <kind>archive</kind>
         <file>rts2800_fpu32_eabi.lib</file>
         <name>cpy_tbl.c.obj</name>
      </input_file>
      <input_file id="fl-74">
         <path>D:\software\ti\ccs1281\ccs\tools\compiler\ti-cgt-c2000_22.6.1.LTS\lib\</path>
         <kind>archive</kind>
         <file>rts2800_fpu32_eabi.lib</file>
         <name>startup.c.obj</name>
      </input_file>
      <input_file id="fl-75">
         <path>D:\software\ti\ccs1281\ccs\tools\compiler\ti-cgt-c2000_22.6.1.LTS\lib\</path>
         <kind>archive</kind>
         <file>rts2800_fpu32_eabi.lib</file>
         <name>_ltoa.c.obj</name>
      </input_file>
      <input_file id="fl-76">
         <path>D:\software\ti\ccs1281\ccs\tools\compiler\ti-cgt-c2000_22.6.1.LTS\lib\</path>
         <kind>archive</kind>
         <file>rts2800_fpu32_eabi.lib</file>
         <name>atoi.c.obj</name>
      </input_file>
      <input_file id="fl-77">
         <path>D:\software\ti\ccs1281\ccs\tools\compiler\ti-cgt-c2000_22.6.1.LTS\lib\</path>
         <kind>archive</kind>
         <file>rts2800_fpu32_eabi.lib</file>
         <name>ctype.c.obj</name>
      </input_file>
      <input_file id="fl-78">
         <path>D:\software\ti\ccs1281\ccs\tools\compiler\ti-cgt-c2000_22.6.1.LTS\lib\</path>
         <kind>archive</kind>
         <file>rts2800_fpu32_eabi.lib</file>
         <name>memccpy.c.obj</name>
      </input_file>
      <input_file id="fl-79">
         <path>D:\software\ti\ccs1281\ccs\tools\compiler\ti-cgt-c2000_22.6.1.LTS\lib\</path>
         <kind>archive</kind>
         <file>rts2800_fpu32_eabi.lib</file>
         <name>strcpy.c.obj</name>
      </input_file>
      <input_file id="fl-7a">
         <path>D:\software\ti\ccs1281\ccs\tools\compiler\ti-cgt-c2000_22.6.1.LTS\lib\</path>
         <kind>archive</kind>
         <file>rts2800_fpu32_eabi.lib</file>
         <name>s_copysign.c.obj</name>
      </input_file>
      <input_file id="fl-7b">
         <path>D:\software\ti\ccs1281\ccs\tools\compiler\ti-cgt-c2000_22.6.1.LTS\lib\</path>
         <kind>archive</kind>
         <file>rts2800_fpu32_eabi.lib</file>
         <name>s_frexp.c.obj</name>
      </input_file>
      <input_file id="fl-7c">
         <path>D:\software\ti\ccs1281\ccs\tools\compiler\ti-cgt-c2000_22.6.1.LTS\lib\</path>
         <kind>archive</kind>
         <file>rts2800_fpu32_eabi.lib</file>
         <name>wcslen.c.obj</name>
      </input_file>
   </input_file_list>
   <object_component_list>
      <object_component id="oc-651">
         <name>.cinit..data.load</name>
         <load_address>0x8a460</load_address>
         <run_address>0x8a460</run_address>
         <size>0xc7</size>
      </object_component>
      <object_component id="oc-64e">
         <name>__TI_handler_table</name>
         <load_address>0x8a528</load_address>
         <run_address>0x8a528</run_address>
         <size>0x6</size>
      </object_component>
      <object_component id="oc-650">
         <name>.cinit..bss.load</name>
         <load_address>0x8a52e</load_address>
         <run_address>0x8a52e</run_address>
         <size>0x4</size>
      </object_component>
      <object_component id="oc-64f">
         <name>__TI_cinit_table</name>
         <load_address>0x8a532</load_address>
         <run_address>0x8a532</run_address>
         <size>0x8</size>
      </object_component>
      <object_component id="oc-38">
         <name>.text</name>
         <load_address>0x84008</load_address>
         <run_address>0x84008</run_address>
         <size>0x1169</size>
         <input_file_ref idref="fl-2"/>
      </object_component>
      <object_component id="oc-34c">
         <name>.text</name>
         <load_address>0x85171</load_address>
         <run_address>0x85171</run_address>
         <size>0x1</size>
         <input_file_ref idref="fl-74"/>
      </object_component>
      <object_component id="oc-53a">
         <name>.text</name>
         <load_address>0x85172</load_address>
         <run_address>0x85172</run_address>
         <size>0x6c2</size>
         <input_file_ref idref="fl-68"/>
      </object_component>
      <object_component id="oc-4b1">
         <name>.text:__TI_printfi</name>
         <load_address>0x85834</load_address>
         <run_address>0x85834</run_address>
         <size>0x614</size>
         <input_file_ref idref="fl-68"/>
      </object_component>
      <object_component id="oc-8e">
         <name>.text</name>
         <load_address>0x85e48</load_address>
         <run_address>0x85e48</run_address>
         <size>0x3fe</size>
         <input_file_ref idref="fl-23"/>
      </object_component>
      <object_component id="oc-3d1">
         <name>.text</name>
         <load_address>0x86246</load_address>
         <run_address>0x86246</run_address>
         <size>0x387</size>
         <input_file_ref idref="fl-5"/>
      </object_component>
      <object_component id="oc-3e8">
         <name>.text</name>
         <load_address>0x865cd</load_address>
         <run_address>0x865cd</run_address>
         <size>0x2a9</size>
         <input_file_ref idref="fl-b"/>
      </object_component>
      <object_component id="oc-3da">
         <name>.text</name>
         <load_address>0x86876</load_address>
         <run_address>0x86876</run_address>
         <size>0x298</size>
         <input_file_ref idref="fl-5a"/>
      </object_component>
      <object_component id="oc-4fd">
         <name>.text</name>
         <load_address>0x86b0e</load_address>
         <run_address>0x86b0e</run_address>
         <size>0x283</size>
         <input_file_ref idref="fl-60"/>
      </object_component>
      <object_component id="oc-213">
         <name>.text</name>
         <load_address>0x86d91</load_address>
         <run_address>0x86d91</run_address>
         <size>0x257</size>
         <input_file_ref idref="fl-e"/>
      </object_component>
      <object_component id="oc-368">
         <name>.text</name>
         <load_address>0x86fe8</load_address>
         <run_address>0x86fe8</run_address>
         <size>0x243</size>
         <input_file_ref idref="fl-6"/>
      </object_component>
      <object_component id="oc-3ee">
         <name>.text</name>
         <load_address>0x8722b</load_address>
         <run_address>0x8722b</run_address>
         <size>0x22e</size>
         <input_file_ref idref="fl-d"/>
      </object_component>
      <object_component id="oc-140">
         <name>.text:SysCtl_setClock</name>
         <load_address>0x87459</load_address>
         <run_address>0x87459</run_address>
         <size>0x209</size>
         <input_file_ref idref="fl-35"/>
      </object_component>
      <object_component id="oc-41e">
         <name>.text</name>
         <load_address>0x87662</load_address>
         <run_address>0x87662</run_address>
         <size>0x1ff</size>
         <input_file_ref idref="fl-61"/>
      </object_component>
      <object_component id="oc-37">
         <name>.text:retain</name>
         <load_address>0x87861</load_address>
         <run_address>0x87861</run_address>
         <size>0x183</size>
         <input_file_ref idref="fl-8"/>
      </object_component>
      <object_component id="oc-84">
         <name>.text</name>
         <load_address>0x879e4</load_address>
         <run_address>0x879e4</run_address>
         <size>0x16d</size>
         <input_file_ref idref="fl-f"/>
      </object_component>
      <object_component id="oc-529">
         <name>.text</name>
         <load_address>0x87b51</load_address>
         <run_address>0x87b51</run_address>
         <size>0x107</size>
         <input_file_ref idref="fl-70"/>
      </object_component>
      <object_component id="oc-374">
         <name>.text</name>
         <load_address>0x87c58</load_address>
         <run_address>0x87c58</run_address>
         <size>0xe7</size>
         <input_file_ref idref="fl-9"/>
      </object_component>
      <object_component id="oc-b9">
         <name>.text:CAN_setupMessageObject</name>
         <load_address>0x87d3f</load_address>
         <run_address>0x87d3f</run_address>
         <size>0xdb</size>
         <input_file_ref idref="fl-2d"/>
      </object_component>
      <object_component id="oc-42a">
         <name>.text</name>
         <load_address>0x87e1a</load_address>
         <run_address>0x87e1a</run_address>
         <size>0xd3</size>
         <input_file_ref idref="fl-62"/>
      </object_component>
      <object_component id="oc-58e">
         <name>.text</name>
         <load_address>0x87eed</load_address>
         <run_address>0x87eed</run_address>
         <size>0xa9</size>
         <input_file_ref idref="fl-66"/>
      </object_component>
      <object_component id="oc-57b">
         <name>.text</name>
         <load_address>0x87f96</load_address>
         <run_address>0x87f96</run_address>
         <size>0x9c</size>
         <input_file_ref idref="fl-69"/>
      </object_component>
      <object_component id="oc-340">
         <name>.text:SysCtl_selectXTAL</name>
         <load_address>0x88032</load_address>
         <run_address>0x88032</run_address>
         <size>0x90</size>
         <input_file_ref idref="fl-35"/>
      </object_component>
      <object_component id="oc-7b">
         <name>.text</name>
         <load_address>0x880c2</load_address>
         <run_address>0x880c2</run_address>
         <size>0x8f</size>
         <input_file_ref idref="fl-8"/>
      </object_component>
      <object_component id="oc-589">
         <name>.text</name>
         <load_address>0x88151</load_address>
         <run_address>0x88151</run_address>
         <size>0x8b</size>
         <input_file_ref idref="fl-72"/>
      </object_component>
      <object_component id="oc-290">
         <name>.text</name>
         <load_address>0x881dc</load_address>
         <run_address>0x881dc</run_address>
         <size>0x88</size>
         <input_file_ref idref="fl-45"/>
      </object_component>
      <object_component id="oc-576">
         <name>.text</name>
         <load_address>0x88264</load_address>
         <run_address>0x88264</run_address>
         <size>0x83</size>
         <input_file_ref idref="fl-6a"/>
      </object_component>
      <object_component id="oc-1aa">
         <name>.text:Interrupt_clearIFR</name>
         <load_address>0x882e7</load_address>
         <run_address>0x882e7</run_address>
         <size>0x7f</size>
         <input_file_ref idref="fl-32"/>
      </object_component>
      <object_component id="oc-461">
         <name>.text:CAN_sendMessage</name>
         <load_address>0x88366</load_address>
         <run_address>0x88366</run_address>
         <size>0x72</size>
         <input_file_ref idref="fl-2d"/>
      </object_component>
      <object_component id="oc-16a">
         <name>.text:ADC_setINLTrim</name>
         <load_address>0x883d8</load_address>
         <run_address>0x883d8</run_address>
         <size>0x6f</size>
         <input_file_ref idref="fl-2c"/>
      </object_component>
      <object_component id="oc-13a">
         <name>.text:SysCtl_getDeviceParametric</name>
         <load_address>0x88447</load_address>
         <run_address>0x88447</run_address>
         <size>0x68</size>
         <input_file_ref idref="fl-35"/>
      </object_component>
      <object_component id="oc-46a">
         <name>.text:CAN_readMessage</name>
         <load_address>0x884af</load_address>
         <run_address>0x884af</run_address>
         <size>0x66</size>
         <input_file_ref idref="fl-2d"/>
      </object_component>
      <object_component id="oc-b3">
         <name>.text:CAN_setBitTiming</name>
         <load_address>0x88515</load_address>
         <run_address>0x88515</run_address>
         <size>0x64</size>
         <input_file_ref idref="fl-2d"/>
      </object_component>
      <object_component id="oc-d1">
         <name>.text:I2C_initController</name>
         <load_address>0x88579</load_address>
         <run_address>0x88579</run_address>
         <size>0x64</size>
         <input_file_ref idref="fl-31"/>
      </object_component>
      <object_component id="oc-170">
         <name>.text:ADC_setOffsetTrim</name>
         <load_address>0x885dd</load_address>
         <run_address>0x885dd</run_address>
         <size>0x60</size>
         <input_file_ref idref="fl-2c"/>
      </object_component>
      <object_component id="oc-209">
         <name>.text</name>
         <load_address>0x8863d</load_address>
         <run_address>0x8863d</run_address>
         <size>0x5e</size>
         <input_file_ref idref="fl-12"/>
      </object_component>
      <object_component id="oc-ef">
         <name>.text:SPI_setConfig</name>
         <load_address>0x8869b</load_address>
         <run_address>0x8869b</run_address>
         <size>0x5c</size>
         <input_file_ref idref="fl-34"/>
      </object_component>
      <object_component id="oc-2f9">
         <name>.text</name>
         <load_address>0x886f7</load_address>
         <run_address>0x886f7</run_address>
         <size>0x5a</size>
         <input_file_ref idref="fl-4"/>
      </object_component>
      <object_component id="oc-5bd">
         <name>.text</name>
         <load_address>0x88751</load_address>
         <run_address>0x88751</run_address>
         <size>0x5a</size>
         <input_file_ref idref="fl-7b"/>
      </object_component>
      <object_component id="oc-47c">
         <name>.text</name>
         <load_address>0x887ab</load_address>
         <run_address>0x887ab</run_address>
         <size>0x5a</size>
         <input_file_ref idref="fl-41"/>
      </object_component>
      <object_component id="oc-4c3">
         <name>.text</name>
         <load_address>0x88805</load_address>
         <run_address>0x88805</run_address>
         <size>0x58</size>
         <input_file_ref idref="fl-65"/>
      </object_component>
      <object_component id="oc-3cb">
         <name>.text</name>
         <load_address>0x8885d</load_address>
         <run_address>0x8885d</run_address>
         <size>0x57</size>
         <input_file_ref idref="fl-42"/>
      </object_component>
      <object_component id="oc-9a">
         <name>.text:GPIO_setPadConfig</name>
         <load_address>0x888b4</load_address>
         <run_address>0x888b4</run_address>
         <size>0x52</size>
         <input_file_ref idref="fl-30"/>
      </object_component>
      <object_component id="oc-146">
         <name>.text:SysCtl_getClock</name>
         <load_address>0x88906</load_address>
         <run_address>0x88906</run_address>
         <size>0x51</size>
         <input_file_ref idref="fl-35"/>
      </object_component>
      <object_component id="oc-dd">
         <name>.text:Interrupt_disable</name>
         <load_address>0x88957</load_address>
         <run_address>0x88957</run_address>
         <size>0x4e</size>
         <input_file_ref idref="fl-32"/>
      </object_component>
      <object_component id="oc-21d">
         <name>.text</name>
         <load_address>0x889a5</load_address>
         <run_address>0x889a5</run_address>
         <size>0x4d</size>
         <input_file_ref idref="fl-10"/>
      </object_component>
      <object_component id="oc-284">
         <name>.text:SysCtl_selectOscSource</name>
         <load_address>0x889f2</load_address>
         <run_address>0x889f2</run_address>
         <size>0x48</size>
         <input_file_ref idref="fl-35"/>
      </object_component>
      <object_component id="oc-470">
         <name>.text:CAN_clearInterruptStatus</name>
         <load_address>0x88a3a</load_address>
         <run_address>0x88a3a</run_address>
         <size>0x46</size>
         <input_file_ref idref="fl-2d"/>
      </object_component>
      <object_component id="oc-e3">
         <name>.text:SCI_clearInterruptStatus</name>
         <load_address>0x88a80</load_address>
         <run_address>0x88a80</run_address>
         <size>0x45</size>
         <input_file_ref idref="fl-33"/>
      </object_component>
      <object_component id="oc-e9">
         <name>.text:SCI_setConfig</name>
         <load_address>0x88ac5</load_address>
         <run_address>0x88ac5</run_address>
         <size>0x3e</size>
         <input_file_ref idref="fl-33"/>
      </object_component>
      <object_component id="oc-362">
         <name>.text:Interrupt_initModule</name>
         <load_address>0x88b03</load_address>
         <run_address>0x88b03</run_address>
         <size>0x3d</size>
         <input_file_ref idref="fl-32"/>
      </object_component>
      <object_component id="oc-cb">
         <name>.text:GPIO_setControllerCore</name>
         <load_address>0x88b40</load_address>
         <run_address>0x88b40</run_address>
         <size>0x37</size>
         <input_file_ref idref="fl-30"/>
      </object_component>
      <object_component id="oc-94">
         <name>.text:GPIO_setPinConfig</name>
         <load_address>0x88b77</load_address>
         <run_address>0x88b77</run_address>
         <size>0x37</size>
         <input_file_ref idref="fl-30"/>
      </object_component>
      <object_component id="oc-a0">
         <name>.text:GPIO_setQualificationMode</name>
         <load_address>0x88bae</load_address>
         <run_address>0x88bae</run_address>
         <size>0x37</size>
         <input_file_ref idref="fl-30"/>
      </object_component>
      <object_component id="oc-d7">
         <name>.text:Interrupt_enable</name>
         <load_address>0x88be5</load_address>
         <run_address>0x88be5</run_address>
         <size>0x37</size>
         <input_file_ref idref="fl-32"/>
      </object_component>
      <object_component id="oc-f5">
         <name>.text:GPIO_setInterruptPin</name>
         <load_address>0x88c1c</load_address>
         <run_address>0x88c1c</run_address>
         <size>0x34</size>
         <input_file_ref idref="fl-30"/>
      </object_component>
      <object_component id="oc-227">
         <name>.text</name>
         <load_address>0x88c50</load_address>
         <run_address>0x88c50</run_address>
         <size>0x34</size>
         <input_file_ref idref="fl-11"/>
      </object_component>
      <object_component id="oc-c5">
         <name>.text:GPIO_setDirectionMode</name>
         <load_address>0x88c84</load_address>
         <run_address>0x88c84</run_address>
         <size>0x31</size>
         <input_file_ref idref="fl-30"/>
      </object_component>
      <object_component id="oc-51e">
         <name>.text</name>
         <load_address>0x88cb5</load_address>
         <run_address>0x88cb5</run_address>
         <size>0x31</size>
         <input_file_ref idref="fl-76"/>
      </object_component>
      <object_component id="oc-1f">
         <name>.text:decompress:lzss</name>
         <load_address>0x88ce6</load_address>
         <run_address>0x88ce6</run_address>
         <size>0x30</size>
         <input_file_ref idref="fl-52"/>
      </object_component>
      <object_component id="oc-36e">
         <name>.text</name>
         <load_address>0x88d16</load_address>
         <run_address>0x88d16</run_address>
         <size>0x30</size>
         <input_file_ref idref="fl-c"/>
      </object_component>
      <object_component id="oc-5ad">
         <name>.text</name>
         <load_address>0x88d46</load_address>
         <run_address>0x88d46</run_address>
         <size>0x30</size>
         <input_file_ref idref="fl-75"/>
      </object_component>
      <object_component id="oc-a6">
         <name>.text:ADC_setMode</name>
         <load_address>0x88d76</load_address>
         <run_address>0x88d76</run_address>
         <size>0x2f</size>
         <input_file_ref idref="fl-2c"/>
      </object_component>
      <object_component id="oc-2c9">
         <name>.text:__TI_auto_init_nobinit_nopinit</name>
         <load_address>0x88da5</load_address>
         <run_address>0x88da5</run_address>
         <size>0x2b</size>
         <input_file_ref idref="fl-4f"/>
      </object_component>
      <object_component id="oc-317">
         <name>.text</name>
         <load_address>0x88dd0</load_address>
         <run_address>0x88dd0</run_address>
         <size>0x2a</size>
         <input_file_ref idref="fl-44"/>
      </object_component>
      <object_component id="oc-5f7">
         <name>.text</name>
         <load_address>0x88dfa</load_address>
         <run_address>0x88dfa</run_address>
         <size>0x2a</size>
         <input_file_ref idref="fl-4a"/>
      </object_component>
      <object_component id="oc-1fe">
         <name>.text</name>
         <load_address>0x88e24</load_address>
         <run_address>0x88e24</run_address>
         <size>0x29</size>
         <input_file_ref idref="fl-53"/>
      </object_component>
      <object_component id="oc-3a2">
         <name>.text:CPUTimer_selectClockSource</name>
         <load_address>0x88e4d</load_address>
         <run_address>0x88e4d</run_address>
         <size>0x28</size>
         <input_file_ref idref="fl-35"/>
      </object_component>
      <object_component id="oc-243">
         <name>.text:Flash_setBankPowerUpDelay</name>
         <load_address>0x88e75</load_address>
         <run_address>0x88e75</run_address>
         <size>0x26</size>
         <input_file_ref idref="fl-2f"/>
      </object_component>
      <object_component id="oc-5df">
         <name>.text</name>
         <load_address>0x88e9b</load_address>
         <run_address>0x88e9b</run_address>
         <size>0x24</size>
         <input_file_ref idref="fl-7a"/>
      </object_component>
      <object_component id="oc-48e">
         <name>.text</name>
         <load_address>0x88ebf</load_address>
         <run_address>0x88ebf</run_address>
         <size>0x23</size>
         <input_file_ref idref="fl-4c"/>
      </object_component>
      <object_component id="oc-4e3">
         <name>.text:CAN_writeDataReg</name>
         <load_address>0x88ee2</load_address>
         <run_address>0x88ee2</run_address>
         <size>0x22</size>
         <input_file_ref idref="fl-2d"/>
      </object_component>
      <object_component id="oc-5b8">
         <name>.text</name>
         <load_address>0x88f04</load_address>
         <run_address>0x88f04</run_address>
         <size>0x21</size>
         <input_file_ref idref="fl-6d"/>
      </object_component>
      <object_component id="oc-448">
         <name>.text</name>
         <load_address>0x88f25</load_address>
         <run_address>0x88f25</run_address>
         <size>0x21</size>
         <input_file_ref idref="fl-59"/>
      </object_component>
      <object_component id="oc-40c">
         <name>.text:CPUTimer_getTimerOverflowStatus</name>
         <load_address>0x88f46</load_address>
         <run_address>0x88f46</run_address>
         <size>0x1f</size>
         <input_file_ref idref="fl-35"/>
      </object_component>
      <object_component id="oc-5a8">
         <name>.text</name>
         <load_address>0x88f65</load_address>
         <run_address>0x88f65</run_address>
         <size>0x1f</size>
         <input_file_ref idref="fl-6e"/>
      </object_component>
      <object_component id="oc-44">
         <name>.text:Interrupt_initVectorTable</name>
         <load_address>0x88f84</load_address>
         <run_address>0x88f84</run_address>
         <size>0x1e</size>
         <input_file_ref idref="fl-32"/>
      </object_component>
      <object_component id="oc-524">
         <name>.text</name>
         <load_address>0x88fa2</load_address>
         <run_address>0x88fa2</run_address>
         <size>0x1e</size>
         <input_file_ref idref="fl-46"/>
      </object_component>
      <object_component id="oc-5c3">
         <name>.text</name>
         <load_address>0x88fc0</load_address>
         <run_address>0x88fc0</run_address>
         <size>0x1d</size>
         <input_file_ref idref="fl-71"/>
      </object_component>
      <object_component id="oc-61">
         <name>.text</name>
         <load_address>0x88fdd</load_address>
         <run_address>0x88fdd</run_address>
         <size>0x1d</size>
         <input_file_ref idref="fl-4d"/>
      </object_component>
      <object_component id="oc-ad">
         <name>.text:CAN_initModule</name>
         <load_address>0x88ffa</load_address>
         <run_address>0x88ffa</run_address>
         <size>0x1c</size>
         <input_file_ref idref="fl-2d"/>
      </object_component>
      <object_component id="oc-31c">
         <name>.text</name>
         <load_address>0x89016</load_address>
         <run_address>0x89016</run_address>
         <size>0x1c</size>
         <input_file_ref idref="fl-4b"/>
      </object_component>
      <object_component id="oc-30d">
         <name>.text</name>
         <load_address>0x89032</load_address>
         <run_address>0x89032</run_address>
         <size>0x1c</size>
         <input_file_ref idref="fl-49"/>
      </object_component>
      <object_component id="oc-163">
         <name>.text:ADC_isBaseValid</name>
         <load_address>0x8904e</load_address>
         <run_address>0x8904e</run_address>
         <size>0x1b</size>
         <input_file_ref idref="fl-2c"/>
      </object_component>
      <object_component id="oc-4ec">
         <name>.text:CAN_readDataReg</name>
         <load_address>0x89069</load_address>
         <run_address>0x89069</run_address>
         <size>0x1b</size>
         <input_file_ref idref="fl-2d"/>
      </object_component>
      <object_component id="oc-1b1">
         <name>.text:SCI_isBaseValid</name>
         <load_address>0x89084</load_address>
         <run_address>0x89084</run_address>
         <size>0x1b</size>
         <input_file_ref idref="fl-33"/>
      </object_component>
      <object_component id="oc-17f">
         <name>.text:CAN_initRAM</name>
         <load_address>0x8909f</load_address>
         <run_address>0x8909f</run_address>
         <size>0x1a</size>
         <input_file_ref idref="fl-2d"/>
      </object_component>
      <object_component id="oc-3ae">
         <name>.text:CPUTimer_startTimer</name>
         <load_address>0x890b9</load_address>
         <run_address>0x890b9</run_address>
         <size>0x1a</size>
         <input_file_ref idref="fl-35"/>
      </object_component>
      <object_component id="oc-14d">
         <name>.text:SysCtl_getLowSpeedClock</name>
         <load_address>0x890d3</load_address>
         <run_address>0x890d3</run_address>
         <size>0x1a</size>
         <input_file_ref idref="fl-35"/>
      </object_component>
      <object_component id="oc-1c0">
         <name>.text:SCI_disableModule</name>
         <load_address>0x890ed</load_address>
         <run_address>0x890ed</run_address>
         <size>0x18</size>
         <input_file_ref idref="fl-33"/>
      </object_component>
      <object_component id="oc-1b8">
         <name>.text:SCI_performSoftwareReset</name>
         <load_address>0x89105</load_address>
         <run_address>0x89105</run_address>
         <size>0x18</size>
         <input_file_ref idref="fl-33"/>
      </object_component>
      <object_component id="oc-52e">
         <name>.text</name>
         <load_address>0x8911d</load_address>
         <run_address>0x8911d</run_address>
         <size>0x18</size>
         <input_file_ref idref="fl-6f"/>
      </object_component>
      <object_component id="oc-189">
         <name>.text:CPUTimer_isBaseValid</name>
         <load_address>0x89135</load_address>
         <run_address>0x89135</run_address>
         <size>0x17</size>
         <input_file_ref idref="fl-2e"/>
      </object_component>
      <object_component id="oc-400">
         <name>.text:CPUTimer_isBaseValid</name>
         <load_address>0x8914c</load_address>
         <run_address>0x8914c</run_address>
         <size>0x17</size>
         <input_file_ref idref="fl-35"/>
      </object_component>
      <object_component id="oc-1cd">
         <name>.text:SPI_isBaseValid</name>
         <load_address>0x89163</load_address>
         <run_address>0x89163</run_address>
         <size>0x17</size>
         <input_file_ref idref="fl-34"/>
      </object_component>
      <object_component id="oc-118">
         <name>.text</name>
         <load_address>0x8917a</load_address>
         <run_address>0x8917a</run_address>
         <size>0x17</size>
         <input_file_ref idref="fl-43"/>
      </object_component>
      <object_component id="oc-312">
         <name>.text</name>
         <load_address>0x89191</load_address>
         <run_address>0x89191</run_address>
         <size>0x17</size>
         <input_file_ref idref="fl-48"/>
      </object_component>
      <object_component id="oc-43">
         <name>.text:Interrupt_defaultHandler</name>
         <load_address>0x891a8</load_address>
         <run_address>0x891a8</run_address>
         <size>0x16</size>
         <input_file_ref idref="fl-32"/>
      </object_component>
      <object_component id="oc-1d6">
         <name>.text:XBAR_setInputPin</name>
         <load_address>0x891be</load_address>
         <run_address>0x891be</run_address>
         <size>0x16</size>
         <input_file_ref idref="fl-30"/>
      </object_component>
      <object_component id="oc-442">
         <name>.text</name>
         <load_address>0x891d4</load_address>
         <run_address>0x891d4</run_address>
         <size>0x16</size>
         <input_file_ref idref="fl-5f"/>
      </object_component>
      <object_component id="oc-178">
         <name>.text:CAN_isBaseValid</name>
         <load_address>0x891ea</load_address>
         <run_address>0x891ea</run_address>
         <size>0x15</size>
         <input_file_ref idref="fl-2d"/>
      </object_component>
      <object_component id="oc-396">
         <name>.text:CPUTimer_stopTimer</name>
         <load_address>0x891ff</load_address>
         <run_address>0x891ff</run_address>
         <size>0x14</size>
         <input_file_ref idref="fl-35"/>
      </object_component>
      <object_component id="oc-bf">
         <name>.text:CPUTimer_setEmulationMode</name>
         <load_address>0x89213</load_address>
         <run_address>0x89213</run_address>
         <size>0x13</size>
         <input_file_ref idref="fl-2e"/>
      </object_component>
      <object_component id="oc-194">
         <name>.text:I2C_isBaseValid</name>
         <load_address>0x89226</load_address>
         <run_address>0x89226</run_address>
         <size>0x13</size>
         <input_file_ref idref="fl-31"/>
      </object_component>
      <object_component id="oc-1c6">
         <name>.text:SCI_enableModule</name>
         <load_address>0x89239</load_address>
         <run_address>0x89239</run_address>
         <size>0x13</size>
         <input_file_ref idref="fl-33"/>
      </object_component>
      <object_component id="oc-3a8">
         <name>.text:CPUTimer_clearOverflowFlag</name>
         <load_address>0x8924c</load_address>
         <run_address>0x8924c</run_address>
         <size>0x12</size>
         <input_file_ref idref="fl-35"/>
      </object_component>
      <object_component id="oc-390">
         <name>.text:CPUTimer_disableInterrupt</name>
         <load_address>0x8925e</load_address>
         <run_address>0x8925e</run_address>
         <size>0x12</size>
         <input_file_ref idref="fl-35"/>
      </object_component>
      <object_component id="oc-39c">
         <name>.text:CPUTimer_setPeriod</name>
         <load_address>0x89270</load_address>
         <run_address>0x89270</run_address>
         <size>0x11</size>
         <input_file_ref idref="fl-35"/>
      </object_component>
      <object_component id="oc-548">
         <name>.text</name>
         <load_address>0x89281</load_address>
         <run_address>0x89281</run_address>
         <size>0x11</size>
         <input_file_ref idref="fl-67"/>
      </object_component>
      <object_component id="oc-236">
         <name>.text:Flash_isCtrlBaseValid</name>
         <load_address>0x89292</load_address>
         <run_address>0x89292</run_address>
         <size>0x10</size>
         <input_file_ref idref="fl-2f"/>
      </object_component>
      <object_component id="oc-23d">
         <name>.text:Flash_isECCBaseValid</name>
         <load_address>0x892a2</load_address>
         <run_address>0x892a2</run_address>
         <size>0x10</size>
         <input_file_ref idref="fl-2f"/>
      </object_component>
      <object_component id="oc-516">
         <name>.text</name>
         <load_address>0x892b2</load_address>
         <run_address>0x892b2</run_address>
         <size>0x10</size>
         <input_file_ref idref="fl-78"/>
      </object_component>
      <object_component id="oc-3b4">
         <name>.text:SysCtl_pollCpuTimer</name>
         <load_address>0x892c2</load_address>
         <run_address>0x892c2</run_address>
         <size>0xf</size>
         <input_file_ref idref="fl-35"/>
      </object_component>
      <object_component id="oc-436">
         <name>.text</name>
         <load_address>0x892d1</load_address>
         <run_address>0x892d1</run_address>
         <size>0xf</size>
         <input_file_ref idref="fl-63"/>
      </object_component>
      <object_component id="oc-15a">
         <name>.text:GPIO_isPinValid</name>
         <load_address>0x892e0</load_address>
         <run_address>0x892e0</run_address>
         <size>0xe</size>
         <input_file_ref idref="fl-30"/>
      </object_component>
      <object_component id="oc-5b3">
         <name>.text</name>
         <load_address>0x892ee</load_address>
         <run_address>0x892ee</run_address>
         <size>0xe</size>
         <input_file_ref idref="fl-6c"/>
      </object_component>
      <object_component id="oc-19d">
         <name>.text:Interrupt_disableGlobal</name>
         <load_address>0x892fc</load_address>
         <run_address>0x892fc</run_address>
         <size>0xd</size>
         <input_file_ref idref="fl-32"/>
      </object_component>
      <object_component id="oc-1a3">
         <name>.text:Interrupt_enableGlobal</name>
         <load_address>0x89309</load_address>
         <run_address>0x89309</run_address>
         <size>0xd</size>
         <input_file_ref idref="fl-32"/>
      </object_component>
      <object_component id="oc-69">
         <name>.text:decompress:ZI:__TI_zero_init_nomemset</name>
         <load_address>0x89316</load_address>
         <run_address>0x89316</run_address>
         <size>0xd</size>
         <input_file_ref idref="fl-50"/>
      </object_component>
      <object_component id="oc-1f8">
         <name>.text</name>
         <load_address>0x89323</load_address>
         <run_address>0x89323</run_address>
         <size>0xc</size>
         <input_file_ref idref="fl-55"/>
      </object_component>
      <object_component id="oc-482">
         <name>.text</name>
         <load_address>0x8932f</load_address>
         <run_address>0x8932f</run_address>
         <size>0xc</size>
         <input_file_ref idref="fl-5c"/>
      </object_component>
      <object_component id="oc-27e">
         <name>.text:SysCtl_isMCDClockFailureDetected</name>
         <load_address>0x8933b</load_address>
         <run_address>0x8933b</run_address>
         <size>0xb</size>
         <input_file_ref idref="fl-35"/>
      </object_component>
      <object_component id="oc-424">
         <name>.text</name>
         <load_address>0x89346</load_address>
         <run_address>0x89346</run_address>
         <size>0xb</size>
         <input_file_ref idref="fl-57"/>
      </object_component>
      <object_component id="oc-533">
         <name>.text</name>
         <load_address>0x89351</load_address>
         <run_address>0x89351</run_address>
         <size>0xb</size>
         <input_file_ref idref="fl-7c"/>
      </object_component>
      <object_component id="oc-4f">
         <name>.text:Interrupt_illegalOperationHandler</name>
         <load_address>0x8935c</load_address>
         <run_address>0x8935c</run_address>
         <size>0xa</size>
         <input_file_ref idref="fl-32"/>
      </object_component>
      <object_component id="oc-55">
         <name>.text:Interrupt_nmiHandler</name>
         <load_address>0x89366</load_address>
         <run_address>0x89366</run_address>
         <size>0xa</size>
         <input_file_ref idref="fl-32"/>
      </object_component>
      <object_component id="oc-43c">
         <name>.text</name>
         <load_address>0x89370</load_address>
         <run_address>0x89370</run_address>
         <size>0xa</size>
         <input_file_ref idref="fl-5d"/>
      </object_component>
      <object_component id="oc-28a">
         <name>.text:SysCtl_serviceWatchdog</name>
         <load_address>0x8937a</load_address>
         <run_address>0x8937a</run_address>
         <size>0x9</size>
         <input_file_ref idref="fl-35"/>
      </object_component>
      <object_component id="oc-380">
         <name>.text</name>
         <load_address>0x89383</load_address>
         <run_address>0x89383</run_address>
         <size>0x9</size>
         <input_file_ref idref="fl-54"/>
      </object_component>
      <object_component id="oc-581">
         <name>.text</name>
         <load_address>0x8938c</load_address>
         <run_address>0x8938c</run_address>
         <size>0x9</size>
         <input_file_ref idref="fl-6b"/>
      </object_component>
      <object_component id="oc-75">
         <name>.text</name>
         <load_address>0x89395</load_address>
         <run_address>0x89395</run_address>
         <size>0x8</size>
         <input_file_ref idref="fl-22"/>
      </object_component>
      <object_component id="oc-25">
         <name>.text:decompress:none</name>
         <load_address>0x8939d</load_address>
         <run_address>0x8939d</run_address>
         <size>0x8</size>
         <input_file_ref idref="fl-51"/>
      </object_component>
      <object_component id="oc-430">
         <name>.text</name>
         <load_address>0x893a5</load_address>
         <run_address>0x893a5</run_address>
         <size>0x8</size>
         <input_file_ref idref="fl-5e"/>
      </object_component>
      <object_component id="oc-3ba">
         <name>.text:SysCtl_resetMCD</name>
         <load_address>0x893ad</load_address>
         <run_address>0x893ad</run_address>
         <size>0x7</size>
         <input_file_ref idref="fl-35"/>
      </object_component>
      <object_component id="oc-111">
         <name>.text</name>
         <load_address>0x893b4</load_address>
         <run_address>0x893b4</run_address>
         <size>0x7</size>
         <input_file_ref idref="fl-5b"/>
      </object_component>
      <object_component id="oc-510">
         <name>.text</name>
         <load_address>0x893bb</load_address>
         <run_address>0x893bb</run_address>
         <size>0x5</size>
         <input_file_ref idref="fl-79"/>
      </object_component>
      <object_component id="oc-488">
         <name>.text</name>
         <load_address>0x893c0</load_address>
         <run_address>0x893c0</run_address>
         <size>0x4</size>
         <input_file_ref idref="fl-56"/>
      </object_component>
      <object_component id="oc-1f1">
         <name>.text</name>
         <load_address>0x893c4</load_address>
         <run_address>0x893c4</run_address>
         <size>0x2</size>
         <input_file_ref idref="fl-4e"/>
      </object_component>
      <object_component id="oc-2c">
         <name>codestart</name>
         <load_address>0x84000</load_address>
         <run_address>0x84000</run_address>
         <size>0x2</size>
         <input_file_ref idref="fl-22"/>
      </object_component>
      <object_component id="oc-5b">
         <name>.stack</name>
         <uninitialized>true</uninitialized>
         <run_address>0x122</run_address>
         <size>0x0</size>
         <input_file_ref idref="fl-43"/>
      </object_component>
      <object_component id="oc-652">
         <name>.stack</name>
         <uninitialized>true</uninitialized>
         <run_address>0x122</run_address>
         <size>0x0</size>
      </object_component>
      <object_component id="oc-3ca">
         <name>.bss:buffer$1</name>
         <uninitialized>true</uninitialized>
         <run_address>0x8000</run_address>
         <size>0x60</size>
         <input_file_ref idref="fl-6"/>
      </object_component>
      <object_component id="oc-493">
         <name>.bss:g_elmoRxBuf</name>
         <uninitialized>true</uninitialized>
         <run_address>0x8060</run_address>
         <size>0x60</size>
         <input_file_ref idref="fl-d"/>
      </object_component>
      <object_component id="oc-452">
         <name>.bss</name>
         <uninitialized>true</uninitialized>
         <run_address>0x80c0</run_address>
         <size>0x2</size>
         <input_file_ref idref="fl-5a"/>
      </object_component>
      <object_component id="oc-81">
         <name>.data</name>
         <load_address>0xc500</load_address>
         <run_address>0xc500</run_address>
         <size>0x36</size>
         <input_file_ref idref="fl-4"/>
      </object_component>
      <object_component id="oc-3e3">
         <name>.data</name>
         <load_address>0xc480</load_address>
         <run_address>0xc480</run_address>
         <size>0x72</size>
         <input_file_ref idref="fl-6"/>
      </object_component>
      <object_component id="oc-3e0">
         <name>.data:commands</name>
         <load_address>0xc300</load_address>
         <run_address>0xc300</run_address>
         <size>0x150</size>
         <input_file_ref idref="fl-6"/>
      </object_component>
      <object_component id="oc-3f6">
         <name>.data</name>
         <load_address>0xc4f8</load_address>
         <run_address>0xc4f8</run_address>
         <size>0x6</size>
         <input_file_ref idref="fl-9"/>
      </object_component>
      <object_component id="oc-476">
         <name>.data</name>
         <load_address>0xc53c</load_address>
         <run_address>0xc53c</run_address>
         <size>0x4</size>
         <input_file_ref idref="fl-b"/>
      </object_component>
      <object_component id="oc-8a">
         <name>.data</name>
         <load_address>0xc450</load_address>
         <run_address>0xc450</run_address>
         <size>0x1a</size>
         <input_file_ref idref="fl-c"/>
      </object_component>
      <object_component id="oc-499">
         <name>.data</name>
         <load_address>0xc574</load_address>
         <run_address>0xc574</run_address>
         <size>0x4</size>
         <input_file_ref idref="fl-d"/>
      </object_component>
      <object_component id="oc-126">
         <name>.data</name>
         <load_address>0xc46a</load_address>
         <run_address>0xc46a</run_address>
         <size>0x14</size>
         <input_file_ref idref="fl-e"/>
      </object_component>
      <object_component id="oc-129">
         <name>.data</name>
         <load_address>0xc540</load_address>
         <run_address>0xc540</run_address>
         <size>0x12</size>
         <input_file_ref idref="fl-10"/>
      </object_component>
      <object_component id="oc-12c">
         <name>.data</name>
         <load_address>0xc552</load_address>
         <run_address>0xc552</run_address>
         <size>0x12</size>
         <input_file_ref idref="fl-11"/>
      </object_component>
      <object_component id="oc-123">
         <name>.data</name>
         <load_address>0xc564</load_address>
         <run_address>0xc564</run_address>
         <size>0x10</size>
         <input_file_ref idref="fl-12"/>
      </object_component>
      <object_component id="oc-153">
         <name>.data</name>
         <load_address>0xc4f2</load_address>
         <run_address>0xc4f2</run_address>
         <size>0x6</size>
         <input_file_ref idref="fl-23"/>
      </object_component>
      <object_component id="oc-301">
         <name>.data</name>
         <load_address>0xc536</load_address>
         <run_address>0xc536</run_address>
         <size>0x6</size>
         <input_file_ref idref="fl-53"/>
      </object_component>
      <object_component id="oc-304">
         <name>.data:_lock</name>
         <load_address>0xc47e</load_address>
         <run_address>0xc47e</run_address>
         <size>0x2</size>
         <input_file_ref idref="fl-54"/>
      </object_component>
      <object_component id="oc-3f9">
         <name>.data:_unlock</name>
         <load_address>0xc4fe</load_address>
         <run_address>0xc4fe</run_address>
         <size>0x2</size>
         <input_file_ref idref="fl-54"/>
      </object_component>
      <object_component id="oc-455">
         <name>.data</name>
         <load_address>0xc579</load_address>
         <run_address>0xc579</run_address>
         <size>0x1</size>
         <input_file_ref idref="fl-5a"/>
      </object_component>
      <object_component id="oc-4c9">
         <name>.data</name>
         <load_address>0xc578</load_address>
         <run_address>0xc578</run_address>
         <size>0x1</size>
         <input_file_ref idref="fl-64"/>
      </object_component>
      <object_component id="oc-5c">
         <name>.sysmem</name>
         <uninitialized>true</uninitialized>
         <run_address>0xc000</run_address>
         <size>0x4</size>
         <input_file_ref idref="fl-5a"/>
      </object_component>
      <object_component id="oc-653">
         <name>.sysmem</name>
         <uninitialized>true</uninitialized>
         <run_address>0xc000</run_address>
         <size>0x0</size>
      </object_component>
      <object_component id="oc-8d">
         <name>.const:.string</name>
         <load_address>0x894f0</load_address>
         <run_address>0x894f0</run_address>
         <size>0x2b8</size>
         <input_file_ref idref="fl-2"/>
      </object_component>
      <object_component id="oc-3c9">
         <name>.const:.string</name>
         <load_address>0x897a8</load_address>
         <run_address>0x897a8</run_address>
         <size>0x14a</size>
         <input_file_ref idref="fl-6"/>
      </object_component>
      <object_component id="oc-4ba">
         <name>.const:.string:_ctypes_</name>
         <load_address>0x898f2</load_address>
         <run_address>0x898f2</run_address>
         <size>0x101</size>
         <input_file_ref idref="fl-77"/>
      </object_component>
      <object_component id="oc-27d">
         <name>.const:.string</name>
         <load_address>0x899f4</load_address>
         <run_address>0x899f4</run_address>
         <size>0xc2</size>
         <input_file_ref idref="fl-35"/>
      </object_component>
      <object_component id="oc-23c">
         <name>.const:.string</name>
         <load_address>0x89ab6</load_address>
         <run_address>0x89ab6</run_address>
         <size>0xbf</size>
         <input_file_ref idref="fl-2f"/>
      </object_component>
      <object_component id="oc-47b">
         <name>.const:.string</name>
         <load_address>0x89b76</load_address>
         <run_address>0x89b76</run_address>
         <size>0xbd</size>
         <input_file_ref idref="fl-d"/>
      </object_component>
      <object_component id="oc-160">
         <name>.const:.string</name>
         <load_address>0x89c34</load_address>
         <run_address>0x89c34</run_address>
         <size>0xbc</size>
         <input_file_ref idref="fl-30"/>
      </object_component>
      <object_component id="oc-17e">
         <name>.const:.string</name>
         <load_address>0x89cf0</load_address>
         <run_address>0x89cf0</run_address>
         <size>0xbb</size>
         <input_file_ref idref="fl-2d"/>
      </object_component>
      <object_component id="oc-1b7">
         <name>.const:.string</name>
         <load_address>0x89dac</load_address>
         <run_address>0x89dac</run_address>
         <size>0xbb</size>
         <input_file_ref idref="fl-33"/>
      </object_component>
      <object_component id="oc-1d3">
         <name>.const:.string</name>
         <load_address>0x89e68</load_address>
         <run_address>0x89e68</run_address>
         <size>0xbb</size>
         <input_file_ref idref="fl-34"/>
      </object_component>
      <object_component id="oc-11e">
         <name>.const:.string</name>
         <load_address>0x89f24</load_address>
         <run_address>0x89f24</run_address>
         <size>0x9d</size>
         <input_file_ref idref="fl-8"/>
      </object_component>
      <object_component id="oc-2b6">
         <name>.const:.string</name>
         <load_address>0x89fc2</load_address>
         <run_address>0x89fc2</run_address>
         <size>0x63</size>
         <input_file_ref idref="fl-32"/>
      </object_component>
      <object_component id="oc-18f">
         <name>.const:.string</name>
         <load_address>0x8a026</load_address>
         <run_address>0x8a026</run_address>
         <size>0x62</size>
         <input_file_ref idref="fl-2e"/>
      </object_component>
      <object_component id="oc-169">
         <name>.const:.string</name>
         <load_address>0x8a088</load_address>
         <run_address>0x8a088</run_address>
         <size>0x5d</size>
         <input_file_ref idref="fl-2c"/>
      </object_component>
      <object_component id="oc-19a">
         <name>.const:.string</name>
         <load_address>0x8a0e6</load_address>
         <run_address>0x8a0e6</run_address>
         <size>0x5d</size>
         <input_file_ref idref="fl-31"/>
      </object_component>
      <object_component id="oc-41d">
         <name>.const:.string</name>
         <load_address>0x8a144</load_address>
         <run_address>0x8a144</run_address>
         <size>0x5c</size>
         <input_file_ref idref="fl-5"/>
      </object_component>
      <object_component id="oc-460">
         <name>.const:.string</name>
         <load_address>0x8a1a0</load_address>
         <run_address>0x8a1a0</run_address>
         <size>0x56</size>
         <input_file_ref idref="fl-b"/>
      </object_component>
      <object_component id="oc-361">
         <name>.const:.string</name>
         <load_address>0x8a1f6</load_address>
         <run_address>0x8a1f6</run_address>
         <size>0x51</size>
         <input_file_ref idref="fl-4"/>
      </object_component>
      <object_component id="oc-3f5">
         <name>.const:.string</name>
         <load_address>0x8a248</load_address>
         <run_address>0x8a248</run_address>
         <size>0x4d</size>
         <input_file_ref idref="fl-9"/>
      </object_component>
      <object_component id="oc-573">
         <name>.const:digits</name>
         <load_address>0x8a296</load_address>
         <run_address>0x8a296</run_address>
         <size>0x40</size>
         <input_file_ref idref="fl-60"/>
      </object_component>
      <object_component id="oc-3d7">
         <name>.const:$P$T0$2</name>
         <load_address>0x8a2d6</load_address>
         <run_address>0x8a2d6</run_address>
         <size>0x30</size>
         <input_file_ref idref="fl-6"/>
      </object_component>
      <object_component id="oc-50f">
         <name>.const:.string</name>
         <load_address>0x8a306</load_address>
         <run_address>0x8a306</run_address>
         <size>0x26</size>
         <input_file_ref idref="fl-68"/>
      </object_component>
      <object_component id="oc-14c">
         <name>.const:.string</name>
         <load_address>0x8a32c</load_address>
         <run_address>0x8a32c</run_address>
         <size>0x13</size>
         <input_file_ref idref="fl-23"/>
      </object_component>
      <object_component id="oc-467">
         <name>.const</name>
         <load_address>0x8a340</load_address>
         <run_address>0x8a340</run_address>
         <size>0x26</size>
         <input_file_ref idref="fl-b"/>
      </object_component>
      <object_component id="oc-21c">
         <name>.const:.string</name>
         <load_address>0x8a366</load_address>
         <run_address>0x8a366</run_address>
         <size>0xd</size>
         <input_file_ref idref="fl-10"/>
      </object_component>
      <object_component id="oc-4c0">
         <name>.const:powerof10</name>
         <load_address>0x8a374</load_address>
         <run_address>0x8a374</run_address>
         <size>0xc</size>
         <input_file_ref idref="fl-61"/>
      </object_component>
      <object_component id="oc-496">
         <name>.const</name>
         <load_address>0x8a380</load_address>
         <run_address>0x8a380</run_address>
         <size>0x26</size>
         <input_file_ref idref="fl-d"/>
      </object_component>
      <object_component id="oc-586">
         <name>.const:powerof10</name>
         <load_address>0x8a3a6</load_address>
         <run_address>0x8a3a6</run_address>
         <size>0x24</size>
         <input_file_ref idref="fl-60"/>
      </object_component>
      <object_component id="oc-4bd">
         <name>.const:digits</name>
         <load_address>0x8a3ca</load_address>
         <run_address>0x8a3ca</run_address>
         <size>0x20</size>
         <input_file_ref idref="fl-61"/>
      </object_component>
      <object_component id="oc-5a7">
         <name>.const</name>
         <load_address>0x8a3ea</load_address>
         <run_address>0x8a3ea</run_address>
         <size>0x1c</size>
         <input_file_ref idref="fl-68"/>
      </object_component>
      <object_component id="oc-5dc">
         <name>.const</name>
         <load_address>0x8a406</load_address>
         <run_address>0x8a406</run_address>
         <size>0x1c</size>
         <input_file_ref idref="fl-66"/>
      </object_component>
      <object_component id="oc-580">
         <name>.const</name>
         <load_address>0x8a422</load_address>
         <run_address>0x8a422</run_address>
         <size>0xc</size>
         <input_file_ref idref="fl-60"/>
      </object_component>
      <object_component id="oc-212">
         <name>.const:.string</name>
         <load_address>0x8a42e</load_address>
         <run_address>0x8a42e</run_address>
         <size>0xa</size>
         <input_file_ref idref="fl-e"/>
      </object_component>
      <object_component id="oc-226">
         <name>.const:.string</name>
         <load_address>0x8a438</load_address>
         <run_address>0x8a438</run_address>
         <size>0xa</size>
         <input_file_ref idref="fl-11"/>
      </object_component>
      <object_component id="oc-208">
         <name>.const:.string</name>
         <load_address>0x8a442</load_address>
         <run_address>0x8a442</run_address>
         <size>0x9</size>
         <input_file_ref idref="fl-12"/>
      </object_component>
      <object_component id="oc-321">
         <name>.const</name>
         <load_address>0x8a44c</load_address>
         <run_address>0x8a44c</run_address>
         <size>0x8</size>
         <input_file_ref idref="fl-e"/>
      </object_component>
      <object_component id="oc-600">
         <name>.const</name>
         <load_address>0x8a454</load_address>
         <run_address>0x8a454</run_address>
         <size>0x8</size>
         <input_file_ref idref="fl-7b"/>
      </object_component>
      <object_component id="oc-134">
         <name>.TI.ramfunc:Flash_initModule</name>
         <load_address>0x893c8</load_address>
         <run_address>0x9000</run_address>
         <size>0x43</size>
         <input_file_ref idref="fl-2f"/>
      </object_component>
      <object_component id="oc-249">
         <name>.TI.ramfunc:Flash_setBankPowerMode</name>
         <load_address>0x8940b</load_address>
         <run_address>0x9043</run_address>
         <size>0x2c</size>
         <input_file_ref idref="fl-2f"/>
      </object_component>
      <object_component id="oc-261">
         <name>.TI.ramfunc:Flash_setWaitstates</name>
         <load_address>0x89437</load_address>
         <run_address>0x906f</run_address>
         <size>0x24</size>
         <input_file_ref idref="fl-2f"/>
      </object_component>
      <object_component id="oc-24f">
         <name>.TI.ramfunc:Flash_setPumpPowerMode</name>
         <load_address>0x8945b</load_address>
         <run_address>0x9093</run_address>
         <size>0x1d</size>
         <input_file_ref idref="fl-2f"/>
      </object_component>
      <object_component id="oc-255">
         <name>.TI.ramfunc:Flash_disableCache</name>
         <load_address>0x89478</load_address>
         <run_address>0x90b0</run_address>
         <size>0x18</size>
         <input_file_ref idref="fl-2f"/>
      </object_component>
      <object_component id="oc-25b">
         <name>.TI.ramfunc:Flash_disablePrefetch</name>
         <load_address>0x89490</load_address>
         <run_address>0x90c8</run_address>
         <size>0x18</size>
         <input_file_ref idref="fl-2f"/>
      </object_component>
      <object_component id="oc-267">
         <name>.TI.ramfunc:Flash_enableCache</name>
         <load_address>0x894a8</load_address>
         <run_address>0x90e0</run_address>
         <size>0x17</size>
         <input_file_ref idref="fl-2f"/>
      </object_component>
      <object_component id="oc-26d">
         <name>.TI.ramfunc:Flash_enablePrefetch</name>
         <load_address>0x894bf</load_address>
         <run_address>0x90f7</run_address>
         <size>0x17</size>
         <input_file_ref idref="fl-2f"/>
      </object_component>
      <object_component id="oc-273">
         <name>.TI.ramfunc:Flash_enableECC</name>
         <load_address>0x894d6</load_address>
         <run_address>0x910e</run_address>
         <size>0x16</size>
         <input_file_ref idref="fl-2f"/>
      </object_component>
      <object_component id="oc-ac">
         <name>.TI.ramfunc</name>
         <load_address>0x894ec</load_address>
         <run_address>0x9124</run_address>
         <size>0x4</size>
         <input_file_ref idref="fl-35"/>
      </object_component>
      <object_component id="oc-fc">
         <name>.debug_types</name>
         <load_address>0x0</load_address>
         <run_address>0x0</run_address>
         <size>0x390c</size>
[...]
         <value>0x88366</value>
         <object_component_ref idref="oc-461"/>
      </symbol>
      <symbol id="sm-58d">
         <name>CAN_setBitTiming</name>
         <value>0x88515</value>
         <object_component_ref idref="oc-b3"/>
      </symbol>
      <symbol id="sm-58e">
         <name>CAN_clearInterruptStatus</name>
         <value>0x88a3a</value>
         <object_component_ref idref="oc-470"/>
      </symbol>
      <symbol id="sm-58f">
         <name>CAN_setupMessageObject</name>
         <value>0x87d3f</value>
         <object_component_ref idref="oc-b9"/>
      </symbol>
      <symbol id="sm-590">
         <name>CAN_initModule</name>
         <value>0x88ffa</value>
         <object_component_ref idref="oc-ad"/>
      </symbol>
      <symbol id="sm-591">
         <name>CAN_readMessage</name>
         <value>0x884af</value>
         <object_component_ref idref="oc-46a"/>
      </symbol>
      <symbol id="sm-5ab">
         <name>CPUTimer_setEmulationMode</name>
         <value>0x89213</value>
         <object_component_ref idref="oc-bf"/>
      </symbol>
      <symbol id="sm-625">
         <name>Flash_initModule</name>
         <value>0x9000</value>
         <object_component_ref idref="oc-134"/>
      </symbol>
      <symbol id="sm-681">
         <name>GPIO_setQualificationMode</name>
         <value>0x88bae</value>
         <object_component_ref idref="oc-a0"/>
      </symbol>
      <symbol id="sm-682">
         <name>GPIO_setPadConfig</name>
         <value>0x888b4</value>
         <object_component_ref idref="oc-9a"/>
      </symbol>
      <symbol id="sm-683">
         <name>GPIO_setInterruptPin</name>
         <value>0x88c1c</value>
         <object_component_ref idref="oc-f5"/>
      </symbol>
      <symbol id="sm-684">
         <name>GPIO_setDirectionMode</name>
         <value>0x88c84</value>
         <object_component_ref idref="oc-c5"/>
      </symbol>
      <symbol id="sm-685">
         <name>GPIO_setPinConfig</name>
         <value>0x88b77</value>
         <object_component_ref idref="oc-94"/>
      </symbol>
      <symbol id="sm-686">
         <name>GPIO_setControllerCore</name>
         <value>0x88b40</value>
         <object_component_ref idref="oc-cb"/>
      </symbol>
      <symbol id="sm-6a8">
         <name>I2C_initController</name>
         <value>0x88579</value>
         <object_component_ref idref="oc-d1"/>
      </symbol>
      <symbol id="sm-721">
         <name>Interrupt_defaultHandler</name>
         <value>0x891a8</value>
         <object_component_ref idref="oc-43"/>
      </symbol>
      <symbol id="sm-722">
         <name>Interrupt_disable</name>
         <value>0x88957</value>
         <object_component_ref idref="oc-dd"/>
      </symbol>
      <symbol id="sm-723">
         <name>Interrupt_initModule</name>
         <value>0x88b03</value>
         <object_component_ref idref="oc-362"/>
      </symbol>
      <symbol id="sm-724">
         <name>Interrupt_nmiHandler</name>
         <value>0x89366</value>
         <object_component_ref idref="oc-55"/>
      </symbol>
      <symbol id="sm-725">
         <name>Interrupt_enable</name>
         <value>0x88be5</value>
         <object_component_ref idref="oc-d7"/>
      </symbol>
      <symbol id="sm-726">
         <name>Interrupt_initVectorTable</name>
         <value>0x88f84</value>
         <object_component_ref idref="oc-44"/>
      </symbol>
      <symbol id="sm-727">
         <name>Interrupt_illegalOperationHandler</name>
         <value>0x8935c</value>
         <object_component_ref idref="oc-4f"/>
      </symbol>
      <symbol id="sm-76b">
         <name>SCI_clearInterruptStatus</name>
         <value>0x88a80</value>
         <object_component_ref idref="oc-e3"/>
      </symbol>
      <symbol id="sm-76c">
         <name>SCI_setConfig</name>
         <value>0x88ac5</value>
         <object_component_ref idref="oc-e9"/>
      </symbol>
      <symbol id="sm-78c">
         <name>SPI_setConfig</name>
         <value>0x8869b</value>
         <object_component_ref idref="oc-ef"/>
      </symbol>
      <symbol id="sm-865">
         <name>SysCtl_delay</name>
         <value>0x9124</value>
         <object_component_ref idref="oc-ac"/>
      </symbol>
      <symbol id="sm-866">
         <name>SysCtl_getDeviceParametric</name>
         <value>0x88447</value>
         <object_component_ref idref="oc-13a"/>
      </symbol>
      <symbol id="sm-867">
         <name>SysCtl_selectXTAL</name>
         <value>0x88032</value>
         <object_component_ref idref="oc-340"/>
      </symbol>
      <symbol id="sm-868">
         <name>SysCtl_selectOscSource</name>
         <value>0x889f2</value>
         <object_component_ref idref="oc-284"/>
      </symbol>
      <symbol id="sm-869">
         <name>SysCtl_getLowSpeedClock</name>
         <value>0x890d3</value>
         <object_component_ref idref="oc-14d"/>
      </symbol>
      <symbol id="sm-86a">
         <name>SysCtl_setClock</name>
         <value>0x87459</value>
         <object_component_ref idref="oc-140"/>
      </symbol>
      <symbol id="sm-86b">
         <name>SysCtl_getClock</name>
         <value>0x88906</value>
         <object_component_ref idref="oc-146"/>
      </symbol>
      <symbol id="sm-880">
         <name>snprintf</name>
         <value>0x887ab</value>
         <object_component_ref idref="oc-47c"/>
      </symbol>
      <symbol id="sm-895">
         <name>vsnprintf</name>
         <value>0x8885d</value>
         <object_component_ref idref="oc-3cb"/>
      </symbol>
      <symbol id="sm-89f">
         <name>_c_int00</name>
         <value>0x8917a</value>
         <object_component_ref idref="oc-118"/>
      </symbol>
      <symbol id="sm-8a0">
         <name>__stack</name>
         <value>0x122</value>
         <object_component_ref idref="oc-5b"/>
      </symbol>
      <symbol id="sm-8ac">
         <name>__c28xabi_cmpd</name>
         <value>0x88dd0</value>
         <object_component_ref idref="oc-317"/>
      </symbol>
      <symbol id="sm-8b9">
         <name>__c28xabi_divf</name>
         <value>0x881dc</value>
         <object_component_ref idref="oc-290"/>
      </symbol>
      <symbol id="sm-8c3">
         <name>__c28xabi_cmpll</name>
         <value>0x88fa2</value>
         <object_component_ref idref="oc-524"/>
      </symbol>
      <symbol id="sm-8c4">
         <name>__c28xabi_cmpull</name>
         <value>0x88fb4</value>
         <object_component_ref idref="oc-524"/>
      </symbol>
      <symbol id="sm-8d2">
         <name>__c28xabi_utod</name>
         <value>0x89191</value>
         <object_component_ref idref="oc-312"/>
      </symbol>
      <symbol id="sm-8de">
         <name>__c28xabi_ltod</name>
         <value>0x89032</value>
         <object_component_ref idref="oc-30d"/>
      </symbol>
      <symbol id="sm-8e6">
         <name>__c28xabi_divul</name>
         <value>0x88e17</value>
         <object_component_ref idref="oc-5f7"/>
      </symbol>
      <symbol id="sm-8e7">
         <name>__c28xabi_modul</name>
         <value>0x88e1e</value>
         <object_component_ref idref="oc-5f7"/>
      </symbol>
      <symbol id="sm-8e8">
         <name>__c28xabi_modl</name>
         <value>0x88e09</value>
         <object_component_ref idref="oc-5f7"/>
      </symbol>
      <symbol id="sm-8e9">
         <name>__c28xabi_divl</name>
         <value>0x88dfa</value>
         <object_component_ref idref="oc-5f7"/>
      </symbol>
      <symbol id="sm-8f5">
         <name>__c28xabi_ftod</name>
         <value>0x89016</value>
         <object_component_ref idref="oc-31c"/>
      </symbol>
      <symbol id="sm-901">
         <name>__c28xabi_dtof</name>
         <value>0x88ebf</value>
         <object_component_ref idref="oc-48e"/>
      </symbol>
      <symbol id="sm-913">
         <name>memcpy</name>
         <value>0x88fdd</value>
         <object_component_ref idref="oc-61"/>
      </symbol>
      <symbol id="sm-920">
         <name>_system_pre_init</name>
         <value>0x893c4</value>
         <object_component_ref idref="oc-1f1"/>
      </symbol>
      <symbol id="sm-92f">
         <name>__TI_auto_init_nobinit_nopinit</name>
         <value>0x88da5</value>
         <object_component_ref idref="oc-2c9"/>
      </symbol>
      <symbol id="sm-93e">
         <name>__TI_zero_init_nomemset</name>
         <value>0x89316</value>
         <object_component_ref idref="oc-69"/>
      </symbol>
      <symbol id="sm-94b">
         <name>__TI_decompress_none</name>
         <value>0x8939d</value>
         <object_component_ref idref="oc-25"/>
      </symbol>
      <symbol id="sm-95f">
         <name>__TI_decompress_lzss</name>
         <value>0x88ce6</value>
         <object_component_ref idref="oc-1f"/>
      </symbol>
      <symbol id="sm-975">
         <name>C$$EXIT</name>
         <value>0x88e24</value>
         <object_component_ref idref="oc-1fe"/>
      </symbol>
      <symbol id="sm-976">
         <name>abort</name>
         <value>0x88e24</value>
         <object_component_ref idref="oc-1fe"/>
      </symbol>
      <symbol id="sm-977">
         <name>exit</name>
         <value>0x88e26</value>
         <object_component_ref idref="oc-1fe"/>
      </symbol>
      <symbol id="sm-978">
         <name>__TI_dtors_ptr</name>
         <value>0xc53a</value>
         <object_component_ref idref="oc-301"/>
      </symbol>
      <symbol id="sm-979">
         <name>__TI_cleanup_ptr</name>
         <value>0xc538</value>
         <object_component_ref idref="oc-301"/>
      </symbol>
      <symbol id="sm-97a">
         <name>__TI_enable_exit_profile_output</name>
         <value>0xc536</value>
         <object_component_ref idref="oc-301"/>
      </symbol>
      <symbol id="sm-991">
         <name>_nop</name>
         <value>0x8938b</value>
         <object_component_ref idref="oc-380"/>
      </symbol>
      <symbol id="sm-992">
         <name>_lock</name>
         <value>0xc47e</value>
         <object_component_ref idref="oc-304"/>
      </symbol>
      <symbol id="sm-993">
         <name>_unlock</name>
         <value>0xc4fe</value>
         <object_component_ref idref="oc-3f9"/>
      </symbol>
      <symbol id="sm-994">
         <name>_register_lock</name>
         <value>0x89387</value>
         <object_component_ref idref="oc-380"/>
      </symbol>
      <symbol id="sm-995">
         <name>_register_unlock</name>
         <value>0x89383</value>
         <object_component_ref idref="oc-380"/>
      </symbol>
      <symbol id="sm-9a4">
         <name>_args_main</name>
         <value>0x89323</value>
         <object_component_ref idref="oc-1f8"/>
      </symbol>
      <symbol id="sm-9b1">
         <name>atof</name>
         <value>0x893c0</value>
         <object_component_ref idref="oc-488"/>
      </symbol>
      <symbol id="sm-9be">
         <name>isspace</name>
         <value>0x89346</value>
         <object_component_ref idref="oc-424"/>
      </symbol>
      <symbol id="sm-9d0">
         <name>memmove</name>
         <value>0x88f25</value>
         <object_component_ref idref="oc-448"/>
      </symbol>
      <symbol id="sm-a37">
         <name>_sys_memory</name>
         <value>0xc000</value>
         <object_component_ref idref="oc-5c"/>
      </symbol>
      <symbol id="sm-a38">
         <name>free</name>
         <value>0x868a1</value>
         <object_component_ref idref="oc-3da"/>
      </symbol>
      <symbol id="sm-a39">
         <name>__TI_heap_total_available</name>
         <value>0x86ace</value>
         <object_component_ref idref="oc-3da"/>
      </symbol>
      <symbol id="sm-a3a">
         <name>__TI_heap_largest_available</name>
         <value>0x86aed</value>
         <object_component_ref idref="oc-3da"/>
      </symbol>
      <symbol id="sm-a3b">
         <name>realloc</name>
         <value>0x8696b</value>
         <object_component_ref idref="oc-3da"/>
      </symbol>
      <symbol id="sm-a3c">
         <name>memalign</name>
         <value>0x86a20</value>
         <object_component_ref idref="oc-3da"/>
      </symbol>
      <symbol id="sm-a3d">
         <name>calloc</name>
         <value>0x869f3</value>
         <object_component_ref idref="oc-3da"/>
      </symbol>
      <symbol id="sm-a3e">
         <name>malloc</name>
         <value>0x86876</value>
         <object_component_ref idref="oc-3da"/>
      </symbol>
      <symbol id="sm-a3f">
         <name>__TI_heap_check</name>
         <value>0x86b0c</value>
         <object_component_ref idref="oc-3da"/>
      </symbol>
      <symbol id="sm-a40">
         <name>aligned_alloc</name>
         <value>0x86a20</value>
         <object_component_ref idref="oc-3da"/>
      </symbol>
      <symbol id="sm-a41">
         <name>minit</name>
         <value>0x869ef</value>
         <object_component_ref idref="oc-3da"/>
      </symbol>
      <symbol id="sm-a50">
         <name>memset</name>
         <value>0x893b4</value>
         <object_component_ref idref="oc-111"/>
      </symbol>
      <symbol id="sm-a60">
         <name>strchr</name>
         <value>0x8932f</value>
         <object_component_ref idref="oc-482"/>
      </symbol>
      <symbol id="sm-a6f">
         <name>strcmp</name>
         <value>0x89370</value>
         <object_component_ref idref="oc-43c"/>
      </symbol>
      <symbol id="sm-a7d">
         <name>strlen</name>
         <value>0x893a5</value>
         <object_component_ref idref="oc-430"/>
      </symbol>
      <symbol id="sm-a8d">
         <name>strncmp</name>
         <value>0x891d4</value>
         <object_component_ref idref="oc-442"/>
      </symbol>
      <symbol id="sm-afa">
         <name>strtold</name>
         <value>0x86b0e</value>
         <object_component_ref idref="oc-4fd"/>
      </symbol>
      <symbol id="sm-afb">
         <name>strtod</name>
         <value>0x86b0e</value>
         <object_component_ref idref="oc-4fd"/>
      </symbol>
      <symbol id="sm-b5e">
         <name>strtof</name>
         <value>0x87662</value>
         <object_component_ref idref="oc-41e"/>
      </symbol>
      <symbol id="sm-b84">
         <name>strtol</name>
         <value>0x87e1a</value>
         <object_component_ref idref="oc-42a"/>
      </symbol>
      <symbol id="sm-b91">
         <name>toupper</name>
         <value>0x892d1</value>
         <object_component_ref idref="oc-436"/>
      </symbol>
      <symbol id="sm-b9c">
         <name>errno</name>
         <value>0xc578</value>
         <object_component_ref idref="oc-4c9"/>
      </symbol>
      <symbol id="sm-bb0">
         <name>scalbnf</name>
         <value>0x88805</value>
         <object_component_ref idref="oc-4c3"/>
      </symbol>
      <symbol id="sm-bb1">
         <name>ldexpf</name>
         <value>0x88805</value>
         <object_component_ref idref="oc-4c3"/>
      </symbol>
      <symbol id="sm-bd3">
         <name>scalbn</name>
         <value>0x87eed</value>
         <object_component_ref idref="oc-58e"/>
      </symbol>
      <symbol id="sm-bd4">
         <name>scalbnl</name>
         <value>0x87eed</value>
         <object_component_ref idref="oc-58e"/>
      </symbol>
      <symbol id="sm-bd5">
         <name>ldexpl</name>
         <value>0x87eed</value>
         <object_component_ref idref="oc-58e"/>
      </symbol>
      <symbol id="sm-bd6">
         <name>ldexp</name>
         <value>0x87eed</value>
         <object_component_ref idref="oc-58e"/>
      </symbol>
      <symbol id="sm-be3">
         <name>copysignf</name>
         <value>0x89281</value>
         <object_component_ref idref="oc-548"/>
      </symbol>
      <symbol id="sm-d4b">
         <name>__TI_printfi</name>
         <value>0x85cc3</value>
         <object_component_ref idref="oc-4b1"/>
      </symbol>
      <symbol id="sm-d62">
         <name>__c28xabi_addd</name>
         <value>0x87f96</value>
         <object_component_ref idref="oc-57b"/>
      </symbol>
      <symbol id="sm-d70">
         <name>__c28xabi_mpyd</name>
         <value>0x88264</value>
         <object_component_ref idref="oc-576"/>
      </symbol>
      <symbol id="sm-d79">
         <name>__c28xabi_negd</name>
         <value>0x8938c</value>
         <object_component_ref idref="oc-581"/>
      </symbol>
      <symbol id="sm-d81">
         <name>__c28xabi_subd</name>
         <value>0x892ee</value>
         <object_component_ref idref="oc-5b3"/>
      </symbol>
      <symbol id="sm-d8c">
         <name>__c28xabi_dtoi</name>
         <value>0x88f04</value>
         <object_component_ref idref="oc-5b8"/>
      </symbol>
      <symbol id="sm-d97">
         <name>__c28xabi_dtol</name>
         <value>0x88f65</value>
         <object_component_ref idref="oc-5a8"/>
      </symbol>
      <symbol id="sm-d9f">
         <name>__c28xabi_orll</name>
         <value>0x89125</value>
         <object_component_ref idref="oc-52e"/>
      </symbol>
      <symbol id="sm-da0">
         <name>__c28xabi_xorll</name>
         <value>0x8912d</value>
         <object_component_ref idref="oc-52e"/>
      </symbol>
      <symbol id="sm-da1">
         <name>__c28xabi_andll</name>
         <value>0x8911d</value>
         <object_component_ref idref="oc-52e"/>
      </symbol>
      <symbol id="sm-dc8">
         <name>__c28xabi_modull</name>
         <value>0x87bf6</value>
         <object_component_ref idref="oc-529"/>
      </symbol>
      <symbol id="sm-dc9">
         <name>__c28xabi_divull</name>
         <value>0x87bc7</value>
         <object_component_ref idref="oc-529"/>
      </symbol>
      <symbol id="sm-dca">
         <name>__c28xabi_divll</name>
         <value>0x87b51</value>
         <object_component_ref idref="oc-529"/>
      </symbol>
      <symbol id="sm-dcb">
         <name>__c28xabi_modll</name>
         <value>0x87b8d</value>
         <object_component_ref idref="oc-529"/>
      </symbol>
      <symbol id="sm-dd7">
         <name>__c28xabi_itod</name>
         <value>0x88fc0</value>
         <object_component_ref idref="oc-5c3"/>
      </symbol>
      <symbol id="sm-dea">
         <name>__c28xabi_divd</name>
         <value>0x88151</value>
         <object_component_ref idref="oc-589"/>
      </symbol>
      <symbol id="sm-df8">
         <name>_system_post_cinit</name>
         <value>0x85171</value>
         <object_component_ref idref="oc-34c"/>
      </symbol>
      <symbol id="sm-e07">
         <name>__TI_ltoa</name>
         <value>0x88d46</value>
         <object_component_ref idref="oc-5ad"/>
      </symbol>
      <symbol id="sm-e1c">
         <name>atoi</name>
         <value>0x88cb5</value>
         <object_component_ref idref="oc-51e"/>
      </symbol>
      <symbol id="sm-e27">
         <name>_ctypes_</name>
         <value>0x898f2</value>
         <object_component_ref idref="oc-4ba"/>
      </symbol>
      <symbol id="sm-e37">
         <name>memccpy</name>
         <value>0x892b2</value>
         <object_component_ref idref="oc-516"/>
      </symbol>
      <symbol id="sm-e45">
         <name>strcpy</name>
         <value>0x893bb</value>
         <object_component_ref idref="oc-510"/>
      </symbol>
      <symbol id="sm-e53">
         <name>copysign</name>
         <value>0x88e9b</value>
         <object_component_ref idref="oc-5df"/>
      </symbol>
      <symbol id="sm-e54">
         <name>copysignl</name>
         <value>0x88e9b</value>
         <object_component_ref idref="oc-5df"/>
      </symbol>
      <symbol id="sm-e6b">
         <name>frexpl</name>
         <value>0x88751</value>
         <object_component_ref idref="oc-5bd"/>
      </symbol>
      <symbol id="sm-e6c">
         <name>frexp</name>
         <value>0x88751</value>
         <object_component_ref idref="oc-5bd"/>
      </symbol>
      <symbol id="sm-e7b">
         <name>wcslen</name>
         <value>0x89351</value>
         <object_component_ref idref="oc-533"/>
      </symbol>
      <symbol id="sm-e7d">
         <name>__c_args__</name>
         <value>0x0</value>
      </symbol>
   </symbol_table>
   <title>Link successful</title>
</link_info>
